Archive member included to satisfy reference by file (symbol)

c:/program files (x86)/microchip/xc32/v2.10/bin/bin/../../lib/gcc/pic32c/6.2.1/../../../../pic32c/lib/v7e-m/fpv5/hard\libpic32c.a(data_init.o)
                              build/sam_e70_xplained_ultra/debug/_ext/1171490990/startup.o (__pic32c_data_initialization)
c:/program files (x86)/microchip/xc32/v2.10/bin/bin/../../lib/gcc/pic32c/6.2.1/v7e-m/fpv5/hard\libgcc.a(_aeabi_uldivmod.o)
                              build/sam_e70_xplained_ultra/debug/_ext/1645245335/tfm.o (__aeabi_uldivmod)
c:/program files (x86)/microchip/xc32/v2.10/bin/bin/../../lib/gcc/pic32c/6.2.1/v7e-m/fpv5/hard\libgcc.a(_udivmoddi4.o)
                              c:/program files (x86)/microchip/xc32/v2.10/bin/bin/../../lib/gcc/pic32c/6.2.1/v7e-m/fpv5/hard\libgcc.a(_aeabi_uldivmod.o) (__udivmoddi4)
c:/program files (x86)/microchip/xc32/v2.10/bin/bin/../../lib/gcc/pic32c/6.2.1/v7e-m/fpv5/hard\libgcc.a(_dvmd_tls.o)
                              c:/program files (x86)/microchip/xc32/v2.10/bin/bin/../../lib/gcc/pic32c/6.2.1/v7e-m/fpv5/hard\libgcc.a(_aeabi_uldivmod.o) (__aeabi_ldiv0)
c:/program files (x86)/microchip/xc32/v2.10/bin/bin/../../lib/gcc/pic32c/6.2.1/../../../../pic32c/lib/v7e-m/fpv5/hard\libg.a(lib_a-exit.o)
                              c:/program files (x86)/microchip/xc32/v2.10/bin/bin/../../lib/gcc/pic32c/6.2.1/../../../../pic32c/lib/v7e-m/fpv5/hard/crt0.o (exit)
c:/program files (x86)/microchip/xc32/v2.10/bin/bin/../../lib/gcc/pic32c/6.2.1/../../../../pic32c/lib/v7e-m/fpv5/hard\libg.a(lib_a-gmtime.o)
                              build/sam_e70_xplained_ultra/debug/_ext/1645245335/asn.o (gmtime)
c:/program files (x86)/microchip/xc32/v2.10/bin/bin/../../lib/gcc/pic32c/6.2.1/../../../../pic32c/lib/v7e-m/fpv5/hard\libg.a(lib_a-gmtime_r.o)
                              c:/program files (x86)/microchip/xc32/v2.10/bin/bin/../../lib/gcc/pic32c/6.2.1/../../../../pic32c/lib/v7e-m/fpv5/hard\libg.a(lib_a-gmtime.o) (gmtime_r)
c:/program files (x86)/microchip/xc32/v2.10/bin/bin/../../lib/gcc/pic32c/6.2.1/../../../../pic32c/lib/v7e-m/fpv5/hard\libg.a(lib_a-impure.o)
                              c:/program files (x86)/microchip/xc32/v2.10/bin/bin/../../lib/gcc/pic32c/6.2.1/../../../../pic32c/lib/v7e-m/fpv5/hard\libg.a(lib_a-exit.o) (_global_impure_ptr)
c:/program files (x86)/microchip/xc32/v2.10/bin/bin/../../lib/gcc/pic32c/6.2.1/../../../../pic32c/lib/v7e-m/fpv5/hard\libg.a(lib_a-init.o)
                              c:/program files (x86)/microchip/xc32/v2.10/bin/bin/../../lib/gcc/pic32c/6.2.1/../../../../pic32c/lib/v7e-m/fpv5/hard/crt0.o (__libc_init_array)
c:/program files (x86)/microchip/xc32/v2.10/bin/bin/../../lib/gcc/pic32c/6.2.1/../../../../pic32c/lib/v7e-m/fpv5/hard\libg.a(lib_a-locale.o)
                              build/sam_e70_xplained_ultra/debug/_ext/1645245335/asn.o (__locale_ctype_ptr)
c:/program files (x86)/microchip/xc32/v2.10/bin/bin/../../lib/gcc/pic32c/6.2.1/../../../../pic32c/lib/v7e-m/fpv5/hard\libg.a(lib_a-malloc.o)
                              build/sam_e70_xplained_ultra/debug/_ext/1645245335/memory.o (malloc)
c:/program files (x86)/microchip/xc32/v2.10/bin/bin/../../lib/gcc/pic32c/6.2.1/../../../../pic32c/lib/v7e-m/fpv5/hard\libg.a(lib_a-mallocr.o)
                              c:/program files (x86)/microchip/xc32/v2.10/bin/bin/../../lib/gcc/pic32c/6.2.1/../../../../pic32c/lib/v7e-m/fpv5/hard\libg.a(lib_a-malloc.o) (_malloc_r)
c:/program files (x86)/microchip/xc32/v2.10/bin/bin/../../lib/gcc/pic32c/6.2.1/../../../../pic32c/lib/v7e-m/fpv5/hard\libg.a(lib_a-mbtowc_r.o)
                              c:/program files (x86)/microchip/xc32/v2.10/bin/bin/../../lib/gcc/pic32c/6.2.1/../../../../pic32c/lib/v7e-m/fpv5/hard\libg.a(lib_a-locale.o) (__ascii_mbtowc)
c:/program files (x86)/microchip/xc32/v2.10/bin/bin/../../lib/gcc/pic32c/6.2.1/../../../../pic32c/lib/v7e-m/fpv5/hard\libg.a(lib_a-memcmp.o)
                              build/sam_e70_xplained_ultra/debug/_ext/1645245335/asn.o (memcmp)
c:/program files (x86)/microchip/xc32/v2.10/bin/bin/../../lib/gcc/pic32c/6.2.1/../../../../pic32c/lib/v7e-m/fpv5/hard\libg.a(lib_a-memcpy.o)
                              build/sam_e70_xplained_ultra/debug/_ext/1645245335/asn.o (memcpy)
c:/program files (x86)/microchip/xc32/v2.10/bin/bin/../../lib/gcc/pic32c/6.2.1/../../../../pic32c/lib/v7e-m/fpv5/hard\libg.a(lib_a-memmove.o)
                              build/sam_e70_xplained_ultra/debug/_ext/1645245335/asn.o (memmove)
c:/program files (x86)/microchip/xc32/v2.10/bin/bin/../../lib/gcc/pic32c/6.2.1/../../../../pic32c/lib/v7e-m/fpv5/hard\libg.a(lib_a-memset.o)
                              c:/program files (x86)/microchip/xc32/v2.10/bin/bin/../../lib/gcc/pic32c/6.2.1/../../../../pic32c/lib/v7e-m/fpv5/hard/crt0.o (memset)
c:/program files (x86)/microchip/xc32/v2.10/bin/bin/../../lib/gcc/pic32c/6.2.1/../../../../pic32c/lib/v7e-m/fpv5/hard\libg.a(lib_a-mlock.o)
[...]
Memory Configuration

Name             Origin             Length             Attributes
rom              0x00400000         0x00200000         xr
ram              0x20400000         0x00060000         xrw
itcm             0x00000000         0x00000000         xrw
dtcm             0x20000000         0x00000000         xrw
*default*        0x00000000         0xffffffff
tcm              0x00000000         0xffffffff

Linker script and memory map

LOAD c:/program files (x86)/microchip/xc32/v2.10/bin/bin/../../lib/gcc/pic32c/6.2.1/v7e-m/fpv5/hard/crti.o
LOAD c:/program files (x86)/microchip/xc32/v2.10/bin/bin/../../lib/gcc/pic32c/6.2.1/v7e-m/fpv5/hard/crtbegin.o
LOAD c:/program files (x86)/microchip/xc32/v2.10/bin/bin/../../lib/gcc/pic32c/6.2.1/../../../../pic32c/lib/v7e-m/fpv5/hard/crt0.o
LOAD build/sam_e70_xplained_ultra/debug/_ext/1434821282/bsp.o
LOAD build/sam_e70_xplained_ultra/debug/_ext/60165520/plib_clk.o
LOAD build/sam_e70_xplained_ultra/debug/_ext/1865468468/plib_nvic.o
LOAD build/sam_e70_xplained_ultra/debug/_ext/60177924/plib_pio.o
LOAD build/sam_e70_xplained_ultra/debug/_ext/829342655/plib_tc1.o
LOAD build/sam_e70_xplained_ultra/debug/_ext/2001315827/plib_usart1.o
LOAD build/sam_e70_xplained_ultra/debug/_ext/163028504/xc32_monitor.o
LOAD build/sam_e70_xplained_ultra/debug/_ext/1832805299/sys_console.o
LOAD build/sam_e70_xplained_ultra/debug/_ext/1832805299/sys_console_uart.o
LOAD build/sam_e70_xplained_ultra/debug/_ext/1832805299/sys_debug.o
LOAD build/sam_e70_xplained_ultra/debug/_ext/1881668453/sys_int.o
LOAD build/sam_e70_xplained_ultra/debug/_ext/101884895/sys_time.o
LOAD build/sam_e70_xplained_ultra/debug/_ext/1171490990/initialization.o
LOAD build/sam_e70_xplained_ultra/debug/_ext/1171490990/interrupts.o
LOAD build/sam_e70_xplained_ultra/debug/_ext/1171490990/exceptions.o
LOAD build/sam_e70_xplained_ultra/debug/_ext/1171490990/startup.o
LOAD build/sam_e70_xplained_ultra/debug/_ext/1171490990/libc_syscalls.o
LOAD build/sam_e70_xplained_ultra/debug/_ext/1171490990/tasks.o
LOAD build/sam_e70_xplained_ultra/debug/_ext/1645245335/arc4.o
LOAD build/sam_e70_xplained_ultra/debug/_ext/1645245335/asm.o
LOAD build/sam_e70_xplained_ultra/debug/_ext/1645245335/asn.o
LOAD build/sam_e70_xplained_ultra/debug/_ext/1645245335/async.o
LOAD build/sam_e70_xplained_ultra/debug/_ext/1645245335/chacha.o
LOAD build/sam_e70_xplained_ultra/debug/_ext/1645245335/chacha20_poly1305.o
LOAD build/sam_e70_xplained_ultra/debug/_ext/1645245335/cmac.o
LOAD build/sam_e70_xplained_ultra/debug/_ext/1645245335/coding.o
LOAD build/sam_e70_xplained_ultra/debug/_ext/1645245335/compress.o
LOAD build/sam_e70_xplained_ultra/debug/_ext/1645245335/crypto.o
LOAD build/sam_e70_xplained_ultra/debug/_ext/1645245335/curve25519.o
LOAD build/sam_e70_xplained_ultra/debug/_ext/1645245335/des3.o
LOAD build/sam_e70_xplained_ultra/debug/_ext/1645245335/dh.o
LOAD build/sam_e70_xplained_ultra/debug/_ext/1645245335/dsa.o
LOAD build/sam_e70_xplained_ultra/debug/_ext/1645245335/ecc.o
LOAD build/sam_e70_xplained_ultra/debug/_ext/1645245335/ecc_fp.o
LOAD build/sam_e70_xplained_ultra/debug/_ext/1645245335/ed25519.o
LOAD build/sam_e70_xplained_ultra/debug/_ext/1645245335/error.o
LOAD build/sam_e70_xplained_ultra/debug/_ext/1645245335/fe_low_mem.o
LOAD build/sam_e70_xplained_ultra/debug/_ext/1645245335/fe_operations.o
LOAD build/sam_e70_xplained_ultra/debug/_ext/1645245335/ge_low_mem.o
LOAD build/sam_e70_xplained_ultra/debug/_ext/1645245335/ge_operations.o
LOAD build/sam_e70_xplained_ultra/debug/_ext/1645245335/hash.o
LOAD build/sam_e70_xplained_ultra/debug/_ext/1645245335/hc128.o
LOAD build/sam_e70_xplained_ultra/debug/_ext/1645245335/hmac.o
LOAD build/sam_e70_xplained_ultra/debug/_ext/1645245335/idea.o
LOAD build/sam_e70_xplained_ultra/debug/_ext/1645245335/integer.o
LOAD build/sam_e70_xplained_ultra/debug/_ext/1645245335/logging.o
LOAD build/sam_e70_xplained_ultra/debug/_ext/1645245335/md2.o
LOAD build/sam_e70_xplained_ultra/debug/_ext/1645245335/md4.o
LOAD build/sam_e70_xplained_ultra/debug/_ext/1645245335/md5.o
LOAD build/sam_e70_xplained_ultra/debug/_ext/1645245335/memory.o
LOAD build/sam_e70_xplained_ultra/debug/_ext/1645245335/misc.o
LOAD build/sam_e70_xplained_ultra/debug/_ext/1645245335/pkcs12.o
LOAD build/sam_e70_xplained_ultra/debug/_ext/1645245335/pkcs7.o
LOAD build/sam_e70_xplained_ultra/debug/_ext/1645245335/poly1305.o
LOAD build/sam_e70_xplained_ultra/debug/_ext/1645245335/pwdbased.o
LOAD build/sam_e70_xplained_ultra/debug/_ext/1645245335/rabbit.o
LOAD build/sam_e70_xplained_ultra/debug/_ext/1645245335/ripemd.o
LOAD build/sam_e70_xplained_ultra/debug/_ext/1645245335/rsa.o
LOAD build/sam_e70_xplained_ultra/debug/_ext/1645245335/sha3.o
LOAD build/sam_e70_xplained_ultra/debug/_ext/1645245335/sha512.o
LOAD build/sam_e70_xplained_ultra/debug/_ext/1645245335/signature.o
LOAD build/sam_e70_xplained_ultra/debug/_ext/1645245335/srp.o
LOAD build/sam_e70_xplained_ultra/debug/_ext/1645245335/tfm.o
LOAD build/sam_e70_xplained_ultra/debug/_ext/1645245335/wc_encrypt.o
LOAD build/sam_e70_xplained_ultra/debug/_ext/1645245335/wc_port.o
LOAD build/sam_e70_xplained_ultra/debug/_ext/1645245335/wolfevent.o
LOAD build/sam_e70_xplained_ultra/debug/_ext/1645245335/wolfmath.o
LOAD build/sam_e70_xplained_ultra/debug/_ext/1645245335/aes_pic32c.o
LOAD build/sam_e70_xplained_ultra/debug/_ext/1645245335/sha_pic32c.o
LOAD build/sam_e70_xplained_ultra/debug/_ext/1645245335/sha256_pic32c.o
LOAD build/sam_e70_xplained_ultra/debug/_ext/1645245335/random_pic32c.o
LOAD build/sam_e70_xplained_ultra/debug/_ext/1360937237/main.o
LOAD build/sam_e70_xplained_ultra/debug/_ext/1360937237/app.o
                0x00000001                __MPLAB_BUILD = 0x1
                0x00000001                __ICD2RAM = 0x1
                0x00000001                __MPLAB_DEBUG = 0x1
                0x00000001                __DEBUG = 0x1
                0x00000001                __MPLAB_DEBUGGER_ICD4 = 0x1
                0x00001000                _min_heap_size = 0x1000
START GROUP
LOAD c:/program files (x86)/microchip/xc32/v2.10/bin/bin/../../lib/gcc/pic32c/6.2.1/../../../../pic32c/lib/v7e-m/fpv5/hard\libpic32c.a
LOAD c:/program files (x86)/microchip/xc32/v2.10/bin/bin/../../lib/gcc/pic32c/6.2.1/v7e-m/fpv5/hard\libgcc.a
LOAD c:/program files (x86)/microchip/xc32/v2.10/bin/bin/../../lib/gcc/pic32c/6.2.1/../../../../pic32c/lib/v7e-m/fpv5/hard\libg.a
LOAD c:/program files (x86)/microchip/xc32/v2.10/bin/bin/../../lib/gcc/pic32c/6.2.1/../../../../pic32c/lib/v7e-m/fpv5/hard\libc.a
LOAD c:/program files (x86)/microchip/xc32/v2.10/bin/bin/../../lib/gcc/pic32c/6.2.1/../../../../pic32c/lib/v7e-m/fpv5/hard\libm.a
END GROUP
LOAD c:/program files (x86)/microchip/xc32/v2.10/bin/bin/../../lib/gcc/pic32c/6.2.1/v7e-m/fpv5/hard/crtend.o
LOAD c:/program files (x86)/microchip/xc32/v2.10/bin/bin/../../lib/gcc/pic32c/6.2.1/v7e-m/fpv5/hard/crtn.o

.vectors        0x00400000      0x168
                0x00400000                . = ALIGN (0x4)
                0x00400000                _sfixed = .
 *(.vectors .vectors.*)
 .vectors       0x00400000      0x168 build/sam_e70_xplained_ultra/debug/_ext/1171490990/interrupts.o
                0x00400000                exception_table

.text           0x00400168       0x24
                0x00400168                . = ALIGN (0x4)
 *(.glue_7t)
 .glue_7t       0x00400168        0x0 linker stubs
 *(.glue_7)
 .glue_7        0x00400168        0x0 linker stubs
 *(.gnu.linkonce.r.*)
 *(.ARM.extab* .gnu.linkonce.armextab.*)
                0x00400168                . = ALIGN (0x4)
 *(.init)
 .init          0x00400168        0x4 c:/program files (x86)/microchip/xc32/v2.10/bin/bin/../../lib/gcc/pic32c/6.2.1/v7e-m/fpv5/hard/crti.o
                0x00400168                _init
 .init          0x0040016c        0x8 c:/program files (x86)/microchip/xc32/v2.10/bin/bin/../../lib/gcc/pic32c/6.2.1/v7e-m/fpv5/hard/crtn.o
                0x00400174                . = ALIGN (0x4)
                0x00400174                __preinit_array_start = .
 *(.preinit_array)
                0x00400174                __preinit_array_end = .
                0x00400174                . = ALIGN (0x4)
                0x00400174                __init_array_start = .
 *(SORT(.init_array.*))
 .init_array.00000
                0x00400174        0x4 c:/program files (x86)/microchip/xc32/v2.10/bin/bin/../../lib/gcc/pic32c/6.2.1/../../../../pic32c/lib/v7e-m/fpv5/hard\libg.a(lib_a-__call_atexit.o)
 *(.init_array)
 .init_array    0x00400178        0x4 c:/program files (x86)/microchip/xc32/v2.10/bin/bin/../../lib/gcc/pic32c/6.2.1/v7e-m/fpv5/hard/crtbegin.o
                0x0040017c                __init_array_end = .
                0x0040017c                . = ALIGN (0x4)
 *crtbegin.o(.ctors)
 *(EXCLUDE_FILE(*crtend.o) .ctors)
 *(SORT(.ctors.*))
 *crtend.o(.ctors)
                0x0040017c                . = ALIGN (0x4)
 *(.fini)
 .fini          0x0040017c        0x4 c:/program files (x86)/microchip/xc32/v2.10/bin/bin/../../lib/gcc/pic32c/6.2.1/v7e-m/fpv5/hard/crti.o
                0x0040017c                _fini
 .fini          0x00400180        0x8 c:/program files (x86)/microchip/xc32/v2.10/bin/bin/../../lib/gcc/pic32c/6.2.1/v7e-m/fpv5/hard/crtn.o
                0x00400188                . = ALIGN (0x4)
                0x00400188                __fini_array_start = .
 *(.fini_array)
 .fini_array    0x00400188        0x4 c:/program files (x86)/microchip/xc32/v2.10/bin/bin/../../lib/gcc/pic32c/6.2.1/v7e-m/fpv5/hard/crtbegin.o
 *(SORT(.fini_array.*))
                0x0040018c                __fini_array_end = .
 *crtbegin.o(.dtors)
 *(EXCLUDE_FILE(*crtend.o) .dtors)
 *(SORT(.dtors.*))
 *crtend.o(.dtors)
                0x0040018c                . = ALIGN (0x4)
                0x0040018c                _efixed = .
                [!provide]                PROVIDE (__exidx_start, .)

.ARM.exidx      0x0040018c        0x8
 *(.ARM.exidx* .gnu.linkonce.armexidx.*)
 .ARM.exidx     0x0040018c        0x8 c:/program files (x86)/microchip/xc32/v2.10/bin/bin/../../lib/gcc/pic32c/6.2.1/v7e-m/fpv5/hard\libgcc.a(_udivmoddi4.o)
                [!provide]                PROVIDE (__exidx_end, .)
                0x00400194                . = ALIGN (0x4)
                0x00400194                _etext = .

.bss            0x20400000      0x484
                0x20400000                . = ALIGN (0x4)
                0x20400000                __bss_start__ = .
                0x20400000                _sbss = .
                0x20400000                _szero = .
 *(COMMON)
 COMMON         0x20400000        0x8 build/sam_e70_xplained_ultra/debug/_ext/829342655/plib_tc1.o
                0x20400000                TC1_CH0_CallbackObj
 COMMON         0x20400008       0x30 build/sam_e70_xplained_ultra/debug/_ext/2001315827/plib_usart1.o
                0x20400008                usart1Obj
 COMMON         0x20400038        0x9 build/sam_e70_xplained_ultra/debug/_ext/1832805299/sys_debug.o
                0x20400038                sysDebugInstance
                0x20400040                gblErrLvl
 *fill*         0x20400041        0x3 
 COMMON         0x20400044        0xc build/sam_e70_xplained_ultra/debug/_ext/1171490990/initialization.o
                0x20400044                sysObj
 *fill*         0x20400050       0x30 
 COMMON         0x20400080      0x400 build/sam_e70_xplained_ultra/debug/_ext/1360937237/app.o
                0x20400080                myBuf
 COMMON         0x20400480        0x4 c:/program files (x86)/microchip/xc32/v2.10/bin/bin/../../lib/gcc/pic32c/6.2.1/../../../../pic32c/lib/v7e-m/fpv5/hard\libg.a(lib_a-reent.o)
                0x20400480                errno
                0x20400484                . = ALIGN (0x4)
                0x20400484                __bss_end__ = .
                0x20400484                _ebss = .
                0x20400484                _ezero = .
                0x20400484                . = ALIGN (0x4)
                0x20400484                _end = .
                0x2045ffff                _ram_end_ = ((ORIGIN (ram) + LENGTH (ram)) - 0x1)
OUTPUT(dist/sam_e70_xplained_ultra/debug/sam_e70_xplained_ultra.X.debug.elf elf32-littlearm)
LOAD stack
LOAD data_init

.ARM.attributes
                0x00000000       0x2e
 .ARM.attributes
                0x00000000       0x20 c:/program files (x86)/microchip/xc32/v2.10/bin/bin/../../lib/gcc/pic32c/6.2.1/v7e-m/fpv5/hard/crti.o
 .ARM.attributes
                0x00000020       0x32 c:/program files (x86)/microchip/xc32/v2.10/bin/bin/../../lib/gcc/pic32c/6.2.1/v7e-m/fpv5/hard/crtbegin.o
 .ARM.attributes
                0x00000052       0x37 build/sam_e70_xplained_ultra/debug/_ext/1434821282/bsp.o
 .ARM.attributes
                0x00000089       0x37 build/sam_e70_xplained_ultra/debug/_ext/60165520/plib_clk.o
 .ARM.attributes
                0x000000c0       0x37 build/sam_e70_xplained_ultra/debug/_ext/1865468468/plib_nvic.o
 .ARM.attributes
                0x000000f7       0x37 build/sam_e70_xplained_ultra/debug/_ext/60177924/plib_pio.o
 .ARM.attributes
                0x0000012e       0x37 build/sam_e70_xplained_ultra/debug/_ext/829342655/plib_tc1.o
 .ARM.attributes
                0x00000165       0x37 build/sam_e70_xplained_ultra/debug/_ext/2001315827/plib_usart1.o
 .ARM.attributes
                0x0000019c       0x37 build/sam_e70_xplained_ultra/debug/_ext/163028504/xc32_monitor.o
 .ARM.attributes
                0x000001d3       0x37 build/sam_e70_xplained_ultra/debug/_ext/1832805299/sys_console.o
 .ARM.attributes
                0x0000020a       0x37 build/sam_e70_xplained_ultra/debug/_ext/1832805299/sys_console_uart.o
 .ARM.attributes
                0x00000241       0x37 build/sam_e70_xplained_ultra/debug/_ext/1832805299/sys_debug.o
 .ARM.attributes
                0x00000278       0x37 build/sam_e70_xplained_ultra/debug/_ext/1881668453/sys_int.o
 .ARM.attributes
                0x000002af       0x37 build/sam_e70_xplained_ultra/debug/_ext/101884895/sys_time.o
 .ARM.attributes
                0x000002e6       0x37 build/sam_e70_xplained_ultra/debug/_ext/1171490990/initialization.o
 .ARM.attributes
                0x0000031d       0x37 build/sam_e70_xplained_ultra/debug/_ext/1171490990/interrupts.o
 .ARM.attributes
                0x00000354       0x37 build/sam_e70_xplained_ultra/debug/_ext/1171490990/exceptions.o
 .ARM.attributes
                0x0000038b       0x37 build/sam_e70_xplained_ultra/debug/_ext/1171490990/startup.o
 .ARM.attributes
                0x000003c2       0x37 build/sam_e70_xplained_ultra/debug/_ext/1171490990/tasks.o
 .ARM.attributes
                0x000003f9       0x37 build/sam_e70_xplained_ultra/debug/_ext/1645245335/crypto.o
 .ARM.attributes
                0x00000430       0x37 build/sam_e70_xplained_ultra/debug/_ext/1645245335/md5.o
 .ARM.attributes
                0x00000467       0x37 build/sam_e70_xplained_ultra/debug/_ext/1645245335/sha512.o
 .ARM.attributes
                0x0000049e       0x37 build/sam_e70_xplained_ultra/debug/_ext/1645245335/sha_pic32c.o
 .ARM.attributes
                0x000004d5       0x37 build/sam_e70_xplained_ultra/debug/_ext/1645245335/sha256_pic32c.o
 .ARM.attributes
                0x0000050c       0x37 build/sam_e70_xplained_ultra/debug/_ext/1360937237/main.o
 .ARM.attributes
                0x00000543       0x37 build/sam_e70_xplained_ultra/debug/_ext/1360937237/app.o
 .ARM.attributes
                0x0000057a       0x32 c:/program files (x86)/microchip/xc32/v2.10/bin/bin/../../lib/gcc/pic32c/6.2.1/../../../../pic32c/lib/v7e-m/fpv5/hard\libpic32c.a(data_init.o)
 .ARM.attributes
                0x000005ac       0x20 c:/program files (x86)/microchip/xc32/v2.10/bin/bin/../../lib/gcc/pic32c/6.2.1/v7e-m/fpv5/hard\libgcc.a(_aeabi_uldivmod.o)
 .ARM.attributes
                0x000005cc       0x32 c:/program files (x86)/microchip/xc32/v2.10/bin/bin/../../lib/gcc/pic32c/6.2.1/v7e-m/fpv5/hard\libgcc.a(_udivmoddi4.o)
 .ARM.attributes
                0x000005fe       0x20 c:/program files (x86)/microchip/xc32/v2.10/bin/bin/../../lib/gcc/pic32c/6.2.1/v7e-m/fpv5/hard\libgcc.a(_dvmd_tls.o)
 .ARM.attributes
                0x0000061e       0x32 c:/program files (x86)/microchip/xc32/v2.10/bin/bin/../../lib/gcc/pic32c/6.2.1/../../../../pic32c/lib/v7e-m/fpv5/hard\libg.a(lib_a-impure.o)
 .ARM.attributes
                0x00000650       0x32 c:/program files (x86)/microchip/xc32/v2.10/bin/bin/../../lib/gcc/pic32c/6.2.1/../../../../pic32c/lib/v7e-m/fpv5/hard\libg.a(lib_a-init.o)
 .ARM.attributes
                0x00000682       0x32 c:/program files (x86)/microchip/xc32/v2.10/bin/bin/../../lib/gcc/pic32c/6.2.1/../../../../pic32c/lib/v7e-m/fpv5/hard\libg.a(lib_a-locale.o)
 .ARM.attributes
                0x000006b4       0x32 c:/program files (x86)/microchip/xc32/v2.10/bin/bin/../../lib/gcc/pic32c/6.2.1/../../../../pic32c/lib/v7e-m/fpv5/hard\libg.a(lib_a-malloc.o)
 .ARM.attributes
                0x000006e6       0x32 c:/program files (x86)/microchip/xc32/v2.10/bin/bin/../../lib/gcc/pic32c/6.2.1/../../../../pic32c/lib/v7e-m/fpv5/hard\libg.a(lib_a-mallocr.o)
 .ARM.attributes
                0x00000718       0x32 c:/program files (x86)/microchip/xc32/v2.10/bin/bin/../../lib/gcc/pic32c/6.2.1/../../../../pic32c/lib/v7e-m/fpv5/hard\libg.a(lib_a-mbtowc_r.o)
 .ARM.attributes
                0x0000074a       0x32 c:/program files (x86)/microchip/xc32/v2.10/bin/bin/../../lib/gcc/pic32c/6.2.1/../../../../pic32c/lib/v7e-m/fpv5/hard\libg.a(lib_a-memcmp.o)
 .ARM.attributes
                0x0000077c       0x1e c:/program files (x86)/microchip/xc32/v2.10/bin/bin/../../lib/gcc/pic32c/6.2.1/../../../../pic32c/lib/v7e-m/fpv5/hard\libg.a(lib_a-memcpy.o)
 .ARM.attributes
                0x0000079a       0x32 c:/program files (x86)/microchip/xc32/v2.10/bin/bin/../../lib/gcc/pic32c/6.2.1/../../../../pic32c/lib/v7e-m/fpv5/hard\libg.a(lib_a-memmove.o)
 .ARM.attributes
                0x000007cc       0x32 c:/program files (x86)/microchip/xc32/v2.10/bin/bin/../../lib/gcc/pic32c/6.2.1/../../../../pic32c/lib/v7e-m/fpv5/hard\libg.a(lib_a-memset.o)
 .ARM.attributes
                0x000007fe       0x32 c:/program files (x86)/microchip/xc32/v2.10/bin/bin/../../lib/gcc/pic32c/6.2.1/../../../../pic32c/lib/v7e-m/fpv5/hard\libg.a(lib_a-mlock.o)
 .ARM.attributes
                0x00000830       0x32 c:/program files (x86)/microchip/xc32/v2.10/bin/bin/../../lib/gcc/pic32c/6.2.1/../../../../pic32c/lib/v7e-m/fpv5/hard\libg.a(lib_a-printf.o)
 .ARM.attributes
                0x00000862       0x32 c:/program files (x86)/microchip/xc32/v2.10/bin/bin/../../lib/gcc/pic32c/6.2.1/../../../../pic32c/lib/v7e-m/fpv5/hard\libg.a(lib_a-puts.o)
 .ARM.attributes
                0x00000894       0x32 c:/program files (x86)/microchip/xc32/v2.10/bin/bin/../../lib/gcc/pic32c/6.2.1/../../../../pic32c/lib/v7e-m/fpv5/hard\libg.a(lib_a-reallocr.o)
 .ARM.attributes
                0x000008c6       0x32 c:/program files (x86)/microchip/xc32/v2.10/bin/bin/../../lib/gcc/pic32c/6.2.1/../../../../pic32c/lib/v7e-m/fpv5/hard\libg.a(lib_a-sbrkr.o)
 .ARM.attributes
                0x000008f8       0x32 c:/program files (x86)/microchip/xc32/v2.10/bin/bin/../../lib/gcc/pic32c/6.2.1/../../../../pic32c/lib/v7e-m/fpv5/hard\libg.a(lib_a-sprintf.o)
 .ARM.attributes
                0x0000092a       0x1e c:/program files (x86)/microchip/xc32/v2.10/bin/bin/../../lib/gcc/pic32c/6.2.1/../../../../pic32c/lib/v7e-m/fpv5/hard\libg.a(lib_a-strlen.o)
 .ARM.attributes
                0x00000948       0x32 c:/program files (x86)/microchip/xc32/v2.10/bin/bin/../../lib/gcc/pic32c/6.2.1/../../../../pic32c/lib/v7e-m/fpv5/hard\libg.a(lib_a-strncpy.o)
 .ARM.attributes
                0x0000097a       0x32 c:/program files (x86)/microchip/xc32/v2.10/bin/bin/../../lib/gcc/pic32c/6.2.1/../../../../pic32c/lib/v7e-m/fpv5/hard\libg.a(lib_a-svfprintf.o)
 .ARM.attributes
                0x000009ac       0x32 c:/program files (x86)/microchip/xc32/v2.10/bin/bin/../../lib/gcc/pic32c/6.2.1/../../../../pic32c/lib/v7e-m/fpv5/hard\libg.a(lib_a-vfprintf.o)
 .ARM.attributes
                0x000009de       0x32 c:/program files (x86)/microchip/xc32/v2.10/bin/bin/../../lib/gcc/pic32c/6.2.1/../../../../pic32c/lib/v7e-m/fpv5/hard\libg.a(lib_a-wctomb_r.o)
 .ARM.attributes
                0x00000a10       0x32 c:/program files (x86)/microchip/xc32/v2.10/bin/bin/../../lib/gcc/pic32c/6.2.1/../../../../pic32c/lib/v7e-m/fpv5/hard\libg.a(lib_a-wsetup.o)
 .ARM.attributes
                0x00000a42       0x32 c:/program files (x86)/microchip/xc32/v2.10/bin/bin/../../lib/gcc/pic32c/6.2.1/../../../../pic32c/lib/v7e-m/fpv5/hard\libg.a(lib_a-__call_atexit.o)
 .ARM.attributes
                0x00000a74       0x32 c:/program files (x86)/microchip/xc32/v2.10/bin/bin/../../lib/gcc/pic32c/6.2.1/../../../../pic32c/lib/v7e-m/fpv5/hard\libg.a(lib_a-atexit.o)
 .ARM.attributes
                0x00000aa6       0x32 c:/program files (x86)/microchip/xc32/v2.10/bin/bin/../../lib/gcc/pic32c/6.2.1/../../../../pic32c/lib/v7e-m/fpv5/hard\libg.a(lib_a-ctype_.o)
 .ARM.attributes
                0x00000ad8       0x32 c:/program files (x86)/microchip/xc32/v2.10/bin/bin/../../lib/gcc/pic32c/6.2.1/../../../../pic32c/lib/v7e-m/fpv5/hard\libg.a(lib_a-dtoa.o)
 .ARM.attributes
                0x00000b0a       0x32 c:/program files (x86)/microchip/xc32/v2.10/bin/bin/../../lib/gcc/pic32c/6.2.1/../../../../pic32c/lib/v7e-m/fpv5/hard\libg.a(lib_a-fflush.o)
 .ARM.attributes
                0x00000b3c       0x32 c:/program files (x86)/microchip/xc32/v2.10/bin/bin/../../lib/gcc/pic32c/6.2.1/../../../../pic32c/lib/v7e-m/fpv5/hard\libg.a(lib_a-findfp.o)
 .ARM.attributes
                0x00000b6e       0x32 c:/program files (x86)/microchip/xc32/v2.10/bin/bin/../../lib/gcc/pic32c/6.2.1/../../../../pic32c/lib/v7e-m/fpv5/hard\libg.a(lib_a-fini.o)
 .ARM.attributes
                0x00000ba0       0x32 c:/program files (x86)/microchip/xc32/v2.10/bin/bin/../../lib/gcc/pic32c/6.2.1/../../../../pic32c/lib/v7e-m/fpv5/hard\libg.a(lib_a-freer.o)
 .ARM.attributes
                0x00000bd2       0x32 c:/program files (x86)/microchip/xc32/v2.10/bin/bin/../../lib/gcc/pic32c/6.2.1/../../../../pic32c/lib/v7e-m/fpv5/hard\libg.a(lib_a-fvwrite.o)
 .ARM.attributes
                0x00000c04       0x32 c:/program files (x86)/microchip/xc32/v2.10/bin/bin/../../lib/gcc/pic32c/6.2.1/../../../../pic32c/lib/v7e-m/fpv5/hard\libg.a(lib_a-fwalk.o)
 .ARM.attributes
                0x00000c36       0x32 c:/program files (x86)/microchip/xc32/v2.10/bin/bin/../../lib/gcc/pic32c/6.2.1/../../../../pic32c/lib/v7e-m/fpv5/hard\libg.a(lib_a-localeconv.o)
 .ARM.attributes
                0x00000c68       0x32 c:/program files (x86)/microchip/xc32/v2.10/bin/bin/../../lib/gcc/pic32c/6.2.1/../../../../pic32c/lib/v7e-m/fpv5/hard\libg.a(lib_a-makebuf.o)
 .ARM.attributes
                0x00000c9a       0x1e c:/program files (x86)/microchip/xc32/v2.10/bin/bin/../../lib/gcc/pic32c/6.2.1/../../../../pic32c/lib/v7e-m/fpv5/hard\libg.a(lib_a-memchr.o)
 .ARM.attributes
                0x00000cb8       0x32 c:/program files (x86)/microchip/xc32/v2.10/bin/bin/../../lib/gcc/pic32c/6.2.1/../../../../pic32c/lib/v7e-m/fpv5/hard\libg.a(lib_a-mprec.o)
 .ARM.attributes
                0x00000cea       0x32 c:/program files (x86)/microchip/xc32/v2.10/bin/bin/../../lib/gcc/pic32c/6.2.1/../../../../pic32c/lib/v7e-m/fpv5/hard\libg.a(lib_a-reent.o)
 .ARM.attributes
                0x00000d1c       0x32 c:/program files (x86)/microchip/xc32/v2.10/bin/bin/../../lib/gcc/pic32c/6.2.1/../../../../pic32c/lib/v7e-m/fpv5/hard\libg.a(lib_a-s_frexp.o)
 .ARM.attributes
                0x00000d4e       0x32 c:/program files (x86)/microchip/xc32/v2.10/bin/bin/../../lib/gcc/pic32c/6.2.1/../../../../pic32c/lib/v7e-m/fpv5/hard\libg.a(lib_a-stdio.o)
 .ARM.attributes
                0x00000d80       0x32 c:/program files (x86)/microchip/xc32/v2.10/bin/bin/../../lib/gcc/pic32c/6.2.1/../../../../pic32c/lib/v7e-m/fpv5/hard\libg.a(lib_a-svfiprintf.o)
 .ARM.attributes
                0x00000db2       0x32 c:/program files (x86)/microchip/xc32/v2.10/bin/bin/../../lib/gcc/pic32c/6.2.1/../../../../pic32c/lib/v7e-m/fpv5/hard\libg.a(lib_a-vfiprintf.o)
 .ARM.attributes
                0x00000de4       0x32 c:/program files (x86)/microchip/xc32/v2.10/bin/bin/../../lib/gcc/pic32c/6.2.1/../../../../pic32c/lib/v7e-m/fpv5/hard\libg.a(lib_a-writer.o)
 .ARM.attributes
                0x00000e16       0x32 c:/program files (x86)/microchip/xc32/v2.10/bin/bin/../../lib/gcc/pic32c/6.2.1/../../../../pic32c/lib/v7e-m/fpv5/hard\libg.a(lib_a-__atexit.o)
 .ARM.attributes
                0x00000e48       0x32 c:/program files (x86)/microchip/xc32/v2.10/bin/bin/../../lib/gcc/pic32c/6.2.1/../../../../pic32c/lib/v7e-m/fpv5/hard\libg.a(lib_a-callocr.o)
 .ARM.attributes
                0x00000e7a       0x32 c:/program files (x86)/microchip/xc32/v2.10/bin/bin/../../lib/gcc/pic32c/6.2.1/../../../../pic32c/lib/v7e-m/fpv5/hard\libg.a(lib_a-closer.o)
 .ARM.attributes
                0x00000eac       0x32 c:/program files (x86)/microchip/xc32/v2.10/bin/bin/../../lib/gcc/pic32c/6.2.1/../../../../pic32c/lib/v7e-m/fpv5/hard\libg.a(lib_a-fclose.o)
 .ARM.attributes
                0x00000ede       0x32 c:/program files (x86)/microchip/xc32/v2.10/bin/bin/../../lib/gcc/pic32c/6.2.1/../../../../pic32c/lib/v7e-m/fpv5/hard\libg.a(lib_a-fputwc.o)
 .ARM.attributes
                0x00000f10       0x32 c:/program files (x86)/microchip/xc32/v2.10/bin/bin/../../lib/gcc/pic32c/6.2.1/../../../../pic32c/lib/v7e-m/fpv5/hard\libg.a(lib_a-fstatr.o)
 .ARM.attributes
                0x00000f42       0x32 c:/program files (x86)/microchip/xc32/v2.10/bin/bin/../../lib/gcc/pic32c/6.2.1/../../../../pic32c/lib/v7e-m/fpv5/hard\libg.a(lib_a-isattyr.o)
 .ARM.attributes
                0x00000f74       0x32 c:/program files (x86)/microchip/xc32/v2.10/bin/bin/../../lib/gcc/pic32c/6.2.1/../../../../pic32c/lib/v7e-m/fpv5/hard\libg.a(lib_a-lseekr.o)
 .ARM.attributes
                0x00000fa6       0x32 c:/program files (x86)/microchip/xc32/v2.10/bin/bin/../../lib/gcc/pic32c/6.2.1/../../../../pic32c/lib/v7e-m/fpv5/hard\libg.a(lib_a-readr.o)
 .ARM.attributes
                0x00000fd8       0x32 c:/program files (x86)/microchip/xc32/v2.10/bin/bin/../../lib/gcc/pic32c/6.2.1/../../../../pic32c/lib/v7e-m/fpv5/hard\libg.a(lib_a-wbuf.o)
 .ARM.attributes
                0x0000100a       0x32 c:/program files (x86)/microchip/xc32/v2.10/bin/bin/../../lib/gcc/pic32c/6.2.1/../../../../pic32c/lib/v7e-m/fpv5/hard\libg.a(lib_a-wcrtomb.o)
 .ARM.attributes
                0x0000103c       0x32 c:/program files (x86)/microchip/xc32/v2.10/bin/bin/../../lib/gcc/pic32c/6.2.1/../../../../pic32c/lib/v7e-m/fpv5/hard\libpic32c.a(close.o)
 .ARM.attributes
                0x0000106e       0x32 c:/program files (x86)/microchip/xc32/v2.10/bin/bin/../../lib/gcc/pic32c/6.2.1/../../../../pic32c/lib/v7e-m/fpv5/hard\libpic32c.a(fstat.o)
 .ARM.attributes
                0x000010a0       0x32 c:/program files (x86)/microchip/xc32/v2.10/bin/bin/../../lib/gcc/pic32c/6.2.1/../../../../pic32c/lib/v7e-m/fpv5/hard\libpic32c.a(isatty.o)
 .ARM.attributes
                0x000010d2       0x32 c:/program files (x86)/microchip/xc32/v2.10/bin/bin/../../lib/gcc/pic32c/6.2.1/../../../../pic32c/lib/v7e-m/fpv5/hard\libpic32c.a(lseek.o)
 .ARM.attributes
                0x00001104       0x32 c:/program files (x86)/microchip/xc32/v2.10/bin/bin/../../lib/gcc/pic32c/6.2.1/../../../../pic32c/lib/v7e-m/fpv5/hard\libpic32c.a(read.o)
 .ARM.attributes
                0x00001136       0x32 c:/program files (x86)/microchip/xc32/v2.10/bin/bin/../../lib/gcc/pic32c/6.2.1/../../../../pic32c/lib/v7e-m/fpv5/hard\libpic32c.a(sbrk.o)
 .ARM.attributes
                0x00001168       0x32 c:/program files (x86)/microchip/xc32/v2.10/bin/bin/../../lib/gcc/pic32c/6.2.1/../../../../pic32c/lib/v7e-m/fpv5/hard\libpic32c.a(write.o)
 .ARM.attributes
                0x0000119a       0x20 c:/program files (x86)/microchip/xc32/v2.10/bin/bin/../../lib/gcc/pic32c/6.2.1/v7e-m/fpv5/hard/crtn.o

.comment        0x00000000       0x3c
 .comment       0x00000000       0x3c c:/program files (x86)/microchip/xc32/v2.10/bin/bin/../../lib/gcc/pic32c/6.2.1/v7e-m/fpv5/hard/crtbegin.o
                                 0x3d (size before relaxing)
 .comment       0x0000003c       0x3d build/sam_e70_xplained_ultra/debug/_ext/1434821282/bsp.o
 .comment       0x0000003c       0x3d build/sam_e70_xplained_ultra/debug/_ext/60165520/plib_clk.o
 .comment       0x0000003c       0x3d build/sam_e70_xplained_ultra/debug/_ext/1865468468/plib_nvic.o
 .comment       0x0000003c       0x3d build/sam_e70_xplained_ultra/debug/_ext/60177924/plib_pio.o
 .comment       0x0000003c       0x3d build/sam_e70_xplained_ultra/debug/_ext/829342655/plib_tc1.o
 .comment       0x0000003c       0x3d build/sam_e70_xplained_ultra/debug/_ext/2001315827/plib_usart1.o
 .comment       0x0000003c       0x3d build/sam_e70_xplained_ultra/debug/_ext/163028504/xc32_monitor.o
 .comment       0x0000003c       0x3d build/sam_e70_xplained_ultra/debug/_ext/1832805299/sys_console.o
 .comment       0x0000003c       0x3d build/sam_e70_xplained_ultra/debug/_ext/1832805299/sys_console_uart.o
 .comment       0x0000003c       0x3d build/sam_e70_xplained_ultra/debug/_ext/1832805299/sys_debug.o
 .comment       0x0000003c       0x3d build/sam_e70_xplained_ultra/debug/_ext/1881668453/sys_int.o
 .comment       0x0000003c       0x3d build/sam_e70_xplained_ultra/debug/_ext/101884895/sys_time.o
 .comment       0x0000003c       0x3d build/sam_e70_xplained_ultra/debug/_ext/1171490990/initialization.o
 .comment       0x0000003c       0x3d build/sam_e70_xplained_ultra/debug/_ext/1171490990/interrupts.o
 .comment       0x0000003c       0x3d build/sam_e70_xplained_ultra/debug/_ext/1171490990/exceptions.o
 .comment       0x0000003c       0x3d build/sam_e70_xplained_ultra/debug/_ext/1171490990/startup.o
 .comment       0x0000003c       0x3d build/sam_e70_xplained_ultra/debug/_ext/1171490990/tasks.o
 .comment       0x0000003c       0x3d build/sam_e70_xplained_ultra/debug/_ext/1645245335/crypto.o
 .comment       0x0000003c       0x3d build/sam_e70_xplained_ultra/debug/_ext/1645245335/md5.o
 .comment       0x0000003c       0x3d build/sam_e70_xplained_ultra/debug/_ext/1645245335/sha512.o
 .comment       0x0000003c       0x3d build/sam_e70_xplained_ultra/debug/_ext/1645245335/sha_pic32c.o
 .comment       0x0000003c       0x3d build/sam_e70_xplained_ultra/debug/_ext/1645245335/sha256_pic32c.o
 .comment       0x0000003c       0x3d build/sam_e70_xplained_ultra/debug/_ext/1360937237/main.o
 .comment       0x0000003c       0x3d build/sam_e70_xplained_ultra/debug/_ext/1360937237/app.o
 .comment       0x0000003c       0x3d c:/program files (x86)/microchip/xc32/v2.10/bin/bin/../../lib/gcc/pic32c/6.2.1/../../../../pic32c/lib/v7e-m/fpv5/hard\libpic32c.a(data_init.o)
 .comment       0x0000003c       0x3d c:/program files (x86)/microchip/xc32/v2.10/bin/bin/../../lib/gcc/pic32c/6.2.1/v7e-m/fpv5/hard\libgcc.a(_udivmoddi4.o)
 .comment       0x0000003c       0x3d c:/program files (x86)/microchip/xc32/v2.10/bin/bin/../../lib/gcc/pic32c/6.2.1/../../../../pic32c/lib/v7e-m/fpv5/hard\libg.a(lib_a-impure.o)
 .comment       0x0000003c       0x3d c:/program files (x86)/microchip/xc32/v2.10/bin/bin/../../lib/gcc/pic32c/6.2.1/../../../../pic32c/lib/v7e-m/fpv5/hard\libg.a(lib_a-init.o)
 .comment       0x0000003c       0x3d c:/program files (x86)/microchip/xc32/v2.10/bin/bin/../../lib/gcc/pic32c/6.2.1/../../../../pic32c/lib/v7e-m/fpv5/hard\libg.a(lib_a-locale.o)
 .comment       0x0000003c       0x3d c:/program files (x86)/microchip/xc32/v2.10/bin/bin/../../lib/gcc/pic32c/6.2.1/../../../../pic32c/lib/v7e-m/fpv5/hard\libg.a(lib_a-malloc.o)
 .comment       0x0000003c       0x3d c:/program files (x86)/microchip/xc32/v2.10/bin/bin/../../lib/gcc/pic32c/6.2.1/../../../../pic32c/lib/v7e-m/fpv5/hard\libg.a(lib_a-mallocr.o)
 .comment       0x0000003c       0x3d c:/program files (x86)/microchip/xc32/v2.10/bin/bin/../../lib/gcc/pic32c/6.2.1/../../../../pic32c/lib/v7e-m/fpv5/hard\libg.a(lib_a-mbtowc_r.o)
 .comment       0x0000003c       0x3d c:/program files (x86)/microchip/xc32/v2.10/bin/bin/../../lib/gcc/pic32c/6.2.1/../../../../pic32c/lib/v7e-m/fpv5/hard\libg.a(lib_a-memcmp.o)
 .comment       0x0000003c       0x3d c:/program files (x86)/microchip/xc32/v2.10/bin/bin/../../lib/gcc/pic32c/6.2.1/../../../../pic32c/lib/v7e-m/fpv5/hard\libg.a(lib_a-memmove.o)
 .comment       0x0000003c       0x3d c:/program files (x86)/microchip/xc32/v2.10/bin/bin/../../lib/gcc/pic32c/6.2.1/../../../../pic32c/lib/v7e-m/fpv5/hard\libg.a(lib_a-memset.o)
 .comment       0x0000003c       0x3d c:/program files (x86)/microchip/xc32/v2.10/bin/bin/../../lib/gcc/pic32c/6.2.1/../../../../pic32c/lib/v7e-m/fpv5/hard\libg.a(lib_a-mlock.o)
 .comment       0x0000003c       0x3d c:/program files (x86)/microchip/xc32/v2.10/bin/bin/../../lib/gcc/pic32c/6.2.1/../../../../pic32c/lib/v7e-m/fpv5/hard\libg.a(lib_a-printf.o)
 .comment       0x0000003c       0x3d c:/program files (x86)/microchip/xc32/v2.10/bin/bin/../../lib/gcc/pic32c/6.2.1/../../../../pic32c/lib/v7e-m/fpv5/hard\libg.a(lib_a-puts.o)
 .comment       0x0000003c       0x3d c:/program files (x86)/microchip/xc32/v2.10/bin/bin/../../lib/gcc/pic32c/6.2.1/../../../../pic32c/lib/v7e-m/fpv5/hard\libg.a(lib_a-reallocr.o)
 .comment       0x0000003c       0x3d c:/program files (x86)/microchip/xc32/v2.10/bin/bin/../../lib/gcc/pic32c/6.2.1/../../../../pic32c/lib/v7e-m/fpv5/hard\libg.a(lib_a-sbrkr.o)
 .comment       0x0000003c       0x3d c:/program files (x86)/microchip/xc32/v2.10/bin/bin/../../lib/gcc/pic32c/6.2.1/../../../../pic32c/lib/v7e-m/fpv5/hard\libg.a(lib_a-sprintf.o)
 .comment       0x0000003c       0x3d c:/program files (x86)/microchip/xc32/v2.10/bin/bin/../../lib/gcc/pic32c/6.2.1/../../../../pic32c/lib/v7e-m/fpv5/hard\libg.a(lib_a-strncpy.o)
 .comment       0x0000003c       0x3d c:/program files (x86)/microchip/xc32/v2.10/bin/bin/../../lib/gcc/pic32c/6.2.1/../../../../pic32c/lib/v7e-m/fpv5/hard\libg.a(lib_a-svfprintf.o)
 .comment       0x0000003c       0x3d c:/program files (x86)/microchip/xc32/v2.10/bin/bin/../../lib/gcc/pic32c/6.2.1/../../../../pic32c/lib/v7e-m/fpv5/hard\libg.a(lib_a-vfprintf.o)
 .comment       0x0000003c       0x3d c:/program files (x86)/microchip/xc32/v2.10/bin/bin/../../lib/gcc/pic32c/6.2.1/../../../../pic32c/lib/v7e-m/fpv5/hard\libg.a(lib_a-wctomb_r.o)
 .comment       0x0000003c       0x3d c:/program files (x86)/microchip/xc32/v2.10/bin/bin/../../lib/gcc/pic32c/6.2.1/../../../../pic32c/lib/v7e-m/fpv5/hard\libg.a(lib_a-wsetup.o)
 .comment       0x0000003c       0x3d c:/program files (x86)/microchip/xc32/v2.10/bin/bin/../../lib/gcc/pic32c/6.2.1/../../../../pic32c/lib/v7e-m/fpv5/hard\libg.a(lib_a-__call_atexit.o)
 .comment       0x0000003c       0x3d c:/program files (x86)/microchip/xc32/v2.10/bin/bin/../../lib/gcc/pic32c/6.2.1/../../../../pic32c/lib/v7e-m/fpv5/hard\libg.a(lib_a-atexit.o)
 .comment       0x0000003c       0x3d c:/program files (x86)/microchip/xc32/v2.10/bin/bin/../../lib/gcc/pic32c/6.2.1/../../../../pic32c/lib/v7e-m/fpv5/hard\libg.a(lib_a-ctype_.o)
 .comment       0x0000003c       0x3d c:/program files (x86)/microchip/xc32/v2.10/bin/bin/../../lib/gcc/pic32c/6.2.1/../../../../pic32c/lib/v7e-m/fpv5/hard\libg.a(lib_a-dtoa.o)
 .comment       0x0000003c       0x3d c:/program files (x86)/microchip/xc32/v2.10/bin/bin/../../lib/gcc/pic32c/6.2.1/../../../../pic32c/lib/v7e-m/fpv5/hard\libg.a(lib_a-fflush.o)
 .comment       0x0000003c       0x3d c:/program files (x86)/microchip/xc32/v2.10/bin/bin/../../lib/gcc/pic32c/6.2.1/../../../../pic32c/lib/v7e-m/fpv5/hard\libg.a(lib_a-findfp.o)
 .comment       0x0000003c       0x3d c:/program files (x86)/microchip/xc32/v2.10/bin/bin/../../lib/gcc/pic32c/6.2.1/../../../../pic32c/lib/v7e-m/fpv5/hard\libg.a(lib_a-fini.o)
 .comment       0x0000003c       0x3d c:/program files (x86)/microchip/xc32/v2.10/bin/bin/../../lib/gcc/pic32c/6.2.1/../../../../pic32c/lib/v7e-m/fpv5/hard\libg.a(lib_a-freer.o)
 .comment       0x0000003c       0x3d c:/program files (x86)/microchip/xc32/v2.10/bin/bin/../../lib/gcc/pic32c/6.2.1/../../../../pic32c/lib/v7e-m/fpv5/hard\libg.a(lib_a-fvwrite.o)
 .comment       0x0000003c       0x3d c:/program files (x86)/microchip/xc32/v2.10/bin/bin/../../lib/gcc/pic32c/6.2.1/../../../../pic32c/lib/v7e-m/fpv5/hard\libg.a(lib_a-fwalk.o)
 .comment       0x0000003c       0x3d c:/program files (x86)/microchip/xc32/v2.10/bin/bin/../../lib/gcc/pic32c/6.2.1/../../../../pic32c/lib/v7e-m/fpv5/hard\libg.a(lib_a-localeconv.o)
 .comment       0x0000003c       0x3d c:/program files (x86)/microchip/xc32/v2.10/bin/bin/../../lib/gcc/pic32c/6.2.1/../../../../pic32c/lib/v7e-m/fpv5/hard\libg.a(lib_a-makebuf.o)
 .comment       0x0000003c       0x3d c:/program files (x86)/microchip/xc32/v2.10/bin/bin/../../lib/gcc/pic32c/6.2.1/../../../../pic32c/lib/v7e-m/fpv5/hard\libg.a(lib_a-mprec.o)
 .comment       0x0000003c       0x3d c:/program files (x86)/microchip/xc32/v2.10/bin/bin/../../lib/gcc/pic32c/6.2.1/../../../../pic32c/lib/v7e-m/fpv5/hard\libg.a(lib_a-reent.o)
 .comment       0x0000003c       0x3d c:/program files (x86)/microchip/xc32/v2.10/bin/bin/../../lib/gcc/pic32c/6.2.1/../../../../pic32c/lib/v7e-m/fpv5/hard\libg.a(lib_a-s_frexp.o)
 .comment       0x0000003c       0x3d c:/program files (x86)/microchip/xc32/v2.10/bin/bin/../../lib/gcc/pic32c/6.2.1/../../../../pic32c/lib/v7e-m/fpv5/hard\libg.a(lib_a-stdio.o)
 .comment       0x0000003c       0x3d c:/program files (x86)/microchip/xc32/v2.10/bin/bin/../../lib/gcc/pic32c/6.2.1/../../../../pic32c/lib/v7e-m/fpv5/hard\libg.a(lib_a-svfiprintf.o)
 .comment       0x0000003c       0x3d c:/program files (x86)/microchip/xc32/v2.10/bin/bin/../../lib/gcc/pic32c/6.2.1/../../../../pic32c/lib/v7e-m/fpv5/hard\libg.a(lib_a-vfiprintf.o)
 .comment       0x0000003c       0x3d c:/program files (x86)/microchip/xc32/v2.10/bin/bin/../../lib/gcc/pic32c/6.2.1/../../../../pic32c/lib/v7e-m/fpv5/hard\libg.a(lib_a-writer.o)
 .comment       0x0000003c       0x3d c:/program files (x86)/microchip/xc32/v2.10/bin/bin/../../lib/gcc/pic32c/6.2.1/../../../../pic32c/lib/v7e-m/fpv5/hard\libg.a(lib_a-__atexit.o)
 .comment       0x0000003c       0x3d c:/program files (x86)/microchip/xc32/v2.10/bin/bin/../../lib/gcc/pic32c/6.2.1/../../../../pic32c/lib/v7e-m/fpv5/hard\libg.a(lib_a-callocr.o)
 .comment       0x0000003c       0x3d c:/program files (x86)/microchip/xc32/v2.10/bin/bin/../../lib/gcc/pic32c/6.2.1/../../../../pic32c/lib/v7e-m/fpv5/hard\libg.a(lib_a-closer.o)
 .comment       0x0000003c       0x3d c:/program files (x86)/microchip/xc32/v2.10/bin/bin/../../lib/gcc/pic32c/6.2.1/../../../../pic32c/lib/v7e-m/fpv5/hard\libg.a(lib_a-fclose.o)
 .comment       0x0000003c       0x3d c:/program files (x86)/microchip/xc32/v2.10/bin/bin/../../lib/gcc/pic32c/6.2.1/../../../../pic32c/lib/v7e-m/fpv5/hard\libg.a(lib_a-fputwc.o)
 .comment       0x0000003c       0x3d c:/program files (x86)/microchip/xc32/v2.10/bin/bin/../../lib/gcc/pic32c/6.2.1/../../../../pic32c/lib/v7e-m/fpv5/hard\libg.a(lib_a-fstatr.o)
 .comment       0x0000003c       0x3d c:/program files (x86)/microchip/xc32/v2.10/bin/bin/../../lib/gcc/pic32c/6.2.1/../../../../pic32c/lib/v7e-m/fpv5/hard\libg.a(lib_a-isattyr.o)
 .comment       0x0000003c       0x3d c:/program files (x86)/microchip/xc32/v2.10/bin/bin/../../lib/gcc/pic32c/6.2.1/../../../../pic32c/lib/v7e-m/fpv5/hard\libg.a(lib_a-lseekr.o)
 .comment       0x0000003c       0x3d c:/program files (x86)/microchip/xc32/v2.10/bin/bin/../../lib/gcc/pic32c/6.2.1/../../../../pic32c/lib/v7e-m/fpv5/hard\libg.a(lib_a-readr.o)
 .comment       0x0000003c       0x3d c:/program files (x86)/microchip/xc32/v2.10/bin/bin/../../lib/gcc/pic32c/6.2.1/../../../../pic32c/lib/v7e-m/fpv5/hard\libg.a(lib_a-wbuf.o)
 .comment       0x0000003c       0x3d c:/program files (x86)/microchip/xc32/v2.10/bin/bin/../../lib/gcc/pic32c/6.2.1/../../../../pic32c/lib/v7e-m/fpv5/hard\libg.a(lib_a-wcrtomb.o)
 .comment       0x0000003c       0x3d c:/program files (x86)/microchip/xc32/v2.10/bin/bin/../../lib/gcc/pic32c/6.2.1/../../../../pic32c/lib/v7e-m/fpv5/hard\libpic32c.a(close.o)
 .comment       0x0000003c       0x3d c:/program files (x86)/microchip/xc32/v2.10/bin/bin/../../lib/gcc/pic32c/6.2.1/../../../../pic32c/lib/v7e-m/fpv5/hard\libpic32c.a(fstat.o)
 .comment       0x0000003c       0x3d c:/program files (x86)/microchip/xc32/v2.10/bin/bin/../../lib/gcc/pic32c/6.2.1/../../../../pic32c/lib/v7e-m/fpv5/hard\libpic32c.a(isatty.o)
 .comment       0x0000003c       0x3d c:/program files (x86)/microchip/xc32/v2.10/bin/bin/../../lib/gcc/pic32c/6.2.1/../../../../pic32c/lib/v7e-m/fpv5/hard\libpic32c.a(lseek.o)
 .comment       0x0000003c       0x3d c:/program files (x86)/microchip/xc32/v2.10/bin/bin/../../lib/gcc/pic32c/6.2.1/../../../../pic32c/lib/v7e-m/fpv5/hard\libpic32c.a(read.o)
 .comment       0x0000003c       0x3d c:/program files (x86)/microchip/xc32/v2.10/bin/bin/../../lib/gcc/pic32c/6.2.1/../../../../pic32c/lib/v7e-m/fpv5/hard\libpic32c.a(sbrk.o)
 .comment       0x0000003c       0x3d c:/program files (x86)/microchip/xc32/v2.10/bin/bin/../../lib/gcc/pic32c/6.2.1/../../../../pic32c/lib/v7e-m/fpv5/hard\libpic32c.a(write.o)

.debug_info     0x00000000    0x6ad1f
 .debug_info    0x00000000     0x14eb build/sam_e70_xplained_ultra/debug/_ext/1434821282/bsp.o
 .debug_info    0x000014eb      0x8bd build/sam_e70_xplained_ultra/debug/_ext/60165520/plib_clk.o
 .debug_info    0x00001da8      0xf2c build/sam_e70_xplained_ultra/debug/_ext/1865468468/plib_nvic.o
 .debug_info    0x00002cd4      0xe9e build/sam_e70_xplained_ultra/debug/_ext/60177924/plib_pio.o
 .debug_info    0x00003b72      0xf07 build/sam_e70_xplained_ultra/debug/_ext/829342655/plib_tc1.o
 .debug_info    0x00004a79      0xee8 build/sam_e70_xplained_ultra/debug/_ext/2001315827/plib_usart1.o
 .debug_info    0x00005961      0x250 build/sam_e70_xplained_ultra/debug/_ext/163028504/xc32_monitor.o
 .debug_info    0x00005bb1     0x18c6 build/sam_e70_xplained_ultra/debug/_ext/1832805299/sys_console.o
 .debug_info    0x00007477     0x1d69 build/sam_e70_xplained_ultra/debug/_ext/1832805299/sys_console_uart.o
 .debug_info    0x000091e0     0x1505 build/sam_e70_xplained_ultra/debug/_ext/1832805299/sys_debug.o
 .debug_info    0x0000a6e5      0xc13 build/sam_e70_xplained_ultra/debug/_ext/1881668453/sys_int.o
 .debug_info    0x0000b2f8     0x2b88 build/sam_e70_xplained_ultra/debug/_ext/101884895/sys_time.o
 .debug_info    0x0000de80     0x1ece build/sam_e70_xplained_ultra/debug/_ext/1171490990/initialization.o
 .debug_info    0x0000fd4e     0x1a77 build/sam_e70_xplained_ultra/debug/_ext/1171490990/interrupts.o
 .debug_info    0x000117c5     0x263a build/sam_e70_xplained_ultra/debug/_ext/1171490990/exceptions.o
 .debug_info    0x00013dff     0x17cc build/sam_e70_xplained_ultra/debug/_ext/1171490990/startup.o
 .debug_info    0x000155cb      0xf91 build/sam_e70_xplained_ultra/debug/_ext/1171490990/tasks.o
 .debug_info    0x0001655c     0x4aeb build/sam_e70_xplained_ultra/debug/_ext/1645245335/crypto.o
 .debug_info    0x0001b047     0x1d32 build/sam_e70_xplained_ultra/debug/_ext/1645245335/md5.o
 .debug_info    0x0001cd79     0x3d92 build/sam_e70_xplained_ultra/debug/_ext/1645245335/sha512.o
 .debug_info    0x00020b0b     0x2356 build/sam_e70_xplained_ultra/debug/_ext/1645245335/sha_pic32c.o
 .debug_info    0x00022e61     0x23a9 build/sam_e70_xplained_ultra/debug/_ext/1645245335/sha256_pic32c.o
 .debug_info    0x0002520a      0xf89 build/sam_e70_xplained_ultra/debug/_ext/1360937237/main.o
 .debug_info    0x00026193     0x22e1 build/sam_e70_xplained_ultra/debug/_ext/1360937237/app.o
 .debug_info    0x00028474      0x29f c:/program files (x86)/microchip/xc32/v2.10/bin/bin/../../lib/gcc/pic32c/6.2.1/../../../../pic32c/lib/v7e-m/fpv5/hard\libpic32c.a(data_init.o)
 .debug_info    0x00028713      0x10f c:/program files (x86)/microchip/xc32/v2.10/bin/bin/../../lib/gcc/pic32c/6.2.1/v7e-m/fpv5/hard\libgcc.a(_aeabi_uldivmod.o)
 .debug_info    0x00028822     0x2288 c:/program files (x86)/microchip/xc32/v2.10/bin/bin/../../lib/gcc/pic32c/6.2.1/v7e-m/fpv5/hard\libgcc.a(_udivmoddi4.o)
 .debug_info    0x0002aaaa      0x113 c:/program files (x86)/microchip/xc32/v2.10/bin/bin/../../lib/gcc/pic32c/6.2.1/v7e-m/fpv5/hard\libgcc.a(_dvmd_tls.o)
 .debug_info    0x0002abbd      0xdde c:/program files (x86)/microchip/xc32/v2.10/bin/bin/../../lib/gcc/pic32c/6.2.1/../../../../pic32c/lib/v7e-m/fpv5/hard\libg.a(lib_a-impure.o)
 .debug_info    0x0002b99b      0x40a c:/program files (x86)/microchip/xc32/v2.10/bin/bin/../../lib/gcc/pic32c/6.2.1/../../../../pic32c/lib/v7e-m/fpv5/hard\libg.a(lib_a-init.o)
 .debug_info    0x0002bda5     0x1884 c:/program files (x86)/microchip/xc32/v2.10/bin/bin/../../lib/gcc/pic32c/6.2.1/../../../../pic32c/lib/v7e-m/fpv5/hard\libg.a(lib_a-locale.o)
 .debug_info    0x0002d629      0xe81 c:/program files (x86)/microchip/xc32/v2.10/bin/bin/../../lib/gcc/pic32c/6.2.1/../../../../pic32c/lib/v7e-m/fpv5/hard\libg.a(lib_a-malloc.o)
 .debug_info    0x0002e4aa     0x155d c:/program files (x86)/microchip/xc32/v2.10/bin/bin/../../lib/gcc/pic32c/6.2.1/../../../../pic32c/lib/v7e-m/fpv5/hard\libg.a(lib_a-mallocr.o)
 .debug_info    0x0002fa07     0x176c c:/program files (x86)/microchip/xc32/v2.10/bin/bin/../../lib/gcc/pic32c/6.2.1/../../../../pic32c/lib/v7e-m/fpv5/hard\libg.a(lib_a-mbtowc_r.o)
 .debug_info    0x00031173      0xe5a c:/program files (x86)/microchip/xc32/v2.10/bin/bin/../../lib/gcc/pic32c/6.2.1/../../../../pic32c/lib/v7e-m/fpv5/hard\libg.a(lib_a-memcmp.o)
 .debug_info    0x00031fcd      0x129 c:/program files (x86)/microchip/xc32/v2.10/bin/bin/../../lib/gcc/pic32c/6.2.1/../../../../pic32c/lib/v7e-m/fpv5/hard\libg.a(lib_a-memcpy.o)
 .debug_info    0x000320f6     0x160b c:/program files (x86)/microchip/xc32/v2.10/bin/bin/../../lib/gcc/pic32c/6.2.1/../../../../pic32c/lib/v7e-m/fpv5/hard\libg.a(lib_a-memmove.o)
 .debug_info    0x00033701     0x15e9 c:/program files (x86)/microchip/xc32/v2.10/bin/bin/../../lib/gcc/pic32c/6.2.1/../../../../pic32c/lib/v7e-m/fpv5/hard\libg.a(lib_a-memset.o)
 .debug_info    0x00034cea      0xe38 c:/program files (x86)/microchip/xc32/v2.10/bin/bin/../../lib/gcc/pic32c/6.2.1/../../../../pic32c/lib/v7e-m/fpv5/hard\libg.a(lib_a-mlock.o)
 .debug_info    0x00035b22     0x11f4 c:/program files (x86)/microchip/xc32/v2.10/bin/bin/../../lib/gcc/pic32c/6.2.1/../../../../pic32c/lib/v7e-m/fpv5/hard\libg.a(lib_a-printf.o)
 .debug_info    0x00036d16     0x12c7 c:/program files (x86)/microchip/xc32/v2.10/bin/bin/../../lib/gcc/pic32c/6.2.1/../../../../pic32c/lib/v7e-m/fpv5/hard\libg.a(lib_a-puts.o)
 .debug_info    0x00037fdd     0x14db c:/program files (x86)/microchip/xc32/v2.10/bin/bin/../../lib/gcc/pic32c/6.2.1/../../../../pic32c/lib/v7e-m/fpv5/hard\libg.a(lib_a-reallocr.o)
 .debug_info    0x000394b8      0xece c:/program files (x86)/microchip/xc32/v2.10/bin/bin/../../lib/gcc/pic32c/6.2.1/../../../../pic32c/lib/v7e-m/fpv5/hard\libg.a(lib_a-sbrkr.o)
 .debug_info    0x0003a386     0x1246 c:/program files (x86)/microchip/xc32/v2.10/bin/bin/../../lib/gcc/pic32c/6.2.1/../../../../pic32c/lib/v7e-m/fpv5/hard\libg.a(lib_a-sprintf.o)
 .debug_info    0x0003b5cc      0x128 c:/program files (x86)/microchip/xc32/v2.10/bin/bin/../../lib/gcc/pic32c/6.2.1/../../../../pic32c/lib/v7e-m/fpv5/hard\libg.a(lib_a-strlen.o)
 .debug_info    0x0003b6f4      0xe7a c:/program files (x86)/microchip/xc32/v2.10/bin/bin/../../lib/gcc/pic32c/6.2.1/../../../../pic32c/lib/v7e-m/fpv5/hard\libg.a(lib_a-strncpy.o)
 .debug_info    0x0003c56e     0x28a5 c:/program files (x86)/microchip/xc32/v2.10/bin/bin/../../lib/gcc/pic32c/6.2.1/../../../../pic32c/lib/v7e-m/fpv5/hard\libg.a(lib_a-svfprintf.o)
 .debug_info    0x0003ee13     0x2a8d c:/program files (x86)/microchip/xc32/v2.10/bin/bin/../../lib/gcc/pic32c/6.2.1/../../../../pic32c/lib/v7e-m/fpv5/hard\libg.a(lib_a-vfprintf.o)
 .debug_info    0x000418a0     0x1737 c:/program files (x86)/microchip/xc32/v2.10/bin/bin/../../lib/gcc/pic32c/6.2.1/../../../../pic32c/lib/v7e-m/fpv5/hard\libg.a(lib_a-wctomb_r.o)
 .debug_info    0x00042fd7     0x11d7 c:/program files (x86)/microchip/xc32/v2.10/bin/bin/../../lib/gcc/pic32c/6.2.1/../../../../pic32c/lib/v7e-m/fpv5/hard\libg.a(lib_a-wsetup.o)
 .debug_info    0x000441ae      0xf5a c:/program files (x86)/microchip/xc32/v2.10/bin/bin/../../lib/gcc/pic32c/6.2.1/../../../../pic32c/lib/v7e-m/fpv5/hard\libg.a(lib_a-__call_atexit.o)
 .debug_info    0x00045108      0xe6f c:/program files (x86)/microchip/xc32/v2.10/bin/bin/../../lib/gcc/pic32c/6.2.1/../../../../pic32c/lib/v7e-m/fpv5/hard\libg.a(lib_a-atexit.o)
 .debug_info    0x00045f77     0x1569 c:/program files (x86)/microchip/xc32/v2.10/bin/bin/../../lib/gcc/pic32c/6.2.1/../../../../pic32c/lib/v7e-m/fpv5/hard\libg.a(lib_a-ctype_.o)
 .debug_info    0x000474e0     0x213a c:/program files (x86)/microchip/xc32/v2.10/bin/bin/../../lib/gcc/pic32c/6.2.1/../../../../pic32c/lib/v7e-m/fpv5/hard\libg.a(lib_a-dtoa.o)
 .debug_info    0x0004961a     0x1342 c:/program files (x86)/microchip/xc32/v2.10/bin/bin/../../lib/gcc/pic32c/6.2.1/../../../../pic32c/lib/v7e-m/fpv5/hard\libg.a(lib_a-fflush.o)
 .debug_info    0x0004a95c     0x170a c:/program files (x86)/microchip/xc32/v2.10/bin/bin/../../lib/gcc/pic32c/6.2.1/../../../../pic32c/lib/v7e-m/fpv5/hard\libg.a(lib_a-findfp.o)
 .debug_info    0x0004c066      0x3cf c:/program files (x86)/microchip/xc32/v2.10/bin/bin/../../lib/gcc/pic32c/6.2.1/../../../../pic32c/lib/v7e-m/fpv5/hard\libg.a(lib_a-fini.o)
 .debug_info    0x0004c435     0x13bc c:/program files (x86)/microchip/xc32/v2.10/bin/bin/../../lib/gcc/pic32c/6.2.1/../../../../pic32c/lib/v7e-m/fpv5/hard\libg.a(lib_a-freer.o)
 .debug_info    0x0004d7f1     0x14ef c:/program files (x86)/microchip/xc32/v2.10/bin/bin/../../lib/gcc/pic32c/6.2.1/../../../../pic32c/lib/v7e-m/fpv5/hard\libg.a(lib_a-fvwrite.o)
 .debug_info    0x0004ece0     0x1255 c:/program files (x86)/microchip/xc32/v2.10/bin/bin/../../lib/gcc/pic32c/6.2.1/../../../../pic32c/lib/v7e-m/fpv5/hard\libg.a(lib_a-fwalk.o)
 .debug_info    0x0004ff35     0x169d c:/program files (x86)/microchip/xc32/v2.10/bin/bin/../../lib/gcc/pic32c/6.2.1/../../../../pic32c/lib/v7e-m/fpv5/hard\libg.a(lib_a-localeconv.o)
 .debug_info    0x000515d2     0x15a4 c:/program files (x86)/microchip/xc32/v2.10/bin/bin/../../lib/gcc/pic32c/6.2.1/../../../../pic32c/lib/v7e-m/fpv5/hard\libg.a(lib_a-makebuf.o)
 .debug_info    0x00052b76      0x122 c:/program files (x86)/microchip/xc32/v2.10/bin/bin/../../lib/gcc/pic32c/6.2.1/../../../../pic32c/lib/v7e-m/fpv5/hard\libg.a(lib_a-memchr.o)
 .debug_info    0x00052c98     0x2568 c:/program files (x86)/microchip/xc32/v2.10/bin/bin/../../lib/gcc/pic32c/6.2.1/../../../../pic32c/lib/v7e-m/fpv5/hard\libg.a(lib_a-mprec.o)
 .debug_info    0x00055200      0xf8a c:/program files (x86)/microchip/xc32/v2.10/bin/bin/../../lib/gcc/pic32c/6.2.1/../../../../pic32c/lib/v7e-m/fpv5/hard\libg.a(lib_a-reent.o)
 .debug_info    0x0005618a      0xfa6 c:/program files (x86)/microchip/xc32/v2.10/bin/bin/../../lib/gcc/pic32c/6.2.1/../../../../pic32c/lib/v7e-m/fpv5/hard\libg.a(lib_a-s_frexp.o)
 .debug_info    0x00057130     0x140c c:/program files (x86)/microchip/xc32/v2.10/bin/bin/../../lib/gcc/pic32c/6.2.1/../../../../pic32c/lib/v7e-m/fpv5/hard\libg.a(lib_a-stdio.o)
 .debug_info    0x0005853c     0x21bb c:/program files (x86)/microchip/xc32/v2.10/bin/bin/../../lib/gcc/pic32c/6.2.1/../../../../pic32c/lib/v7e-m/fpv5/hard\libg.a(lib_a-svfiprintf.o)
 .debug_info    0x0005a6f7     0x2682 c:/program files (x86)/microchip/xc32/v2.10/bin/bin/../../lib/gcc/pic32c/6.2.1/../../../../pic32c/lib/v7e-m/fpv5/hard\libg.a(lib_a-vfiprintf.o)
 .debug_info    0x0005cd79      0xf05 c:/program files (x86)/microchip/xc32/v2.10/bin/bin/../../lib/gcc/pic32c/6.2.1/../../../../pic32c/lib/v7e-m/fpv5/hard\libg.a(lib_a-writer.o)
 .debug_info    0x0005dc7e      0xedb c:/program files (x86)/microchip/xc32/v2.10/bin/bin/../../lib/gcc/pic32c/6.2.1/../../../../pic32c/lib/v7e-m/fpv5/hard\libg.a(lib_a-__atexit.o)
 .debug_info    0x0005eb59     0x1248 c:/program files (x86)/microchip/xc32/v2.10/bin/bin/../../lib/gcc/pic32c/6.2.1/../../../../pic32c/lib/v7e-m/fpv5/hard\libg.a(lib_a-callocr.o)
 .debug_info    0x0005fda1      0xeb5 c:/program files (x86)/microchip/xc32/v2.10/bin/bin/../../lib/gcc/pic32c/6.2.1/../../../../pic32c/lib/v7e-m/fpv5/hard\libg.a(lib_a-closer.o)
 .debug_info    0x00060c56     0x1291 c:/program files (x86)/microchip/xc32/v2.10/bin/bin/../../lib/gcc/pic32c/6.2.1/../../../../pic32c/lib/v7e-m/fpv5/hard\libg.a(lib_a-fclose.o)
 .debug_info    0x00061ee7     0x13fc c:/program files (x86)/microchip/xc32/v2.10/bin/bin/../../lib/gcc/pic32c/6.2.1/../../../../pic32c/lib/v7e-m/fpv5/hard\libg.a(lib_a-fputwc.o)
 .debug_info    0x000632e3     0x11aa c:/program files (x86)/microchip/xc32/v2.10/bin/bin/../../lib/gcc/pic32c/6.2.1/../../../../pic32c/lib/v7e-m/fpv5/hard\libg.a(lib_a-fstatr.o)
 .debug_info    0x0006448d      0xeba c:/program files (x86)/microchip/xc32/v2.10/bin/bin/../../lib/gcc/pic32c/6.2.1/../../../../pic32c/lib/v7e-m/fpv5/hard\libg.a(lib_a-isattyr.o)
 .debug_info    0x00065347      0xee6 c:/program files (x86)/microchip/xc32/v2.10/bin/bin/../../lib/gcc/pic32c/6.2.1/../../../../pic32c/lib/v7e-m/fpv5/hard\libg.a(lib_a-lseekr.o)
 .debug_info    0x0006622d      0xefd c:/program files (x86)/microchip/xc32/v2.10/bin/bin/../../lib/gcc/pic32c/6.2.1/../../../../pic32c/lib/v7e-m/fpv5/hard\libg.a(lib_a-readr.o)
 .debug_info    0x0006712a     0x125c c:/program files (x86)/microchip/xc32/v2.10/bin/bin/../../lib/gcc/pic32c/6.2.1/../../../../pic32c/lib/v7e-m/fpv5/hard\libg.a(lib_a-wbuf.o)
 .debug_info    0x00068386     0x17ed c:/program files (x86)/microchip/xc32/v2.10/bin/bin/../../lib/gcc/pic32c/6.2.1/../../../../pic32c/lib/v7e-m/fpv5/hard\libg.a(lib_a-wcrtomb.o)
 .debug_info    0x00069b73      0x294 c:/program files (x86)/microchip/xc32/v2.10/bin/bin/../../lib/gcc/pic32c/6.2.1/../../../../pic32c/lib/v7e-m/fpv5/hard\libpic32c.a(close.o)
 .debug_info    0x00069e07      0x284 c:/program files (x86)/microchip/xc32/v2.10/bin/bin/../../lib/gcc/pic32c/6.2.1/../../../../pic32c/lib/v7e-m/fpv5/hard\libpic32c.a(fstat.o)
 .debug_info    0x0006a08b      0x286 c:/program files (x86)/microchip/xc32/v2.10/bin/bin/../../lib/gcc/pic32c/6.2.1/../../../../pic32c/lib/v7e-m/fpv5/hard\libpic32c.a(isatty.o)
 .debug_info    0x0006a311      0x284 c:/program files (x86)/microchip/xc32/v2.10/bin/bin/../../lib/gcc/pic32c/6.2.1/../../../../pic32c/lib/v7e-m/fpv5/hard\libpic32c.a(lseek.o)
 .debug_info    0x0006a595      0x283 c:/program files (x86)/microchip/xc32/v2.10/bin/bin/../../lib/gcc/pic32c/6.2.1/../../../../pic32c/lib/v7e-m/fpv5/hard\libpic32c.a(read.o)
 .debug_info    0x0006a818      0x282 c:/program files (x86)/microchip/xc32/v2.10/bin/bin/../../lib/gcc/pic32c/6.2.1/../../../../pic32c/lib/v7e-m/fpv5/hard\libpic32c.a(sbrk.o)
 .debug_info    0x0006aa9a      0x285 c:/program files (x86)/microchip/xc32/v2.10/bin/bin/../../lib/gcc/pic32c/6.2.1/../../../../pic32c/lib/v7e-m/fpv5/hard\libpic32c.a(write.o)

.debug_abbrev   0x00000000     0xb182
 .debug_abbrev  0x00000000      0x1a3 build/sam_e70_xplained_ultra/debug/_ext/1434821282/bsp.o
 .debug_abbrev  0x000001a3       0xfa build/sam_e70_xplained_ultra/debug/_ext/60165520/plib_clk.o
 .debug_abbrev  0x0000029d      0x179 build/sam_e70_xplained_ultra/debug/_ext/1865468468/plib_nvic.o
 .debug_abbrev  0x00000416      0x160 build/sam_e70_xplained_ultra/debug/_ext/60177924/plib_pio.o
 .debug_abbrev  0x00000576      0x228 build/sam_e70_xplained_ultra/debug/_ext/829342655/plib_tc1.o
 .debug_abbrev  0x0000079e      0x298 build/sam_e70_xplained_ultra/debug/_ext/2001315827/plib_usart1.o
 .debug_abbrev  0x00000a36       0x75 build/sam_e70_xplained_ultra/debug/_ext/163028504/xc32_monitor.o
 .debug_abbrev  0x00000aab      0x2f4 build/sam_e70_xplained_ultra/debug/_ext/1832805299/sys_console.o
 .debug_abbrev  0x00000d9f      0x37f build/sam_e70_xplained_ultra/debug/_ext/1832805299/sys_console_uart.o
 .debug_abbrev  0x0000111e      0x36a build/sam_e70_xplained_ultra/debug/_ext/1832805299/sys_debug.o
 .debug_abbrev  0x00001488      0x1f1 build/sam_e70_xplained_ultra/debug/_ext/1881668453/sys_int.o
 .debug_abbrev  0x00001679      0x50d build/sam_e70_xplained_ultra/debug/_ext/101884895/sys_time.o
 .debug_abbrev  0x00001b86      0x271 build/sam_e70_xplained_ultra/debug/_ext/1171490990/initialization.o
 .debug_abbrev  0x00001df7      0x1ce build/sam_e70_xplained_ultra/debug/_ext/1171490990/interrupts.o
 .debug_abbrev  0x00001fc5      0x2e4 build/sam_e70_xplained_ultra/debug/_ext/1171490990/exceptions.o
 .debug_abbrev  0x000022a9      0x2b0 build/sam_e70_xplained_ultra/debug/_ext/1171490990/startup.o
 .debug_abbrev  0x00002559      0x1df build/sam_e70_xplained_ultra/debug/_ext/1171490990/tasks.o
 .debug_abbrev  0x00002738      0x36f build/sam_e70_xplained_ultra/debug/_ext/1645245335/crypto.o
 .debug_abbrev  0x00002aa7      0x344 build/sam_e70_xplained_ultra/debug/_ext/1645245335/md5.o
 .debug_abbrev  0x00002deb      0x3bf build/sam_e70_xplained_ultra/debug/_ext/1645245335/sha512.o
 .debug_abbrev  0x000031aa      0x346 build/sam_e70_xplained_ultra/debug/_ext/1645245335/sha_pic32c.o
 .debug_abbrev  0x000034f0      0x37e build/sam_e70_xplained_ultra/debug/_ext/1645245335/sha256_pic32c.o
 .debug_abbrev  0x0000386e      0x1e8 build/sam_e70_xplained_ultra/debug/_ext/1360937237/main.o
 .debug_abbrev  0x00003a56      0x3ee build/sam_e70_xplained_ultra/debug/_ext/1360937237/app.o
 .debug_abbrev  0x00003e44       0x2a c:/program files (x86)/microchip/xc32/v2.10/bin/bin/../../lib/gcc/pic32c/6.2.1/../../../../pic32c/lib/v7e-m/fpv5/hard\libpic32c.a(data_init.o)
 .debug_abbrev  0x00003e6e       0x14 c:/program files (x86)/microchip/xc32/v2.10/bin/bin/../../lib/gcc/pic32c/6.2.1/v7e-m/fpv5/hard\libgcc.a(_aeabi_uldivmod.o)
 .debug_abbrev  0x00003e82      0x201 c:/program files (x86)/microchip/xc32/v2.10/bin/bin/../../lib/gcc/pic32c/6.2.1/v7e-m/fpv5/hard\libgcc.a(_udivmoddi4.o)
 .debug_abbrev  0x00004083       0x14 c:/program files (x86)/microchip/xc32/v2.10/bin/bin/../../lib/gcc/pic32c/6.2.1/v7e-m/fpv5/hard\libgcc.a(_dvmd_tls.o)
 .debug_abbrev  0x00004097      0x176 c:/program files (x86)/microchip/xc32/v2.10/bin/bin/../../lib/gcc/pic32c/6.2.1/../../../../pic32c/lib/v7e-m/fpv5/hard\libg.a(lib_a-impure.o)
 .debug_abbrev  0x0000420d       0xa3 c:/program files (x86)/microchip/xc32/v2.10/bin/bin/../../lib/gcc/pic32c/6.2.1/../../../../pic32c/lib/v7e-m/fpv5/hard\libg.a(lib_a-init.o)
 .debug_abbrev  0x000042b0      0x299 c:/program files (x86)/microchip/xc32/v2.10/bin/bin/../../lib/gcc/pic32c/6.2.1/../../../../pic32c/lib/v7e-m/fpv5/hard\libg.a(lib_a-locale.o)
 .debug_abbrev  0x00004549      0x1f8 c:/program files (x86)/microchip/xc32/v2.10/bin/bin/../../lib/gcc/pic32c/6.2.1/../../../../pic32c/lib/v7e-m/fpv5/hard\libg.a(lib_a-malloc.o)
 .debug_abbrev  0x00004741      0x2ad c:/program files (x86)/microchip/xc32/v2.10/bin/bin/../../lib/gcc/pic32c/6.2.1/../../../../pic32c/lib/v7e-m/fpv5/hard\libg.a(lib_a-mallocr.o)
 .debug_abbrev  0x000049ee      0x203 c:/program files (x86)/microchip/xc32/v2.10/bin/bin/../../lib/gcc/pic32c/6.2.1/../../../../pic32c/lib/v7e-m/fpv5/hard\libg.a(lib_a-mbtowc_r.o)
 .debug_abbrev  0x00004bf1      0x1a3 c:/program files (x86)/microchip/xc32/v2.10/bin/bin/../../lib/gcc/pic32c/6.2.1/../../../../pic32c/lib/v7e-m/fpv5/hard\libg.a(lib_a-memcmp.o)
 .debug_abbrev  0x00004d94       0x14 c:/program files (x86)/microchip/xc32/v2.10/bin/bin/../../lib/gcc/pic32c/6.2.1/../../../../pic32c/lib/v7e-m/fpv5/hard\libg.a(lib_a-memcpy.o)
 .debug_abbrev  0x00004da8      0x1bc c:/program files (x86)/microchip/xc32/v2.10/bin/bin/../../lib/gcc/pic32c/6.2.1/../../../../pic32c/lib/v7e-m/fpv5/hard\libg.a(lib_a-memmove.o)
 .debug_abbrev  0x00004f64      0x1b7 c:/program files (x86)/microchip/xc32/v2.10/bin/bin/../../lib/gcc/pic32c/6.2.1/../../../../pic32c/lib/v7e-m/fpv5/hard\libg.a(lib_a-memset.o)
 .debug_abbrev  0x0000511b      0x1b9 c:/program files (x86)/microchip/xc32/v2.10/bin/bin/../../lib/gcc/pic32c/6.2.1/../../../../pic32c/lib/v7e-m/fpv5/hard\libg.a(lib_a-mlock.o)
 .debug_abbrev  0x000052d4      0x23e c:/program files (x86)/microchip/xc32/v2.10/bin/bin/../../lib/gcc/pic32c/6.2.1/../../../../pic32c/lib/v7e-m/fpv5/hard\libg.a(lib_a-printf.o)
 .debug_abbrev  0x00005512      0x265 c:/program files (x86)/microchip/xc32/v2.10/bin/bin/../../lib/gcc/pic32c/6.2.1/../../../../pic32c/lib/v7e-m/fpv5/hard\libg.a(lib_a-puts.o)
 .debug_abbrev  0x00005777      0x262 c:/program files (x86)/microchip/xc32/v2.10/bin/bin/../../lib/gcc/pic32c/6.2.1/../../../../pic32c/lib/v7e-m/fpv5/hard\libg.a(lib_a-reallocr.o)
 .debug_abbrev  0x000059d9      0x1ed c:/program files (x86)/microchip/xc32/v2.10/bin/bin/../../lib/gcc/pic32c/6.2.1/../../../../pic32c/lib/v7e-m/fpv5/hard\libg.a(lib_a-sbrkr.o)
 .debug_abbrev  0x00005bc6      0x22f c:/program files (x86)/microchip/xc32/v2.10/bin/bin/../../lib/gcc/pic32c/6.2.1/../../../../pic32c/lib/v7e-m/fpv5/hard\libg.a(lib_a-sprintf.o)
 .debug_abbrev  0x00005df5       0x14 c:/program files (x86)/microchip/xc32/v2.10/bin/bin/../../lib/gcc/pic32c/6.2.1/../../../../pic32c/lib/v7e-m/fpv5/hard\libg.a(lib_a-strlen.o)
 .debug_abbrev  0x00005e09      0x1ad c:/program files (x86)/microchip/xc32/v2.10/bin/bin/../../lib/gcc/pic32c/6.2.1/../../../../pic32c/lib/v7e-m/fpv5/hard\libg.a(lib_a-strncpy.o)
 .debug_abbrev  0x00005fb6      0x319 c:/program files (x86)/microchip/xc32/v2.10/bin/bin/../../lib/gcc/pic32c/6.2.1/../../../../pic32c/lib/v7e-m/fpv5/hard\libg.a(lib_a-svfprintf.o)
 .debug_abbrev  0x000062cf      0x366 c:/program files (x86)/microchip/xc32/v2.10/bin/bin/../../lib/gcc/pic32c/6.2.1/../../../../pic32c/lib/v7e-m/fpv5/hard\libg.a(lib_a-vfprintf.o)
 .debug_abbrev  0x00006635      0x21f c:/program files (x86)/microchip/xc32/v2.10/bin/bin/../../lib/gcc/pic32c/6.2.1/../../../../pic32c/lib/v7e-m/fpv5/hard\libg.a(lib_a-wctomb_r.o)
 .debug_abbrev  0x00006854      0x23c c:/program files (x86)/microchip/xc32/v2.10/bin/bin/../../lib/gcc/pic32c/6.2.1/../../../../pic32c/lib/v7e-m/fpv5/hard\libg.a(lib_a-wsetup.o)
 .debug_abbrev  0x00006a90      0x242 c:/program files (x86)/microchip/xc32/v2.10/bin/bin/../../lib/gcc/pic32c/6.2.1/../../../../pic32c/lib/v7e-m/fpv5/hard\libg.a(lib_a-__call_atexit.o)
 .debug_abbrev  0x00006cd2      0x1e6 c:/program files (x86)/microchip/xc32/v2.10/bin/bin/../../lib/gcc/pic32c/6.2.1/../../../../pic32c/lib/v7e-m/fpv5/hard\libg.a(lib_a-atexit.o)
 .debug_abbrev  0x00006eb8      0x176 c:/program files (x86)/microchip/xc32/v2.10/bin/bin/../../lib/gcc/pic32c/6.2.1/../../../../pic32c/lib/v7e-m/fpv5/hard\libg.a(lib_a-ctype_.o)
 .debug_abbrev  0x0000702e      0x27a c:/program files (x86)/microchip/xc32/v2.10/bin/bin/../../lib/gcc/pic32c/6.2.1/../../../../pic32c/lib/v7e-m/fpv5/hard\libg.a(lib_a-dtoa.o)
 .debug_abbrev  0x000072a8      0x2d2 c:/program files (x86)/microchip/xc32/v2.10/bin/bin/../../lib/gcc/pic32c/6.2.1/../../../../pic32c/lib/v7e-m/fpv5/hard\libg.a(lib_a-fflush.o)
 .debug_abbrev  0x0000757a      0x3a1 c:/program files (x86)/microchip/xc32/v2.10/bin/bin/../../lib/gcc/pic32c/6.2.1/../../../../pic32c/lib/v7e-m/fpv5/hard\libg.a(lib_a-findfp.o)
 .debug_abbrev  0x0000791b       0xa6 c:/program files (x86)/microchip/xc32/v2.10/bin/bin/../../lib/gcc/pic32c/6.2.1/../../../../pic32c/lib/v7e-m/fpv5/hard\libg.a(lib_a-fini.o)
 .debug_abbrev  0x000079c1      0x24f c:/program files (x86)/microchip/xc32/v2.10/bin/bin/../../lib/gcc/pic32c/6.2.1/../../../../pic32c/lib/v7e-m/fpv5/hard\libg.a(lib_a-freer.o)
 .debug_abbrev  0x00007c10      0x263 c:/program files (x86)/microchip/xc32/v2.10/bin/bin/../../lib/gcc/pic32c/6.2.1/../../../../pic32c/lib/v7e-m/fpv5/hard\libg.a(lib_a-fvwrite.o)
 .debug_abbrev  0x00007e73      0x1e3 c:/program files (x86)/microchip/xc32/v2.10/bin/bin/../../lib/gcc/pic32c/6.2.1/../../../../pic32c/lib/v7e-m/fpv5/hard\libg.a(lib_a-fwalk.o)
 .debug_abbrev  0x00008056      0x21b c:/program files (x86)/microchip/xc32/v2.10/bin/bin/../../lib/gcc/pic32c/6.2.1/../../../../pic32c/lib/v7e-m/fpv5/hard\libg.a(lib_a-localeconv.o)
 .debug_abbrev  0x00008271      0x2b6 c:/program files (x86)/microchip/xc32/v2.10/bin/bin/../../lib/gcc/pic32c/6.2.1/../../../../pic32c/lib/v7e-m/fpv5/hard\libg.a(lib_a-makebuf.o)
 .debug_abbrev  0x00008527       0x14 c:/program files (x86)/microchip/xc32/v2.10/bin/bin/../../lib/gcc/pic32c/6.2.1/../../../../pic32c/lib/v7e-m/fpv5/hard\libg.a(lib_a-memchr.o)
 .debug_abbrev  0x0000853b      0x3cc c:/program files (x86)/microchip/xc32/v2.10/bin/bin/../../lib/gcc/pic32c/6.2.1/../../../../pic32c/lib/v7e-m/fpv5/hard\libg.a(lib_a-mprec.o)
 .debug_abbrev  0x00008907      0x23f c:/program files (x86)/microchip/xc32/v2.10/bin/bin/../../lib/gcc/pic32c/6.2.1/../../../../pic32c/lib/v7e-m/fpv5/hard\libg.a(lib_a-reent.o)
 .debug_abbrev  0x00008b46      0x207 c:/program files (x86)/microchip/xc32/v2.10/bin/bin/../../lib/gcc/pic32c/6.2.1/../../../../pic32c/lib/v7e-m/fpv5/hard\libg.a(lib_a-s_frexp.o)
 .debug_abbrev  0x00008d4d      0x284 c:/program files (x86)/microchip/xc32/v2.10/bin/bin/../../lib/gcc/pic32c/6.2.1/../../../../pic32c/lib/v7e-m/fpv5/hard\libg.a(lib_a-stdio.o)
 .debug_abbrev  0x00008fd1      0x2c7 c:/program files (x86)/microchip/xc32/v2.10/bin/bin/../../lib/gcc/pic32c/6.2.1/../../../../pic32c/lib/v7e-m/fpv5/hard\libg.a(lib_a-svfiprintf.o)
 .debug_abbrev  0x00009298      0x3a2 c:/program files (x86)/microchip/xc32/v2.10/bin/bin/../../lib/gcc/pic32c/6.2.1/../../../../pic32c/lib/v7e-m/fpv5/hard\libg.a(lib_a-vfiprintf.o)
 .debug_abbrev  0x0000963a      0x1fc c:/program files (x86)/microchip/xc32/v2.10/bin/bin/../../lib/gcc/pic32c/6.2.1/../../../../pic32c/lib/v7e-m/fpv5/hard\libg.a(lib_a-writer.o)
 .debug_abbrev  0x00009836      0x1f2 c:/program files (x86)/microchip/xc32/v2.10/bin/bin/../../lib/gcc/pic32c/6.2.1/../../../../pic32c/lib/v7e-m/fpv5/hard\libg.a(lib_a-__atexit.o)
 .debug_abbrev  0x00009a28      0x203 c:/program files (x86)/microchip/xc32/v2.10/bin/bin/../../lib/gcc/pic32c/6.2.1/../../../../pic32c/lib/v7e-m/fpv5/hard\libg.a(lib_a-callocr.o)
 .debug_abbrev  0x00009c2b      0x1f7 c:/program files (x86)/microchip/xc32/v2.10/bin/bin/../../lib/gcc/pic32c/6.2.1/../../../../pic32c/lib/v7e-m/fpv5/hard\libg.a(lib_a-closer.o)
 .debug_abbrev  0x00009e22      0x2b9 c:/program files (x86)/microchip/xc32/v2.10/bin/bin/../../lib/gcc/pic32c/6.2.1/../../../../pic32c/lib/v7e-m/fpv5/hard\libg.a(lib_a-fclose.o)
 .debug_abbrev  0x0000a0db      0x309 c:/program files (x86)/microchip/xc32/v2.10/bin/bin/../../lib/gcc/pic32c/6.2.1/../../../../pic32c/lib/v7e-m/fpv5/hard\libg.a(lib_a-fputwc.o)
 .debug_abbrev  0x0000a3e4      0x1f7 c:/program files (x86)/microchip/xc32/v2.10/bin/bin/../../lib/gcc/pic32c/6.2.1/../../../../pic32c/lib/v7e-m/fpv5/hard\libg.a(lib_a-fstatr.o)
 .debug_abbrev  0x0000a5db      0x1f7 c:/program files (x86)/microchip/xc32/v2.10/bin/bin/../../lib/gcc/pic32c/6.2.1/../../../../pic32c/lib/v7e-m/fpv5/hard\libg.a(lib_a-isattyr.o)
 .debug_abbrev  0x0000a7d2      0x1f7 c:/program files (x86)/microchip/xc32/v2.10/bin/bin/../../lib/gcc/pic32c/6.2.1/../../../../pic32c/lib/v7e-m/fpv5/hard\libg.a(lib_a-lseekr.o)
 .debug_abbrev  0x0000a9c9      0x1f7 c:/program files (x86)/microchip/xc32/v2.10/bin/bin/../../lib/gcc/pic32c/6.2.1/../../../../pic32c/lib/v7e-m/fpv5/hard\libg.a(lib_a-readr.o)
 .debug_abbrev  0x0000abc0      0x266 c:/program files (x86)/microchip/xc32/v2.10/bin/bin/../../lib/gcc/pic32c/6.2.1/../../../../pic32c/lib/v7e-m/fpv5/hard\libg.a(lib_a-wbuf.o)
 .debug_abbrev  0x0000ae26      0x220 c:/program files (x86)/microchip/xc32/v2.10/bin/bin/../../lib/gcc/pic32c/6.2.1/../../../../pic32c/lib/v7e-m/fpv5/hard\libg.a(lib_a-wcrtomb.o)
 .debug_abbrev  0x0000b046       0x40 c:/program files (x86)/microchip/xc32/v2.10/bin/bin/../../lib/gcc/pic32c/6.2.1/../../../../pic32c/lib/v7e-m/fpv5/hard\libpic32c.a(close.o)
 .debug_abbrev  0x0000b086       0x2a c:/program files (x86)/microchip/xc32/v2.10/bin/bin/../../lib/gcc/pic32c/6.2.1/../../../../pic32c/lib/v7e-m/fpv5/hard\libpic32c.a(fstat.o)
 .debug_abbrev  0x0000b0b0       0x2a c:/program files (x86)/microchip/xc32/v2.10/bin/bin/../../lib/gcc/pic32c/6.2.1/../../../../pic32c/lib/v7e-m/fpv5/hard\libpic32c.a(isatty.o)
 .debug_abbrev  0x0000b0da       0x2a c:/program files (x86)/microchip/xc32/v2.10/bin/bin/../../lib/gcc/pic32c/6.2.1/../../../../pic32c/lib/v7e-m/fpv5/hard\libpic32c.a(lseek.o)
 .debug_abbrev  0x0000b104       0x2a c:/program files (x86)/microchip/xc32/v2.10/bin/bin/../../lib/gcc/pic32c/6.2.1/../../../../pic32c/lib/v7e-m/fpv5/hard\libpic32c.a(read.o)
 .debug_abbrev  0x0000b12e       0x2a c:/program files (x86)/microchip/xc32/v2.10/bin/bin/../../lib/gcc/pic32c/6.2.1/../../../../pic32c/lib/v7e-m/fpv5/hard\libpic32c.a(sbrk.o)
 .debug_abbrev  0x0000b158       0x2a c:/program files (x86)/microchip/xc32/v2.10/bin/bin/../../lib/gcc/pic32c/6.2.1/../../../../pic32c/lib/v7e-m/fpv5/hard\libpic32c.a(write.o)

.debug_aranges  0x00000000     0x12b8
 .debug_aranges
                0x00000000       0x20 build/sam_e70_xplained_ultra/debug/_ext/1434821282/bsp.o
 .debug_aranges
                0x00000020       0x20 build/sam_e70_xplained_ultra/debug/_ext/60165520/plib_clk.o
 .debug_aranges
                0x00000040       0x20 build/sam_e70_xplained_ultra/debug/_ext/1865468468/plib_nvic.o
 .debug_aranges
                0x00000060       0x60 build/sam_e70_xplained_ultra/debug/_ext/60177924/plib_pio.o
 .debug_aranges
                0x000000c0       0x60 build/sam_e70_xplained_ultra/debug/_ext/829342655/plib_tc1.o
 .debug_aranges
                0x00000120       0x78 build/sam_e70_xplained_ultra/debug/_ext/2001315827/plib_usart1.o
 .debug_aranges
                0x00000198       0x28 build/sam_e70_xplained_ultra/debug/_ext/163028504/xc32_monitor.o
 .debug_aranges
                0x000001c0       0x60 build/sam_e70_xplained_ultra/debug/_ext/1832805299/sys_console.o
 .debug_aranges
                0x00000220       0x68 build/sam_e70_xplained_ultra/debug/_ext/1832805299/sys_console_uart.o
 .debug_aranges
                0x00000288       0x60 build/sam_e70_xplained_ultra/debug/_ext/1832805299/sys_debug.o
 .debug_aranges
                0x000002e8       0x38 build/sam_e70_xplained_ultra/debug/_ext/1881668453/sys_int.o
 .debug_aranges
                0x00000320      0x100 build/sam_e70_xplained_ultra/debug/_ext/101884895/sys_time.o
 .debug_aranges
                0x00000420       0x20 build/sam_e70_xplained_ultra/debug/_ext/1171490990/initialization.o
 .debug_aranges
                0x00000440       0x20 build/sam_e70_xplained_ultra/debug/_ext/1171490990/interrupts.o
 .debug_aranges
                0x00000460       0x70 build/sam_e70_xplained_ultra/debug/_ext/1171490990/exceptions.o
 .debug_aranges
                0x000004d0       0x20 build/sam_e70_xplained_ultra/debug/_ext/1171490990/startup.o
 .debug_aranges
                0x000004f0       0x20 build/sam_e70_xplained_ultra/debug/_ext/1171490990/tasks.o
 .debug_aranges
                0x00000510      0x1c8 build/sam_e70_xplained_ultra/debug/_ext/1645245335/crypto.o
 .debug_aranges
                0x000006d8       0x58 build/sam_e70_xplained_ultra/debug/_ext/1645245335/md5.o
 .debug_aranges
                0x00000730       0x90 build/sam_e70_xplained_ultra/debug/_ext/1645245335/sha512.o
 .debug_aranges
                0x000007c0       0x38 build/sam_e70_xplained_ultra/debug/_ext/1645245335/sha_pic32c.o
 .debug_aranges
                0x000007f8       0x40 build/sam_e70_xplained_ultra/debug/_ext/1645245335/sha256_pic32c.o
 .debug_aranges
                0x00000838       0x20 build/sam_e70_xplained_ultra/debug/_ext/1360937237/main.o
 .debug_aranges
                0x00000858       0x78 build/sam_e70_xplained_ultra/debug/_ext/1360937237/app.o
 .debug_aranges
                0x000008d0       0x20 c:/program files (x86)/microchip/xc32/v2.10/bin/bin/../../lib/gcc/pic32c/6.2.1/../../../../pic32c/lib/v7e-m/fpv5/hard\libpic32c.a(data_init.o)
 .debug_aranges
                0x000008f0       0x20 c:/program files (x86)/microchip/xc32/v2.10/bin/bin/../../lib/gcc/pic32c/6.2.1/v7e-m/fpv5/hard\libgcc.a(_aeabi_uldivmod.o)
 .debug_aranges
                0x00000910       0x20 c:/program files (x86)/microchip/xc32/v2.10/bin/bin/../../lib/gcc/pic32c/6.2.1/v7e-m/fpv5/hard\libgcc.a(_udivmoddi4.o)
 .debug_aranges
                0x00000930       0x20 c:/program files (x86)/microchip/xc32/v2.10/bin/bin/../../lib/gcc/pic32c/6.2.1/v7e-m/fpv5/hard\libgcc.a(_dvmd_tls.o)
 .debug_aranges
                0x00000950       0x18 c:/program files (x86)/microchip/xc32/v2.10/bin/bin/../../lib/gcc/pic32c/6.2.1/../../../../pic32c/lib/v7e-m/fpv5/hard\libg.a(lib_a-impure.o)
 .debug_aranges
                0x00000968       0x20 c:/program files (x86)/microchip/xc32/v2.10/bin/bin/../../lib/gcc/pic32c/6.2.1/../../../../pic32c/lib/v7e-m/fpv5/hard\libg.a(lib_a-init.o)
 .debug_aranges
                0x00000988       0x40 c:/program files (x86)/microchip/xc32/v2.10/bin/bin/../../lib/gcc/pic32c/6.2.1/../../../../pic32c/lib/v7e-m/fpv5/hard\libg.a(lib_a-locale.o)
 .debug_aranges
                0x000009c8       0x28 c:/program files (x86)/microchip/xc32/v2.10/bin/bin/../../lib/gcc/pic32c/6.2.1/../../../../pic32c/lib/v7e-m/fpv5/hard\libg.a(lib_a-malloc.o)
 .debug_aranges
                0x000009f0       0x20 c:/program files (x86)/microchip/xc32/v2.10/bin/bin/../../lib/gcc/pic32c/6.2.1/../../../../pic32c/lib/v7e-m/fpv5/hard\libg.a(lib_a-mallocr.o)
 .debug_aranges
                0x00000a10       0x28 c:/program files (x86)/microchip/xc32/v2.10/bin/bin/../../lib/gcc/pic32c/6.2.1/../../../../pic32c/lib/v7e-m/fpv5/hard\libg.a(lib_a-mbtowc_r.o)
 .debug_aranges
                0x00000a38       0x20 c:/program files (x86)/microchip/xc32/v2.10/bin/bin/../../lib/gcc/pic32c/6.2.1/../../../../pic32c/lib/v7e-m/fpv5/hard\libg.a(lib_a-memcmp.o)
 .debug_aranges
                0x00000a58       0x20 c:/program files (x86)/microchip/xc32/v2.10/bin/bin/../../lib/gcc/pic32c/6.2.1/../../../../pic32c/lib/v7e-m/fpv5/hard\libg.a(lib_a-memcpy.o)
 .debug_aranges
                0x00000a78       0x20 c:/program files (x86)/microchip/xc32/v2.10/bin/bin/../../lib/gcc/pic32c/6.2.1/../../../../pic32c/lib/v7e-m/fpv5/hard\libg.a(lib_a-memmove.o)
 .debug_aranges
                0x00000a98       0x20 c:/program files (x86)/microchip/xc32/v2.10/bin/bin/../../lib/gcc/pic32c/6.2.1/../../../../pic32c/lib/v7e-m/fpv5/hard\libg.a(lib_a-memset.o)
 .debug_aranges
                0x00000ab8       0x20 c:/program files (x86)/microchip/xc32/v2.10/bin/bin/../../lib/gcc/pic32c/6.2.1/../../../../pic32c/lib/v7e-m/fpv5/hard\libg.a(lib_a-mlock.o)
 .debug_aranges
                0x00000ad8       0x28 c:/program files (x86)/microchip/xc32/v2.10/bin/bin/../../lib/gcc/pic32c/6.2.1/../../../../pic32c/lib/v7e-m/fpv5/hard\libg.a(lib_a-printf.o)
 .debug_aranges
                0x00000b00       0x28 c:/program files (x86)/microchip/xc32/v2.10/bin/bin/../../lib/gcc/pic32c/6.2.1/../../../../pic32c/lib/v7e-m/fpv5/hard\libg.a(lib_a-puts.o)
 .debug_aranges
                0x00000b28       0x20 c:/program files (x86)/microchip/xc32/v2.10/bin/bin/../../lib/gcc/pic32c/6.2.1/../../../../pic32c/lib/v7e-m/fpv5/hard\libg.a(lib_a-reallocr.o)
 .debug_aranges
                0x00000b48       0x20 c:/program files (x86)/microchip/xc32/v2.10/bin/bin/../../lib/gcc/pic32c/6.2.1/../../../../pic32c/lib/v7e-m/fpv5/hard\libg.a(lib_a-sbrkr.o)
 .debug_aranges
                0x00000b68       0x28 c:/program files (x86)/microchip/xc32/v2.10/bin/bin/../../lib/gcc/pic32c/6.2.1/../../../../pic32c/lib/v7e-m/fpv5/hard\libg.a(lib_a-sprintf.o)
 .debug_aranges
                0x00000b90       0x20 c:/program files (x86)/microchip/xc32/v2.10/bin/bin/../../lib/gcc/pic32c/6.2.1/../../../../pic32c/lib/v7e-m/fpv5/hard\libg.a(lib_a-strlen.o)
 .debug_aranges
                0x00000bb0       0x20 c:/program files (x86)/microchip/xc32/v2.10/bin/bin/../../lib/gcc/pic32c/6.2.1/../../../../pic32c/lib/v7e-m/fpv5/hard\libg.a(lib_a-strncpy.o)
 .debug_aranges
                0x00000bd0       0x20 c:/program files (x86)/microchip/xc32/v2.10/bin/bin/../../lib/gcc/pic32c/6.2.1/../../../../pic32c/lib/v7e-m/fpv5/hard\libg.a(lib_a-svfprintf.o)
 .debug_aranges
                0x00000bf0       0x30 c:/program files (x86)/microchip/xc32/v2.10/bin/bin/../../lib/gcc/pic32c/6.2.1/../../../../pic32c/lib/v7e-m/fpv5/hard\libg.a(lib_a-vfprintf.o)
 .debug_aranges
                0x00000c20       0x28 c:/program files (x86)/microchip/xc32/v2.10/bin/bin/../../lib/gcc/pic32c/6.2.1/../../../../pic32c/lib/v7e-m/fpv5/hard\libg.a(lib_a-wctomb_r.o)
 .debug_aranges
                0x00000c48       0x20 c:/program files (x86)/microchip/xc32/v2.10/bin/bin/../../lib/gcc/pic32c/6.2.1/../../../../pic32c/lib/v7e-m/fpv5/hard\libg.a(lib_a-wsetup.o)
 .debug_aranges
                0x00000c68       0x28 c:/program files (x86)/microchip/xc32/v2.10/bin/bin/../../lib/gcc/pic32c/6.2.1/../../../../pic32c/lib/v7e-m/fpv5/hard\libg.a(lib_a-__call_atexit.o)
 .debug_aranges
                0x00000c90       0x20 c:/program files (x86)/microchip/xc32/v2.10/bin/bin/../../lib/gcc/pic32c/6.2.1/../../../../pic32c/lib/v7e-m/fpv5/hard\libg.a(lib_a-atexit.o)
 .debug_aranges
                0x00000cb0       0x18 c:/program files (x86)/microchip/xc32/v2.10/bin/bin/../../lib/gcc/pic32c/6.2.1/../../../../pic32c/lib/v7e-m/fpv5/hard\libg.a(lib_a-ctype_.o)
 .debug_aranges
                0x00000cc8       0x28 c:/program files (x86)/microchip/xc32/v2.10/bin/bin/../../lib/gcc/pic32c/6.2.1/../../../../pic32c/lib/v7e-m/fpv5/hard\libg.a(lib_a-dtoa.o)
 .debug_aranges
                0x00000cf0       0x30 c:/program files (x86)/microchip/xc32/v2.10/bin/bin/../../lib/gcc/pic32c/6.2.1/../../../../pic32c/lib/v7e-m/fpv5/hard\libg.a(lib_a-fflush.o)
 .debug_aranges
                0x00000d20       0x68 c:/program files (x86)/microchip/xc32/v2.10/bin/bin/../../lib/gcc/pic32c/6.2.1/../../../../pic32c/lib/v7e-m/fpv5/hard\libg.a(lib_a-findfp.o)
 .debug_aranges
                0x00000d88       0x20 c:/program files (x86)/microchip/xc32/v2.10/bin/bin/../../lib/gcc/pic32c/6.2.1/../../../../pic32c/lib/v7e-m/fpv5/hard\libg.a(lib_a-fini.o)
 .debug_aranges
                0x00000da8       0x28 c:/program files (x86)/microchip/xc32/v2.10/bin/bin/../../lib/gcc/pic32c/6.2.1/../../../../pic32c/lib/v7e-m/fpv5/hard\libg.a(lib_a-freer.o)
 .debug_aranges
                0x00000dd0       0x20 c:/program files (x86)/microchip/xc32/v2.10/bin/bin/../../lib/gcc/pic32c/6.2.1/../../../../pic32c/lib/v7e-m/fpv5/hard\libg.a(lib_a-fvwrite.o)
 .debug_aranges
                0x00000df0       0x28 c:/program files (x86)/microchip/xc32/v2.10/bin/bin/../../lib/gcc/pic32c/6.2.1/../../../../pic32c/lib/v7e-m/fpv5/hard\libg.a(lib_a-fwalk.o)
 .debug_aranges
                0x00000e18       0x30 c:/program files (x86)/microchip/xc32/v2.10/bin/bin/../../lib/gcc/pic32c/6.2.1/../../../../pic32c/lib/v7e-m/fpv5/hard\libg.a(lib_a-localeconv.o)
 .debug_aranges
                0x00000e48       0x28 c:/program files (x86)/microchip/xc32/v2.10/bin/bin/../../lib/gcc/pic32c/6.2.1/../../../../pic32c/lib/v7e-m/fpv5/hard\libg.a(lib_a-makebuf.o)
 .debug_aranges
                0x00000e70       0x20 c:/program files (x86)/microchip/xc32/v2.10/bin/bin/../../lib/gcc/pic32c/6.2.1/../../../../pic32c/lib/v7e-m/fpv5/hard\libg.a(lib_a-memchr.o)
 .debug_aranges
                0x00000e90       0xb0 c:/program files (x86)/microchip/xc32/v2.10/bin/bin/../../lib/gcc/pic32c/6.2.1/../../../../pic32c/lib/v7e-m/fpv5/hard\libg.a(lib_a-mprec.o)
 .debug_aranges
                0x00000f40       0x28 c:/program files (x86)/microchip/xc32/v2.10/bin/bin/../../lib/gcc/pic32c/6.2.1/../../../../pic32c/lib/v7e-m/fpv5/hard\libg.a(lib_a-reent.o)
 .debug_aranges
                0x00000f68       0x20 c:/program files (x86)/microchip/xc32/v2.10/bin/bin/../../lib/gcc/pic32c/6.2.1/../../../../pic32c/lib/v7e-m/fpv5/hard\libg.a(lib_a-s_frexp.o)
 .debug_aranges
                0x00000f88       0x40 c:/program files (x86)/microchip/xc32/v2.10/bin/bin/../../lib/gcc/pic32c/6.2.1/../../../../pic32c/lib/v7e-m/fpv5/hard\libg.a(lib_a-stdio.o)
 .debug_aranges
                0x00000fc8       0x28 c:/program files (x86)/microchip/xc32/v2.10/bin/bin/../../lib/gcc/pic32c/6.2.1/../../../../pic32c/lib/v7e-m/fpv5/hard\libg.a(lib_a-svfiprintf.o)
 .debug_aranges
                0x00000ff0       0x40 c:/program files (x86)/microchip/xc32/v2.10/bin/bin/../../lib/gcc/pic32c/6.2.1/../../../../pic32c/lib/v7e-m/fpv5/hard\libg.a(lib_a-vfiprintf.o)
 .debug_aranges
                0x00001030       0x20 c:/program files (x86)/microchip/xc32/v2.10/bin/bin/../../lib/gcc/pic32c/6.2.1/../../../../pic32c/lib/v7e-m/fpv5/hard\libg.a(lib_a-writer.o)
 .debug_aranges
                0x00001050       0x20 c:/program files (x86)/microchip/xc32/v2.10/bin/bin/../../lib/gcc/pic32c/6.2.1/../../../../pic32c/lib/v7e-m/fpv5/hard\libg.a(lib_a-__atexit.o)
 .debug_aranges
                0x00001070       0x20 c:/program files (x86)/microchip/xc32/v2.10/bin/bin/../../lib/gcc/pic32c/6.2.1/../../../../pic32c/lib/v7e-m/fpv5/hard\libg.a(lib_a-callocr.o)
 .debug_aranges
                0x00001090       0x20 c:/program files (x86)/microchip/xc32/v2.10/bin/bin/../../lib/gcc/pic32c/6.2.1/../../../../pic32c/lib/v7e-m/fpv5/hard\libg.a(lib_a-closer.o)
 .debug_aranges
                0x000010b0       0x28 c:/program files (x86)/microchip/xc32/v2.10/bin/bin/../../lib/gcc/pic32c/6.2.1/../../../../pic32c/lib/v7e-m/fpv5/hard\libg.a(lib_a-fclose.o)
 .debug_aranges
                0x000010d8       0x30 c:/program files (x86)/microchip/xc32/v2.10/bin/bin/../../lib/gcc/pic32c/6.2.1/../../../../pic32c/lib/v7e-m/fpv5/hard\libg.a(lib_a-fputwc.o)
 .debug_aranges
                0x00001108       0x20 c:/program files (x86)/microchip/xc32/v2.10/bin/bin/../../lib/gcc/pic32c/6.2.1/../../../../pic32c/lib/v7e-m/fpv5/hard\libg.a(lib_a-fstatr.o)
 .debug_aranges
                0x00001128       0x20 c:/program files (x86)/microchip/xc32/v2.10/bin/bin/../../lib/gcc/pic32c/6.2.1/../../../../pic32c/lib/v7e-m/fpv5/hard\libg.a(lib_a-isattyr.o)
 .debug_aranges
                0x00001148       0x20 c:/program files (x86)/microchip/xc32/v2.10/bin/bin/../../lib/gcc/pic32c/6.2.1/../../../../pic32c/lib/v7e-m/fpv5/hard\libg.a(lib_a-lseekr.o)
 .debug_aranges
                0x00001168       0x20 c:/program files (x86)/microchip/xc32/v2.10/bin/bin/../../lib/gcc/pic32c/6.2.1/../../../../pic32c/lib/v7e-m/fpv5/hard\libg.a(lib_a-readr.o)
 .debug_aranges
                0x00001188       0x28 c:/program files (x86)/microchip/xc32/v2.10/bin/bin/../../lib/gcc/pic32c/6.2.1/../../../../pic32c/lib/v7e-m/fpv5/hard\libg.a(lib_a-wbuf.o)
 .debug_aranges
                0x000011b0       0x28 c:/program files (x86)/microchip/xc32/v2.10/bin/bin/../../lib/gcc/pic32c/6.2.1/../../../../pic32c/lib/v7e-m/fpv5/hard\libg.a(lib_a-wcrtomb.o)
 .debug_aranges
                0x000011d8       0x20 c:/program files (x86)/microchip/xc32/v2.10/bin/bin/../../lib/gcc/pic32c/6.2.1/../../../../pic32c/lib/v7e-m/fpv5/hard\libpic32c.a(close.o)
 .debug_aranges
                0x000011f8       0x20 c:/program files (x86)/microchip/xc32/v2.10/bin/bin/../../lib/gcc/pic32c/6.2.1/../../../../pic32c/lib/v7e-m/fpv5/hard\libpic32c.a(fstat.o)
 .debug_aranges
                0x00001218       0x20 c:/program files (x86)/microchip/xc32/v2.10/bin/bin/../../lib/gcc/pic32c/6.2.1/../../../../pic32c/lib/v7e-m/fpv5/hard\libpic32c.a(isatty.o)
 .debug_aranges
                0x00001238       0x20 c:/program files (x86)/microchip/xc32/v2.10/bin/bin/../../lib/gcc/pic32c/6.2.1/../../../../pic32c/lib/v7e-m/fpv5/hard\libpic32c.a(lseek.o)
 .debug_aranges
                0x00001258       0x20 c:/program files (x86)/microchip/xc32/v2.10/bin/bin/../../lib/gcc/pic32c/6.2.1/../../../../pic32c/lib/v7e-m/fpv5/hard\libpic32c.a(read.o)
 .debug_aranges
                0x00001278       0x20 c:/program files (x86)/microchip/xc32/v2.10/bin/bin/../../lib/gcc/pic32c/6.2.1/../../../../pic32c/lib/v7e-m/fpv5/hard\libpic32c.a(sbrk.o)
 .debug_aranges
                0x00001298       0x20 c:/program files (x86)/microchip/xc32/v2.10/bin/bin/../../lib/gcc/pic32c/6.2.1/../../../../pic32c/lib/v7e-m/fpv5/hard\libpic32c.a(write.o)

.debug_ranges   0x00000000     0x1960
 .debug_ranges  0x00000000       0x10 build/sam_e70_xplained_ultra/debug/_ext/1434821282/bsp.o
 .debug_ranges  0x00000010       0x10 build/sam_e70_xplained_ultra/debug/_ext/60165520/plib_clk.o
 .debug_ranges  0x00000020       0x10 build/sam_e70_xplained_ultra/debug/_ext/1865468468/plib_nvic.o
 .debug_ranges  0x00000030       0x50 build/sam_e70_xplained_ultra/debug/_ext/60177924/plib_pio.o
 .debug_ranges  0x00000080       0x50 build/sam_e70_xplained_ultra/debug/_ext/829342655/plib_tc1.o
 .debug_ranges  0x000000d0       0x80 build/sam_e70_xplained_ultra/debug/_ext/2001315827/plib_usart1.o
 .debug_ranges  0x00000150       0x18 build/sam_e70_xplained_ultra/debug/_ext/163028504/xc32_monitor.o
 .debug_ranges  0x00000168       0x50 build/sam_e70_xplained_ultra/debug/_ext/1832805299/sys_console.o
 .debug_ranges  0x000001b8       0x88 build/sam_e70_xplained_ultra/debug/_ext/1832805299/sys_console_uart.o
 .debug_ranges  0x00000240       0x50 build/sam_e70_xplained_ultra/debug/_ext/1832805299/sys_debug.o
 .debug_ranges  0x00000290       0x28 build/sam_e70_xplained_ultra/debug/_ext/1881668453/sys_int.o
 .debug_ranges  0x000002b8      0x120 build/sam_e70_xplained_ultra/debug/_ext/101884895/sys_time.o
 .debug_ranges  0x000003d8       0x10 build/sam_e70_xplained_ultra/debug/_ext/1171490990/initialization.o
 .debug_ranges  0x000003e8       0x10 build/sam_e70_xplained_ultra/debug/_ext/1171490990/interrupts.o
 .debug_ranges  0x000003f8       0x60 build/sam_e70_xplained_ultra/debug/_ext/1171490990/exceptions.o
 .debug_ranges  0x00000458       0x10 build/sam_e70_xplained_ultra/debug/_ext/1171490990/startup.o
 .debug_ranges  0x00000468       0x10 build/sam_e70_xplained_ultra/debug/_ext/1171490990/tasks.o
 .debug_ranges  0x00000478      0x1b8 build/sam_e70_xplained_ultra/debug/_ext/1645245335/crypto.o
 .debug_ranges  0x00000630       0x60 build/sam_e70_xplained_ultra/debug/_ext/1645245335/md5.o
 .debug_ranges  0x00000690      0x120 build/sam_e70_xplained_ultra/debug/_ext/1645245335/sha512.o
 .debug_ranges  0x000007b0       0x28 build/sam_e70_xplained_ultra/debug/_ext/1645245335/sha_pic32c.o
 .debug_ranges  0x000007d8       0x30 build/sam_e70_xplained_ultra/debug/_ext/1645245335/sha256_pic32c.o
 .debug_ranges  0x00000808       0x10 build/sam_e70_xplained_ultra/debug/_ext/1360937237/main.o
 .debug_ranges  0x00000818       0x68 build/sam_e70_xplained_ultra/debug/_ext/1360937237/app.o
 .debug_ranges  0x00000880       0x10 c:/program files (x86)/microchip/xc32/v2.10/bin/bin/../../lib/gcc/pic32c/6.2.1/../../../../pic32c/lib/v7e-m/fpv5/hard\libpic32c.a(data_init.o)
 .debug_ranges  0x00000890       0xd0 c:/program files (x86)/microchip/xc32/v2.10/bin/bin/../../lib/gcc/pic32c/6.2.1/v7e-m/fpv5/hard\libgcc.a(_udivmoddi4.o)
 .debug_ranges  0x00000960       0x10 c:/program files (x86)/microchip/xc32/v2.10/bin/bin/../../lib/gcc/pic32c/6.2.1/../../../../pic32c/lib/v7e-m/fpv5/hard\libg.a(lib_a-init.o)
 .debug_ranges  0x00000970       0x50 c:/program files (x86)/microchip/xc32/v2.10/bin/bin/../../lib/gcc/pic32c/6.2.1/../../../../pic32c/lib/v7e-m/fpv5/hard\libg.a(lib_a-locale.o)
 .debug_ranges  0x000009c0       0x18 c:/program files (x86)/microchip/xc32/v2.10/bin/bin/../../lib/gcc/pic32c/6.2.1/../../../../pic32c/lib/v7e-m/fpv5/hard\libg.a(lib_a-malloc.o)
 .debug_ranges  0x000009d8       0x40 c:/program files (x86)/microchip/xc32/v2.10/bin/bin/../../lib/gcc/pic32c/6.2.1/../../../../pic32c/lib/v7e-m/fpv5/hard\libg.a(lib_a-mallocr.o)
 .debug_ranges  0x00000a18       0x18 c:/program files (x86)/microchip/xc32/v2.10/bin/bin/../../lib/gcc/pic32c/6.2.1/../../../../pic32c/lib/v7e-m/fpv5/hard\libg.a(lib_a-mbtowc_r.o)
 .debug_ranges  0x00000a30       0x10 c:/program files (x86)/microchip/xc32/v2.10/bin/bin/../../lib/gcc/pic32c/6.2.1/../../../../pic32c/lib/v7e-m/fpv5/hard\libg.a(lib_a-memcmp.o)
 .debug_ranges  0x00000a40       0x10 c:/program files (x86)/microchip/xc32/v2.10/bin/bin/../../lib/gcc/pic32c/6.2.1/../../../../pic32c/lib/v7e-m/fpv5/hard\libg.a(lib_a-memmove.o)
 .debug_ranges  0x00000a50       0x10 c:/program files (x86)/microchip/xc32/v2.10/bin/bin/../../lib/gcc/pic32c/6.2.1/../../../../pic32c/lib/v7e-m/fpv5/hard\libg.a(lib_a-memset.o)
 .debug_ranges  0x00000a60       0x10 c:/program files (x86)/microchip/xc32/v2.10/bin/bin/../../lib/gcc/pic32c/6.2.1/../../../../pic32c/lib/v7e-m/fpv5/hard\libg.a(lib_a-mlock.o)
 .debug_ranges  0x00000a70       0x18 c:/program files (x86)/microchip/xc32/v2.10/bin/bin/../../lib/gcc/pic32c/6.2.1/../../../../pic32c/lib/v7e-m/fpv5/hard\libg.a(lib_a-printf.o)
 .debug_ranges  0x00000a88       0x38 c:/program files (x86)/microchip/xc32/v2.10/bin/bin/../../lib/gcc/pic32c/6.2.1/../../../../pic32c/lib/v7e-m/fpv5/hard\libg.a(lib_a-puts.o)
 .debug_ranges  0x00000ac0      0x118 c:/program files (x86)/microchip/xc32/v2.10/bin/bin/../../lib/gcc/pic32c/6.2.1/../../../../pic32c/lib/v7e-m/fpv5/hard\libg.a(lib_a-reallocr.o)
 .debug_ranges  0x00000bd8       0x10 c:/program files (x86)/microchip/xc32/v2.10/bin/bin/../../lib/gcc/pic32c/6.2.1/../../../../pic32c/lib/v7e-m/fpv5/hard\libg.a(lib_a-sbrkr.o)
 .debug_ranges  0x00000be8       0x18 c:/program files (x86)/microchip/xc32/v2.10/bin/bin/../../lib/gcc/pic32c/6.2.1/../../../../pic32c/lib/v7e-m/fpv5/hard\libg.a(lib_a-sprintf.o)
 .debug_ranges  0x00000c00       0x10 c:/program files (x86)/microchip/xc32/v2.10/bin/bin/../../lib/gcc/pic32c/6.2.1/../../../../pic32c/lib/v7e-m/fpv5/hard\libg.a(lib_a-strncpy.o)
 .debug_ranges  0x00000c10      0x1b0 c:/program files (x86)/microchip/xc32/v2.10/bin/bin/../../lib/gcc/pic32c/6.2.1/../../../../pic32c/lib/v7e-m/fpv5/hard\libg.a(lib_a-svfprintf.o)
 .debug_ranges  0x00000dc0      0x1b8 c:/program files (x86)/microchip/xc32/v2.10/bin/bin/../../lib/gcc/pic32c/6.2.1/../../../../pic32c/lib/v7e-m/fpv5/hard\libg.a(lib_a-vfprintf.o)
 .debug_ranges  0x00000f78       0x18 c:/program files (x86)/microchip/xc32/v2.10/bin/bin/../../lib/gcc/pic32c/6.2.1/../../../../pic32c/lib/v7e-m/fpv5/hard\libg.a(lib_a-wctomb_r.o)
 .debug_ranges  0x00000f90       0x30 c:/program files (x86)/microchip/xc32/v2.10/bin/bin/../../lib/gcc/pic32c/6.2.1/../../../../pic32c/lib/v7e-m/fpv5/hard\libg.a(lib_a-wsetup.o)
 .debug_ranges  0x00000fc0       0x38 c:/program files (x86)/microchip/xc32/v2.10/bin/bin/../../lib/gcc/pic32c/6.2.1/../../../../pic32c/lib/v7e-m/fpv5/hard\libg.a(lib_a-__call_atexit.o)
 .debug_ranges  0x00000ff8       0x10 c:/program files (x86)/microchip/xc32/v2.10/bin/bin/../../lib/gcc/pic32c/6.2.1/../../../../pic32c/lib/v7e-m/fpv5/hard\libg.a(lib_a-atexit.o)
 .debug_ranges  0x00001008       0x18 c:/program files (x86)/microchip/xc32/v2.10/bin/bin/../../lib/gcc/pic32c/6.2.1/../../../../pic32c/lib/v7e-m/fpv5/hard\libg.a(lib_a-dtoa.o)
 .debug_ranges  0x00001020       0x80 c:/program files (x86)/microchip/xc32/v2.10/bin/bin/../../lib/gcc/pic32c/6.2.1/../../../../pic32c/lib/v7e-m/fpv5/hard\libg.a(lib_a-fflush.o)
 .debug_ranges  0x000010a0       0xc8 c:/program files (x86)/microchip/xc32/v2.10/bin/bin/../../lib/gcc/pic32c/6.2.1/../../../../pic32c/lib/v7e-m/fpv5/hard\libg.a(lib_a-findfp.o)
 .debug_ranges  0x00001168       0x10 c:/program files (x86)/microchip/xc32/v2.10/bin/bin/../../lib/gcc/pic32c/6.2.1/../../../../pic32c/lib/v7e-m/fpv5/hard\libg.a(lib_a-fini.o)
 .debug_ranges  0x00001178       0x18 c:/program files (x86)/microchip/xc32/v2.10/bin/bin/../../lib/gcc/pic32c/6.2.1/../../../../pic32c/lib/v7e-m/fpv5/hard\libg.a(lib_a-freer.o)
 .debug_ranges  0x00001190       0x30 c:/program files (x86)/microchip/xc32/v2.10/bin/bin/../../lib/gcc/pic32c/6.2.1/../../../../pic32c/lib/v7e-m/fpv5/hard\libg.a(lib_a-fvwrite.o)
 .debug_ranges  0x000011c0       0x18 c:/program files (x86)/microchip/xc32/v2.10/bin/bin/../../lib/gcc/pic32c/6.2.1/../../../../pic32c/lib/v7e-m/fpv5/hard\libg.a(lib_a-fwalk.o)
 .debug_ranges  0x000011d8       0x20 c:/program files (x86)/microchip/xc32/v2.10/bin/bin/../../lib/gcc/pic32c/6.2.1/../../../../pic32c/lib/v7e-m/fpv5/hard\libg.a(lib_a-localeconv.o)
 .debug_ranges  0x000011f8       0x30 c:/program files (x86)/microchip/xc32/v2.10/bin/bin/../../lib/gcc/pic32c/6.2.1/../../../../pic32c/lib/v7e-m/fpv5/hard\libg.a(lib_a-makebuf.o)
 .debug_ranges  0x00001228      0x130 c:/program files (x86)/microchip/xc32/v2.10/bin/bin/../../lib/gcc/pic32c/6.2.1/../../../../pic32c/lib/v7e-m/fpv5/hard\libg.a(lib_a-mprec.o)
 .debug_ranges  0x00001358       0x18 c:/program files (x86)/microchip/xc32/v2.10/bin/bin/../../lib/gcc/pic32c/6.2.1/../../../../pic32c/lib/v7e-m/fpv5/hard\libg.a(lib_a-reent.o)
 .debug_ranges  0x00001370       0x48 c:/program files (x86)/microchip/xc32/v2.10/bin/bin/../../lib/gcc/pic32c/6.2.1/../../../../pic32c/lib/v7e-m/fpv5/hard\libg.a(lib_a-s_frexp.o)
 .debug_ranges  0x000013b8       0x30 c:/program files (x86)/microchip/xc32/v2.10/bin/bin/../../lib/gcc/pic32c/6.2.1/../../../../pic32c/lib/v7e-m/fpv5/hard\libg.a(lib_a-stdio.o)
 .debug_ranges  0x000013e8       0x50 c:/program files (x86)/microchip/xc32/v2.10/bin/bin/../../lib/gcc/pic32c/6.2.1/../../../../pic32c/lib/v7e-m/fpv5/hard\libg.a(lib_a-svfiprintf.o)
 .debug_ranges  0x00001438      0x210 c:/program files (x86)/microchip/xc32/v2.10/bin/bin/../../lib/gcc/pic32c/6.2.1/../../../../pic32c/lib/v7e-m/fpv5/hard\libg.a(lib_a-vfiprintf.o)
 .debug_ranges  0x00001648       0x38 c:/program files (x86)/microchip/xc32/v2.10/bin/bin/../../lib/gcc/pic32c/6.2.1/../../../../pic32c/lib/v7e-m/fpv5/hard\libg.a(lib_a-writer.o)
 .debug_ranges  0x00001680       0x10 c:/program files (x86)/microchip/xc32/v2.10/bin/bin/../../lib/gcc/pic32c/6.2.1/../../../../pic32c/lib/v7e-m/fpv5/hard\libg.a(lib_a-__atexit.o)
 .debug_ranges  0x00001690       0x50 c:/program files (x86)/microchip/xc32/v2.10/bin/bin/../../lib/gcc/pic32c/6.2.1/../../../../pic32c/lib/v7e-m/fpv5/hard\libg.a(lib_a-callocr.o)