Archive member included to satisfy reference by file (symbol)

c:/program files (x86)/microchip/xc32/v2.10/bin/bin/../../lib/gcc/pic32c/6.2.1/../../../../pic32c/lib/v7e-m/fpv5/hard\libpic32c.a(data_init.o)
                              build/sam_e70_xplained_ultra/production/_ext/1171490990/startup.o (__pic32c_data_initialization)
c:/program files (x86)/microchip/xc32/v2.10/bin/bin/../../lib/gcc/pic32c/6.2.1/v7e-m/fpv5/hard\libgcc.a(_aeabi_uldivmod.o)
                              build/sam_e70_xplained_ultra/production/_ext/1645245335/tfm.o (__aeabi_uldivmod)
c:/program files (x86)/microchip/xc32/v2.10/bin/bin/../../lib/gcc/pic32c/6.2.1/v7e-m/fpv5/hard\libgcc.a(_udivmoddi4.o)
                              c:/program files (x86)/microchip/xc32/v2.10/bin/bin/../../lib/gcc/pic32c/6.2.1/v7e-m/fpv5/hard\libgcc.a(_aeabi_uldivmod.o) (__udivmoddi4)
c:/program files (x86)/microchip/xc32/v2.10/bin/bin/../../lib/gcc/pic32c/6.2.1/v7e-m/fpv5/hard\libgcc.a(_dvmd_tls.o)
                              c:/program files (x86)/microchip/xc32/v2.10/bin/bin/../../lib/gcc/pic32c/6.2.1/v7e-m/fpv5/hard\libgcc.a(_aeabi_uldivmod.o) (__aeabi_ldiv0)
c:/program files (x86)/microchip/xc32/v2.10/bin/bin/../../lib/gcc/pic32c/6.2.1/../../../../pic32c/lib/v7e-m/fpv5/hard\libc.a(lib_a-exit.o)
                              c:/program files (x86)/microchip/xc32/v2.10/bin/bin/../../lib/gcc/pic32c/6.2.1/../../../../pic32c/lib/v7e-m/fpv5/hard/crt0.o (exit)
c:/program files (x86)/microchip/xc32/v2.10/bin/bin/../../lib/gcc/pic32c/6.2.1/../../../../pic32c/lib/v7e-m/fpv5/hard\libc.a(lib_a-gmtime.o)
                              build/sam_e70_xplained_ultra/production/_ext/1645245335/asn.o (gmtime)
c:/program files (x86)/microchip/xc32/v2.10/bin/bin/../../lib/gcc/pic32c/6.2.1/../../../../pic32c/lib/v7e-m/fpv5/hard\libc.a(lib_a-gmtime_r.o)
                              c:/program files (x86)/microchip/xc32/v2.10/bin/bin/../../lib/gcc/pic32c/6.2.1/../../../../pic32c/lib/v7e-m/fpv5/hard\libc.a(lib_a-gmtime.o) (gmtime_r)
c:/program files (x86)/microchip/xc32/v2.10/bin/bin/../../lib/gcc/pic32c/6.2.1/../../../../pic32c/lib/v7e-m/fpv5/hard\libc.a(lib_a-impure.o)
                              c:/program files (x86)/microchip/xc32/v2.10/bin/bin/../../lib/gcc/pic32c/6.2.1/../../../../pic32c/lib/v7e-m/fpv5/hard\libc.a(lib_a-exit.o) (_global_impure_ptr)
c:/program files (x86)/microchip/xc32/v2.10/bin/bin/../../lib/gcc/pic32c/6.2.1/../../../../pic32c/lib/v7e-m/fpv5/hard\libc.a(lib_a-init.o)
                              c:/program files (x86)/microchip/xc32/v2.10/bin/bin/../../lib/gcc/pic32c/6.2.1/../../../../pic32c/lib/v7e-m/fpv5/hard/crt0.o (__libc_init_array)
c:/program files (x86)/microchip/xc32/v2.10/bin/bin/../../lib/gcc/pic32c/6.2.1/../../../../pic32c/lib/v7e-m/fpv5/hard\libc.a(lib_a-locale.o)
                              build/sam_e70_xplained_ultra/production/_ext/1645245335/asn.o (__locale_ctype_ptr)
c:/program files (x86)/microchip/xc32/v2.10/bin/bin/../../lib/gcc/pic32c/6.2.1/../../../../pic32c/lib/v7e-m/fpv5/hard\libc.a(lib_a-malloc.o)
                              build/sam_e70_xplained_ultra/production/_ext/1645245335/memory.o (malloc)
c:/program files (x86)/microchip/xc32/v2.10/bin/bin/../../lib/gcc/pic32c/6.2.1/../../../../pic32c/lib/v7e-m/fpv5/hard\libc.a(lib_a-mallocr.o)
                              c:/program files (x86)/microchip/xc32/v2.10/bin/bin/../../lib/gcc/pic32c/6.2.1/../../../../pic32c/lib/v7e-m/fpv5/hard\libc.a(lib_a-malloc.o) (_malloc_r)
c:/program files (x86)/microchip/xc32/v2.10/bin/bin/../../lib/gcc/pic32c/6.2.1/../../../../pic32c/lib/v7e-m/fpv5/hard\libc.a(lib_a-mbtowc_r.o)
                              c:/program files (x86)/microchip/xc32/v2.10/bin/bin/../../lib/gcc/pic32c/6.2.1/../../../../pic32c/lib/v7e-m/fpv5/hard\libc.a(lib_a-locale.o) (__ascii_mbtowc)
c:/program files (x86)/microchip/xc32/v2.10/bin/bin/../../lib/gcc/pic32c/6.2.1/../../../../pic32c/lib/v7e-m/fpv5/hard\libc.a(lib_a-memcmp.o)
                              build/sam_e70_xplained_ultra/production/_ext/1360937237/app.o (memcmp)
c:/program files (x86)/microchip/xc32/v2.10/bin/bin/../../lib/gcc/pic32c/6.2.1/../../../../pic32c/lib/v7e-m/fpv5/hard\libc.a(lib_a-memcpy.o)
                              build/sam_e70_xplained_ultra/production/_ext/1645245335/asn.o (memcpy)
c:/program files (x86)/microchip/xc32/v2.10/bin/bin/../../lib/gcc/pic32c/6.2.1/../../../../pic32c/lib/v7e-m/fpv5/hard\libc.a(lib_a-memmove.o)
                              build/sam_e70_xplained_ultra/production/_ext/1645245335/asn.o (memmove)
c:/program files (x86)/microchip/xc32/v2.10/bin/bin/../../lib/gcc/pic32c/6.2.1/../../../../pic32c/lib/v7e-m/fpv5/hard\libc.a(lib_a-memset.o)
                              c:/program files (x86)/microchip/xc32/v2.10/bin/bin/../../lib/gcc/pic32c/6.2.1/../../../../pic32c/lib/v7e-m/fpv5/hard/crt0.o (memset)
[...]
Memory Configuration

Name             Origin             Length             Attributes
rom              0x00400000         0x00200000         xr
ram              0x20400000         0x00060000         xrw
itcm             0x00000000         0x00000000         xrw
dtcm             0x20000000         0x00000000         xrw
*default*        0x00000000         0xffffffff
tcm              0x00000000         0xffffffff

Linker script and memory map

LOAD c:/program files (x86)/microchip/xc32/v2.10/bin/bin/../../lib/gcc/pic32c/6.2.1/v7e-m/fpv5/hard/crti.o
LOAD c:/program files (x86)/microchip/xc32/v2.10/bin/bin/../../lib/gcc/pic32c/6.2.1/v7e-m/fpv5/hard/crtbegin.o
LOAD c:/program files (x86)/microchip/xc32/v2.10/bin/bin/../../lib/gcc/pic32c/6.2.1/../../../../pic32c/lib/v7e-m/fpv5/hard/crt0.o
LOAD build/sam_e70_xplained_ultra/production/_ext/1360937237/main.o
LOAD build/sam_e70_xplained_ultra/production/_ext/1171490990/initialization.o
LOAD build/sam_e70_xplained_ultra/production/_ext/1171490990/interrupts.o
LOAD build/sam_e70_xplained_ultra/production/_ext/1171490990/exceptions.o
LOAD build/sam_e70_xplained_ultra/production/_ext/163028504/xc32_monitor.o
LOAD build/sam_e70_xplained_ultra/production/_ext/60165520/plib_clk.o
LOAD build/sam_e70_xplained_ultra/production/_ext/60177924/plib_pio.o
LOAD build/sam_e70_xplained_ultra/production/_ext/1865468468/plib_nvic.o
LOAD build/sam_e70_xplained_ultra/production/_ext/1171490990/startup.o
LOAD build/sam_e70_xplained_ultra/production/_ext/1171490990/libc_syscalls.o
LOAD build/sam_e70_xplained_ultra/production/_ext/1881668453/sys_int.o
LOAD build/sam_e70_xplained_ultra/production/_ext/1360937237/app.o
LOAD build/sam_e70_xplained_ultra/production/_ext/1171490990/tasks.o
LOAD build/sam_e70_xplained_ultra/production/_ext/1645245335/arc4.o
LOAD build/sam_e70_xplained_ultra/production/_ext/1645245335/asm.o
LOAD build/sam_e70_xplained_ultra/production/_ext/1645245335/asn.o
LOAD build/sam_e70_xplained_ultra/production/_ext/1645245335/async.o
LOAD build/sam_e70_xplained_ultra/production/_ext/1645245335/chacha.o
LOAD build/sam_e70_xplained_ultra/production/_ext/1645245335/chacha20_poly1305.o
LOAD build/sam_e70_xplained_ultra/production/_ext/1645245335/cmac.o
LOAD build/sam_e70_xplained_ultra/production/_ext/1645245335/coding.o
LOAD build/sam_e70_xplained_ultra/production/_ext/1645245335/compress.o
LOAD build/sam_e70_xplained_ultra/production/_ext/1645245335/crypto.o
LOAD build/sam_e70_xplained_ultra/production/_ext/1645245335/curve25519.o
LOAD build/sam_e70_xplained_ultra/production/_ext/1645245335/des3.o
LOAD build/sam_e70_xplained_ultra/production/_ext/1645245335/dh.o
LOAD build/sam_e70_xplained_ultra/production/_ext/1645245335/dsa.o
LOAD build/sam_e70_xplained_ultra/production/_ext/1645245335/ecc.o
LOAD build/sam_e70_xplained_ultra/production/_ext/1645245335/ecc_fp.o
LOAD build/sam_e70_xplained_ultra/production/_ext/1645245335/ed25519.o
LOAD build/sam_e70_xplained_ultra/production/_ext/1645245335/error.o
LOAD build/sam_e70_xplained_ultra/production/_ext/1645245335/fe_low_mem.o
LOAD build/sam_e70_xplained_ultra/production/_ext/1645245335/fe_operations.o
LOAD build/sam_e70_xplained_ultra/production/_ext/1645245335/ge_low_mem.o
LOAD build/sam_e70_xplained_ultra/production/_ext/1645245335/ge_operations.o
LOAD build/sam_e70_xplained_ultra/production/_ext/1645245335/hash.o
LOAD build/sam_e70_xplained_ultra/production/_ext/1645245335/hc128.o
LOAD build/sam_e70_xplained_ultra/production/_ext/1645245335/hmac.o
LOAD build/sam_e70_xplained_ultra/production/_ext/1645245335/idea.o
LOAD build/sam_e70_xplained_ultra/production/_ext/1645245335/integer.o
LOAD build/sam_e70_xplained_ultra/production/_ext/1645245335/logging.o
LOAD build/sam_e70_xplained_ultra/production/_ext/1645245335/md2.o
LOAD build/sam_e70_xplained_ultra/production/_ext/1645245335/md4.o
LOAD build/sam_e70_xplained_ultra/production/_ext/1645245335/md5.o
LOAD build/sam_e70_xplained_ultra/production/_ext/1645245335/memory.o
LOAD build/sam_e70_xplained_ultra/production/_ext/1645245335/misc.o
LOAD build/sam_e70_xplained_ultra/production/_ext/1645245335/pkcs12.o
LOAD build/sam_e70_xplained_ultra/production/_ext/1645245335/pkcs7.o
LOAD build/sam_e70_xplained_ultra/production/_ext/1645245335/poly1305.o
LOAD build/sam_e70_xplained_ultra/production/_ext/1645245335/pwdbased.o
LOAD build/sam_e70_xplained_ultra/production/_ext/1645245335/rabbit.o
LOAD build/sam_e70_xplained_ultra/production/_ext/1645245335/ripemd.o
LOAD build/sam_e70_xplained_ultra/production/_ext/1645245335/rsa.o
LOAD build/sam_e70_xplained_ultra/production/_ext/1645245335/sha3.o
LOAD build/sam_e70_xplained_ultra/production/_ext/1645245335/sha512.o
LOAD build/sam_e70_xplained_ultra/production/_ext/1645245335/signature.o
LOAD build/sam_e70_xplained_ultra/production/_ext/1645245335/srp.o
LOAD build/sam_e70_xplained_ultra/production/_ext/1645245335/tfm.o
LOAD build/sam_e70_xplained_ultra/production/_ext/1645245335/wc_encrypt.o
LOAD build/sam_e70_xplained_ultra/production/_ext/1645245335/wc_port.o
LOAD build/sam_e70_xplained_ultra/production/_ext/1645245335/wolfevent.o
LOAD build/sam_e70_xplained_ultra/production/_ext/1645245335/wolfmath.o
LOAD build/sam_e70_xplained_ultra/production/_ext/1645245335/aes_pic32c.o
LOAD build/sam_e70_xplained_ultra/production/_ext/1645245335/sha_pic32c.o
LOAD build/sam_e70_xplained_ultra/production/_ext/1645245335/sha256_pic32c.o
LOAD build/sam_e70_xplained_ultra/production/_ext/1832805299/sys_console.o
LOAD build/sam_e70_xplained_ultra/production/_ext/1832805299/sys_console_uart.o
LOAD build/sam_e70_xplained_ultra/production/_ext/1832805299/sys_debug.o
LOAD build/sam_e70_xplained_ultra/production/_ext/1832805299/sys_command.o
LOAD build/sam_e70_xplained_ultra/production/_ext/101884895/sys_time.o
LOAD build/sam_e70_xplained_ultra/production/_ext/829342655/plib_tc1.o
LOAD build/sam_e70_xplained_ultra/production/_ext/2001315827/plib_usart1.o
                0x00000001                __MPLAB_BUILD = 0x1
                0x00005000                _min_heap_size = 0x5000
START GROUP
LOAD c:/program files (x86)/microchip/xc32/v2.10/bin/bin/../../lib/gcc/pic32c/6.2.1/../../../../pic32c/lib/v7e-m/fpv5/hard\libpic32c.a
LOAD c:/program files (x86)/microchip/xc32/v2.10/bin/bin/../../lib/gcc/pic32c/6.2.1/v7e-m/fpv5/hard\libgcc.a
LOAD c:/program files (x86)/microchip/xc32/v2.10/bin/bin/../../lib/gcc/pic32c/6.2.1/../../../../pic32c/lib/v7e-m/fpv5/hard\libc.a
LOAD c:/program files (x86)/microchip/xc32/v2.10/bin/bin/../../lib/gcc/pic32c/6.2.1/../../../../pic32c/lib/v7e-m/fpv5/hard\libm.a
END GROUP
LOAD c:/program files (x86)/microchip/xc32/v2.10/bin/bin/../../lib/gcc/pic32c/6.2.1/v7e-m/fpv5/hard/crtend.o
LOAD c:/program files (x86)/microchip/xc32/v2.10/bin/bin/../../lib/gcc/pic32c/6.2.1/v7e-m/fpv5/hard/crtn.o

.vectors        0x00400000      0x168
                0x00400000                . = ALIGN (0x4)
                0x00400000                _sfixed = .
 *(.vectors .vectors.*)
 .vectors       0x00400000      0x168 build/sam_e70_xplained_ultra/production/_ext/1171490990/interrupts.o
                0x00400000                exception_table

.text           0x00400168       0x24
                0x00400168                . = ALIGN (0x4)
 *(.glue_7t)
 .glue_7t       0x00400168        0x0 linker stubs
 *(.glue_7)
 .glue_7        0x00400168        0x0 linker stubs
 *(.gnu.linkonce.r.*)
 *(.ARM.extab* .gnu.linkonce.armextab.*)
                0x00400168                . = ALIGN (0x4)
 *(.init)
 .init          0x00400168        0x4 c:/program files (x86)/microchip/xc32/v2.10/bin/bin/../../lib/gcc/pic32c/6.2.1/v7e-m/fpv5/hard/crti.o
                0x00400168                _init
 .init          0x0040016c        0x8 c:/program files (x86)/microchip/xc32/v2.10/bin/bin/../../lib/gcc/pic32c/6.2.1/v7e-m/fpv5/hard/crtn.o
                0x00400174                . = ALIGN (0x4)
                0x00400174                __preinit_array_start = .
 *(.preinit_array)
                0x00400174                __preinit_array_end = .
                0x00400174                . = ALIGN (0x4)
                0x00400174                __init_array_start = .
 *(SORT(.init_array.*))
 .init_array.00000
                0x00400174        0x4 c:/program files (x86)/microchip/xc32/v2.10/bin/bin/../../lib/gcc/pic32c/6.2.1/../../../../pic32c/lib/v7e-m/fpv5/hard\libc.a(lib_a-__call_atexit.o)
 *(.init_array)
 .init_array    0x00400178        0x4 c:/program files (x86)/microchip/xc32/v2.10/bin/bin/../../lib/gcc/pic32c/6.2.1/v7e-m/fpv5/hard/crtbegin.o
                0x0040017c                __init_array_end = .
                0x0040017c                . = ALIGN (0x4)
 *crtbegin.o(.ctors)
 *(EXCLUDE_FILE(*crtend.o) .ctors)
 *(SORT(.ctors.*))
 *crtend.o(.ctors)
                0x0040017c                . = ALIGN (0x4)
 *(.fini)
 .fini          0x0040017c        0x4 c:/program files (x86)/microchip/xc32/v2.10/bin/bin/../../lib/gcc/pic32c/6.2.1/v7e-m/fpv5/hard/crti.o
                0x0040017c                _fini
 .fini          0x00400180        0x8 c:/program files (x86)/microchip/xc32/v2.10/bin/bin/../../lib/gcc/pic32c/6.2.1/v7e-m/fpv5/hard/crtn.o
                0x00400188                . = ALIGN (0x4)
                0x00400188                __fini_array_start = .
 *(.fini_array)
 .fini_array    0x00400188        0x4 c:/program files (x86)/microchip/xc32/v2.10/bin/bin/../../lib/gcc/pic32c/6.2.1/v7e-m/fpv5/hard/crtbegin.o
 *(SORT(.fini_array.*))
                0x0040018c                __fini_array_end = .
 *crtbegin.o(.dtors)
 *(EXCLUDE_FILE(*crtend.o) .dtors)
 *(SORT(.dtors.*))
 *crtend.o(.dtors)
                0x0040018c                . = ALIGN (0x4)
                0x0040018c                _efixed = .
                [!provide]                PROVIDE (__exidx_start, .)

.ARM.exidx      0x0040018c        0x8
 *(.ARM.exidx* .gnu.linkonce.armexidx.*)
 .ARM.exidx     0x0040018c        0x8 c:/program files (x86)/microchip/xc32/v2.10/bin/bin/../../lib/gcc/pic32c/6.2.1/v7e-m/fpv5/hard\libgcc.a(_udivmoddi4.o)
                [!provide]                PROVIDE (__exidx_end, .)
                0x00400194                . = ALIGN (0x4)
                0x00400194                _etext = .

.bss            0x20400000       0x54
                0x20400000                . = ALIGN (0x4)
                0x20400000                __bss_start__ = .
                0x20400000                _sbss = .
                0x20400000                _szero = .
 *(COMMON)
 COMMON         0x20400000        0xc build/sam_e70_xplained_ultra/production/_ext/1171490990/initialization.o
                0x20400000                sysObj
 COMMON         0x2040000c        0x9 build/sam_e70_xplained_ultra/production/_ext/1832805299/sys_debug.o
                0x2040000c                sysDebugInstance
                0x20400014                gblErrLvl
 *fill*         0x20400015        0x3 
 COMMON         0x20400018        0x8 build/sam_e70_xplained_ultra/production/_ext/829342655/plib_tc1.o
                0x20400018                TC1_CH0_CallbackObj
 COMMON         0x20400020       0x30 build/sam_e70_xplained_ultra/production/_ext/2001315827/plib_usart1.o
                0x20400020                usart1Obj
 COMMON         0x20400050        0x4 c:/program files (x86)/microchip/xc32/v2.10/bin/bin/../../lib/gcc/pic32c/6.2.1/../../../../pic32c/lib/v7e-m/fpv5/hard\libc.a(lib_a-reent.o)
                0x20400050                errno
                0x20400054                . = ALIGN (0x4)
                0x20400054                __bss_end__ = .
                0x20400054                _ebss = .
                0x20400054                _ezero = .
                0x20400054                . = ALIGN (0x4)
                0x20400054                _end = .
                0x2045ffff                _ram_end_ = ((ORIGIN (ram) + LENGTH (ram)) - 0x1)
OUTPUT(dist/sam_e70_xplained_ultra/production/encrypt_decrypt.X.production.elf elf32-littlearm)
LOAD stack
LOAD data_init

.ARM.attributes
                0x00000000       0x2e
 .ARM.attributes
                0x00000000       0x20 c:/program files (x86)/microchip/xc32/v2.10/bin/bin/../../lib/gcc/pic32c/6.2.1/v7e-m/fpv5/hard/crti.o
 .ARM.attributes
                0x00000020       0x32 c:/program files (x86)/microchip/xc32/v2.10/bin/bin/../../lib/gcc/pic32c/6.2.1/v7e-m/fpv5/hard/crtbegin.o
 .ARM.attributes
                0x00000052       0x37 build/sam_e70_xplained_ultra/production/_ext/1360937237/main.o
 .ARM.attributes
                0x00000089       0x37 build/sam_e70_xplained_ultra/production/_ext/1171490990/initialization.o
 .ARM.attributes
                0x000000c0       0x37 build/sam_e70_xplained_ultra/production/_ext/1171490990/interrupts.o
 .ARM.attributes
                0x000000f7       0x37 build/sam_e70_xplained_ultra/production/_ext/1171490990/exceptions.o
 .ARM.attributes
                0x0000012e       0x37 build/sam_e70_xplained_ultra/production/_ext/60165520/plib_clk.o
 .ARM.attributes
                0x00000165       0x37 build/sam_e70_xplained_ultra/production/_ext/60177924/plib_pio.o
 .ARM.attributes
                0x0000019c       0x37 build/sam_e70_xplained_ultra/production/_ext/1865468468/plib_nvic.o
 .ARM.attributes
                0x000001d3       0x37 build/sam_e70_xplained_ultra/production/_ext/1171490990/startup.o
 .ARM.attributes
                0x0000020a       0x37 build/sam_e70_xplained_ultra/production/_ext/1881668453/sys_int.o
 .ARM.attributes
                0x00000241       0x37 build/sam_e70_xplained_ultra/production/_ext/1360937237/app.o
 .ARM.attributes
                0x00000278       0x37 build/sam_e70_xplained_ultra/production/_ext/1171490990/tasks.o
 .ARM.attributes
                0x000002af       0x37 build/sam_e70_xplained_ultra/production/_ext/1645245335/crypto.o
 .ARM.attributes
                0x000002e6       0x37 build/sam_e70_xplained_ultra/production/_ext/1645245335/des3.o
 .ARM.attributes
                0x0000031d       0x37 build/sam_e70_xplained_ultra/production/_ext/1645245335/hmac.o
 .ARM.attributes
                0x00000354       0x37 build/sam_e70_xplained_ultra/production/_ext/1645245335/md5.o
 .ARM.attributes
                0x0000038b       0x37 build/sam_e70_xplained_ultra/production/_ext/1645245335/sha512.o
 .ARM.attributes
                0x000003c2       0x37 build/sam_e70_xplained_ultra/production/_ext/1645245335/aes_pic32c.o
 .ARM.attributes
                0x000003f9       0x37 build/sam_e70_xplained_ultra/production/_ext/1645245335/sha_pic32c.o
 .ARM.attributes
                0x00000430       0x37 build/sam_e70_xplained_ultra/production/_ext/1645245335/sha256_pic32c.o
 .ARM.attributes
                0x00000467       0x37 build/sam_e70_xplained_ultra/production/_ext/1832805299/sys_console.o
 .ARM.attributes
                0x0000049e       0x37 build/sam_e70_xplained_ultra/production/_ext/1832805299/sys_console_uart.o
 .ARM.attributes
                0x000004d5       0x37 build/sam_e70_xplained_ultra/production/_ext/1832805299/sys_debug.o
 .ARM.attributes
                0x0000050c       0x37 build/sam_e70_xplained_ultra/production/_ext/1832805299/sys_command.o
 .ARM.attributes
                0x00000543       0x37 build/sam_e70_xplained_ultra/production/_ext/101884895/sys_time.o
 .ARM.attributes
                0x0000057a       0x37 build/sam_e70_xplained_ultra/production/_ext/829342655/plib_tc1.o
 .ARM.attributes
                0x000005b1       0x37 build/sam_e70_xplained_ultra/production/_ext/2001315827/plib_usart1.o
 .ARM.attributes
                0x000005e8       0x32 c:/program files (x86)/microchip/xc32/v2.10/bin/bin/../../lib/gcc/pic32c/6.2.1/../../../../pic32c/lib/v7e-m/fpv5/hard\libpic32c.a(data_init.o)
 .ARM.attributes
                0x0000061a       0x20 c:/program files (x86)/microchip/xc32/v2.10/bin/bin/../../lib/gcc/pic32c/6.2.1/v7e-m/fpv5/hard\libgcc.a(_aeabi_uldivmod.o)
 .ARM.attributes
                0x0000063a       0x32 c:/program files (x86)/microchip/xc32/v2.10/bin/bin/../../lib/gcc/pic32c/6.2.1/v7e-m/fpv5/hard\libgcc.a(_udivmoddi4.o)
 .ARM.attributes
                0x0000066c       0x20 c:/program files (x86)/microchip/xc32/v2.10/bin/bin/../../lib/gcc/pic32c/6.2.1/v7e-m/fpv5/hard\libgcc.a(_dvmd_tls.o)
 .ARM.attributes
                0x0000068c       0x32 c:/program files (x86)/microchip/xc32/v2.10/bin/bin/../../lib/gcc/pic32c/6.2.1/../../../../pic32c/lib/v7e-m/fpv5/hard\libc.a(lib_a-impure.o)
 .ARM.attributes
                0x000006be       0x32 c:/program files (x86)/microchip/xc32/v2.10/bin/bin/../../lib/gcc/pic32c/6.2.1/../../../../pic32c/lib/v7e-m/fpv5/hard\libc.a(lib_a-init.o)
 .ARM.attributes
                0x000006f0       0x32 c:/program files (x86)/microchip/xc32/v2.10/bin/bin/../../lib/gcc/pic32c/6.2.1/../../../../pic32c/lib/v7e-m/fpv5/hard\libc.a(lib_a-locale.o)
 .ARM.attributes
                0x00000722       0x32 c:/program files (x86)/microchip/xc32/v2.10/bin/bin/../../lib/gcc/pic32c/6.2.1/../../../../pic32c/lib/v7e-m/fpv5/hard\libc.a(lib_a-malloc.o)
 .ARM.attributes
                0x00000754       0x32 c:/program files (x86)/microchip/xc32/v2.10/bin/bin/../../lib/gcc/pic32c/6.2.1/../../../../pic32c/lib/v7e-m/fpv5/hard\libc.a(lib_a-mallocr.o)
 .ARM.attributes
                0x00000786       0x32 c:/program files (x86)/microchip/xc32/v2.10/bin/bin/../../lib/gcc/pic32c/6.2.1/../../../../pic32c/lib/v7e-m/fpv5/hard\libc.a(lib_a-mbtowc_r.o)
 .ARM.attributes
                0x000007b8       0x32 c:/program files (x86)/microchip/xc32/v2.10/bin/bin/../../lib/gcc/pic32c/6.2.1/../../../../pic32c/lib/v7e-m/fpv5/hard\libc.a(lib_a-memcmp.o)
 .ARM.attributes
                0x000007ea       0x1e c:/program files (x86)/microchip/xc32/v2.10/bin/bin/../../lib/gcc/pic32c/6.2.1/../../../../pic32c/lib/v7e-m/fpv5/hard\libc.a(lib_a-memcpy.o)
 .ARM.attributes
                0x00000808       0x32 c:/program files (x86)/microchip/xc32/v2.10/bin/bin/../../lib/gcc/pic32c/6.2.1/../../../../pic32c/lib/v7e-m/fpv5/hard\libc.a(lib_a-memmove.o)
 .ARM.attributes
                0x0000083a       0x32 c:/program files (x86)/microchip/xc32/v2.10/bin/bin/../../lib/gcc/pic32c/6.2.1/../../../../pic32c/lib/v7e-m/fpv5/hard\libc.a(lib_a-memset.o)
 .ARM.attributes
                0x0000086c       0x32 c:/program files (x86)/microchip/xc32/v2.10/bin/bin/../../lib/gcc/pic32c/6.2.1/../../../../pic32c/lib/v7e-m/fpv5/hard\libc.a(lib_a-mlock.o)
 .ARM.attributes
                0x0000089e       0x32 c:/program files (x86)/microchip/xc32/v2.10/bin/bin/../../lib/gcc/pic32c/6.2.1/../../../../pic32c/lib/v7e-m/fpv5/hard\libc.a(lib_a-reallocr.o)
 .ARM.attributes
                0x000008d0       0x32 c:/program files (x86)/microchip/xc32/v2.10/bin/bin/../../lib/gcc/pic32c/6.2.1/../../../../pic32c/lib/v7e-m/fpv5/hard\libc.a(lib_a-sbrkr.o)
 .ARM.attributes
                0x00000902       0x32 c:/program files (x86)/microchip/xc32/v2.10/bin/bin/../../lib/gcc/pic32c/6.2.1/../../../../pic32c/lib/v7e-m/fpv5/hard\libc.a(lib_a-sprintf.o)
 .ARM.attributes
                0x00000934       0x1e c:/program files (x86)/microchip/xc32/v2.10/bin/bin/../../lib/gcc/pic32c/6.2.1/../../../../pic32c/lib/v7e-m/fpv5/hard\libc.a(lib_a-strcmp.o)
 .ARM.attributes
                0x00000952       0x32 c:/program files (x86)/microchip/xc32/v2.10/bin/bin/../../lib/gcc/pic32c/6.2.1/../../../../pic32c/lib/v7e-m/fpv5/hard\libc.a(lib_a-strcpy.o)
 .ARM.attributes
                0x00000984       0x1e c:/program files (x86)/microchip/xc32/v2.10/bin/bin/../../lib/gcc/pic32c/6.2.1/../../../../pic32c/lib/v7e-m/fpv5/hard\libc.a(lib_a-strlen.o)
 .ARM.attributes
                0x000009a2       0x32 c:/program files (x86)/microchip/xc32/v2.10/bin/bin/../../lib/gcc/pic32c/6.2.1/../../../../pic32c/lib/v7e-m/fpv5/hard\libc.a(lib_a-strncpy.o)
 .ARM.attributes
                0x000009d4       0x32 c:/program files (x86)/microchip/xc32/v2.10/bin/bin/../../lib/gcc/pic32c/6.2.1/../../../../pic32c/lib/v7e-m/fpv5/hard\libc.a(lib_a-svfprintf.o)
 .ARM.attributes
                0x00000a06       0x32 c:/program files (x86)/microchip/xc32/v2.10/bin/bin/../../lib/gcc/pic32c/6.2.1/../../../../pic32c/lib/v7e-m/fpv5/hard\libc.a(lib_a-vsnprintf.o)
 .ARM.attributes
                0x00000a38       0x32 c:/program files (x86)/microchip/xc32/v2.10/bin/bin/../../lib/gcc/pic32c/6.2.1/../../../../pic32c/lib/v7e-m/fpv5/hard\libc.a(lib_a-wctomb_r.o)
 .ARM.attributes
                0x00000a6a       0x32 c:/program files (x86)/microchip/xc32/v2.10/bin/bin/../../lib/gcc/pic32c/6.2.1/../../../../pic32c/lib/v7e-m/fpv5/hard\libc.a(lib_a-__call_atexit.o)
 .ARM.attributes
                0x00000a9c       0x32 c:/program files (x86)/microchip/xc32/v2.10/bin/bin/../../lib/gcc/pic32c/6.2.1/../../../../pic32c/lib/v7e-m/fpv5/hard\libc.a(lib_a-atexit.o)
 .ARM.attributes
                0x00000ace       0x32 c:/program files (x86)/microchip/xc32/v2.10/bin/bin/../../lib/gcc/pic32c/6.2.1/../../../../pic32c/lib/v7e-m/fpv5/hard\libc.a(lib_a-ctype_.o)
 .ARM.attributes
                0x00000b00       0x32 c:/program files (x86)/microchip/xc32/v2.10/bin/bin/../../lib/gcc/pic32c/6.2.1/../../../../pic32c/lib/v7e-m/fpv5/hard\libc.a(lib_a-dtoa.o)
 .ARM.attributes
                0x00000b32       0x32 c:/program files (x86)/microchip/xc32/v2.10/bin/bin/../../lib/gcc/pic32c/6.2.1/../../../../pic32c/lib/v7e-m/fpv5/hard\libc.a(lib_a-fini.o)
 .ARM.attributes
                0x00000b64       0x32 c:/program files (x86)/microchip/xc32/v2.10/bin/bin/../../lib/gcc/pic32c/6.2.1/../../../../pic32c/lib/v7e-m/fpv5/hard\libc.a(lib_a-freer.o)
 .ARM.attributes
                0x00000b96       0x32 c:/program files (x86)/microchip/xc32/v2.10/bin/bin/../../lib/gcc/pic32c/6.2.1/../../../../pic32c/lib/v7e-m/fpv5/hard\libc.a(lib_a-localeconv.o)
 .ARM.attributes
                0x00000bc8       0x1e c:/program files (x86)/microchip/xc32/v2.10/bin/bin/../../lib/gcc/pic32c/6.2.1/../../../../pic32c/lib/v7e-m/fpv5/hard\libc.a(lib_a-memchr.o)
 .ARM.attributes
                0x00000be6       0x32 c:/program files (x86)/microchip/xc32/v2.10/bin/bin/../../lib/gcc/pic32c/6.2.1/../../../../pic32c/lib/v7e-m/fpv5/hard\libc.a(lib_a-mprec.o)
 .ARM.attributes
                0x00000c18       0x32 c:/program files (x86)/microchip/xc32/v2.10/bin/bin/../../lib/gcc/pic32c/6.2.1/../../../../pic32c/lib/v7e-m/fpv5/hard\libc.a(lib_a-reent.o)
 .ARM.attributes
                0x00000c4a       0x32 c:/program files (x86)/microchip/xc32/v2.10/bin/bin/../../lib/gcc/pic32c/6.2.1/../../../../pic32c/lib/v7e-m/fpv5/hard\libc.a(lib_a-s_frexp.o)
 .ARM.attributes
                0x00000c7c       0x32 c:/program files (x86)/microchip/xc32/v2.10/bin/bin/../../lib/gcc/pic32c/6.2.1/../../../../pic32c/lib/v7e-m/fpv5/hard\libc.a(lib_a-svfiprintf.o)
 .ARM.attributes
                0x00000cae       0x32 c:/program files (x86)/microchip/xc32/v2.10/bin/bin/../../lib/gcc/pic32c/6.2.1/../../../../pic32c/lib/v7e-m/fpv5/hard\libc.a(lib_a-__atexit.o)
 .ARM.attributes
                0x00000ce0       0x32 c:/program files (x86)/microchip/xc32/v2.10/bin/bin/../../lib/gcc/pic32c/6.2.1/../../../../pic32c/lib/v7e-m/fpv5/hard\libc.a(lib_a-callocr.o)
 .ARM.attributes
                0x00000d12       0x32 c:/program files (x86)/microchip/xc32/v2.10/bin/bin/../../lib/gcc/pic32c/6.2.1/../../../../pic32c/lib/v7e-m/fpv5/hard\libpic32c.a(sbrk.o)
 .ARM.attributes
                0x00000d44       0x20 c:/program files (x86)/microchip/xc32/v2.10/bin/bin/../../lib/gcc/pic32c/6.2.1/v7e-m/fpv5/hard/crtn.o

.comment        0x00000000       0x3c
 .comment       0x00000000       0x3c c:/program files (x86)/microchip/xc32/v2.10/bin/bin/../../lib/gcc/pic32c/6.2.1/v7e-m/fpv5/hard/crtbegin.o
                                 0x3d (size before relaxing)
 .comment       0x0000003c       0x3d build/sam_e70_xplained_ultra/production/_ext/1360937237/main.o
 .comment       0x0000003c       0x3d build/sam_e70_xplained_ultra/production/_ext/1171490990/initialization.o
 .comment       0x0000003c       0x3d build/sam_e70_xplained_ultra/production/_ext/1171490990/interrupts.o
 .comment       0x0000003c       0x3d build/sam_e70_xplained_ultra/production/_ext/1171490990/exceptions.o
 .comment       0x0000003c       0x3d build/sam_e70_xplained_ultra/production/_ext/60165520/plib_clk.o
 .comment       0x0000003c       0x3d build/sam_e70_xplained_ultra/production/_ext/60177924/plib_pio.o
 .comment       0x0000003c       0x3d build/sam_e70_xplained_ultra/production/_ext/1865468468/plib_nvic.o
 .comment       0x0000003c       0x3d build/sam_e70_xplained_ultra/production/_ext/1171490990/startup.o
 .comment       0x0000003c       0x3d build/sam_e70_xplained_ultra/production/_ext/1881668453/sys_int.o
 .comment       0x0000003c       0x3d build/sam_e70_xplained_ultra/production/_ext/1360937237/app.o
 .comment       0x0000003c       0x3d build/sam_e70_xplained_ultra/production/_ext/1171490990/tasks.o
 .comment       0x0000003c       0x3d build/sam_e70_xplained_ultra/production/_ext/1645245335/crypto.o
 .comment       0x0000003c       0x3d build/sam_e70_xplained_ultra/production/_ext/1645245335/des3.o
 .comment       0x0000003c       0x3d build/sam_e70_xplained_ultra/production/_ext/1645245335/hmac.o
 .comment       0x0000003c       0x3d build/sam_e70_xplained_ultra/production/_ext/1645245335/md5.o
 .comment       0x0000003c       0x3d build/sam_e70_xplained_ultra/production/_ext/1645245335/sha512.o
 .comment       0x0000003c       0x3d build/sam_e70_xplained_ultra/production/_ext/1645245335/aes_pic32c.o
 .comment       0x0000003c       0x3d build/sam_e70_xplained_ultra/production/_ext/1645245335/sha_pic32c.o
 .comment       0x0000003c       0x3d build/sam_e70_xplained_ultra/production/_ext/1645245335/sha256_pic32c.o
 .comment       0x0000003c       0x3d build/sam_e70_xplained_ultra/production/_ext/1832805299/sys_console.o
 .comment       0x0000003c       0x3d build/sam_e70_xplained_ultra/production/_ext/1832805299/sys_console_uart.o
 .comment       0x0000003c       0x3d build/sam_e70_xplained_ultra/production/_ext/1832805299/sys_debug.o
 .comment       0x0000003c       0x3d build/sam_e70_xplained_ultra/production/_ext/1832805299/sys_command.o
 .comment       0x0000003c       0x3d build/sam_e70_xplained_ultra/production/_ext/101884895/sys_time.o
 .comment       0x0000003c       0x3d build/sam_e70_xplained_ultra/production/_ext/829342655/plib_tc1.o
 .comment       0x0000003c       0x3d build/sam_e70_xplained_ultra/production/_ext/2001315827/plib_usart1.o
 .comment       0x0000003c       0x3d c:/program files (x86)/microchip/xc32/v2.10/bin/bin/../../lib/gcc/pic32c/6.2.1/../../../../pic32c/lib/v7e-m/fpv5/hard\libpic32c.a(data_init.o)
 .comment       0x0000003c       0x3d c:/program files (x86)/microchip/xc32/v2.10/bin/bin/../../lib/gcc/pic32c/6.2.1/v7e-m/fpv5/hard\libgcc.a(_udivmoddi4.o)
 .comment       0x0000003c       0x3d c:/program files (x86)/microchip/xc32/v2.10/bin/bin/../../lib/gcc/pic32c/6.2.1/../../../../pic32c/lib/v7e-m/fpv5/hard\libc.a(lib_a-impure.o)
 .comment       0x0000003c       0x3d c:/program files (x86)/microchip/xc32/v2.10/bin/bin/../../lib/gcc/pic32c/6.2.1/../../../../pic32c/lib/v7e-m/fpv5/hard\libc.a(lib_a-init.o)
 .comment       0x0000003c       0x3d c:/program files (x86)/microchip/xc32/v2.10/bin/bin/../../lib/gcc/pic32c/6.2.1/../../../../pic32c/lib/v7e-m/fpv5/hard\libc.a(lib_a-locale.o)
 .comment       0x0000003c       0x3d c:/program files (x86)/microchip/xc32/v2.10/bin/bin/../../lib/gcc/pic32c/6.2.1/../../../../pic32c/lib/v7e-m/fpv5/hard\libc.a(lib_a-malloc.o)
 .comment       0x0000003c       0x3d c:/program files (x86)/microchip/xc32/v2.10/bin/bin/../../lib/gcc/pic32c/6.2.1/../../../../pic32c/lib/v7e-m/fpv5/hard\libc.a(lib_a-mallocr.o)
 .comment       0x0000003c       0x3d c:/program files (x86)/microchip/xc32/v2.10/bin/bin/../../lib/gcc/pic32c/6.2.1/../../../../pic32c/lib/v7e-m/fpv5/hard\libc.a(lib_a-mbtowc_r.o)
 .comment       0x0000003c       0x3d c:/program files (x86)/microchip/xc32/v2.10/bin/bin/../../lib/gcc/pic32c/6.2.1/../../../../pic32c/lib/v7e-m/fpv5/hard\libc.a(lib_a-memcmp.o)
 .comment       0x0000003c       0x3d c:/program files (x86)/microchip/xc32/v2.10/bin/bin/../../lib/gcc/pic32c/6.2.1/../../../../pic32c/lib/v7e-m/fpv5/hard\libc.a(lib_a-memmove.o)
 .comment       0x0000003c       0x3d c:/program files (x86)/microchip/xc32/v2.10/bin/bin/../../lib/gcc/pic32c/6.2.1/../../../../pic32c/lib/v7e-m/fpv5/hard\libc.a(lib_a-memset.o)
 .comment       0x0000003c       0x3d c:/program files (x86)/microchip/xc32/v2.10/bin/bin/../../lib/gcc/pic32c/6.2.1/../../../../pic32c/lib/v7e-m/fpv5/hard\libc.a(lib_a-mlock.o)
 .comment       0x0000003c       0x3d c:/program files (x86)/microchip/xc32/v2.10/bin/bin/../../lib/gcc/pic32c/6.2.1/../../../../pic32c/lib/v7e-m/fpv5/hard\libc.a(lib_a-reallocr.o)
 .comment       0x0000003c       0x3d c:/program files (x86)/microchip/xc32/v2.10/bin/bin/../../lib/gcc/pic32c/6.2.1/../../../../pic32c/lib/v7e-m/fpv5/hard\libc.a(lib_a-sbrkr.o)
 .comment       0x0000003c       0x3d c:/program files (x86)/microchip/xc32/v2.10/bin/bin/../../lib/gcc/pic32c/6.2.1/../../../../pic32c/lib/v7e-m/fpv5/hard\libc.a(lib_a-sprintf.o)
 .comment       0x0000003c       0x3d c:/program files (x86)/microchip/xc32/v2.10/bin/bin/../../lib/gcc/pic32c/6.2.1/../../../../pic32c/lib/v7e-m/fpv5/hard\libc.a(lib_a-strcpy.o)
 .comment       0x0000003c       0x3d c:/program files (x86)/microchip/xc32/v2.10/bin/bin/../../lib/gcc/pic32c/6.2.1/../../../../pic32c/lib/v7e-m/fpv5/hard\libc.a(lib_a-strncpy.o)
 .comment       0x0000003c       0x3d c:/program files (x86)/microchip/xc32/v2.10/bin/bin/../../lib/gcc/pic32c/6.2.1/../../../../pic32c/lib/v7e-m/fpv5/hard\libc.a(lib_a-svfprintf.o)
 .comment       0x0000003c       0x3d c:/program files (x86)/microchip/xc32/v2.10/bin/bin/../../lib/gcc/pic32c/6.2.1/../../../../pic32c/lib/v7e-m/fpv5/hard\libc.a(lib_a-vsnprintf.o)
 .comment       0x0000003c       0x3d c:/program files (x86)/microchip/xc32/v2.10/bin/bin/../../lib/gcc/pic32c/6.2.1/../../../../pic32c/lib/v7e-m/fpv5/hard\libc.a(lib_a-wctomb_r.o)
 .comment       0x0000003c       0x3d c:/program files (x86)/microchip/xc32/v2.10/bin/bin/../../lib/gcc/pic32c/6.2.1/../../../../pic32c/lib/v7e-m/fpv5/hard\libc.a(lib_a-__call_atexit.o)
 .comment       0x0000003c       0x3d c:/program files (x86)/microchip/xc32/v2.10/bin/bin/../../lib/gcc/pic32c/6.2.1/../../../../pic32c/lib/v7e-m/fpv5/hard\libc.a(lib_a-atexit.o)
 .comment       0x0000003c       0x3d c:/program files (x86)/microchip/xc32/v2.10/bin/bin/../../lib/gcc/pic32c/6.2.1/../../../../pic32c/lib/v7e-m/fpv5/hard\libc.a(lib_a-ctype_.o)
 .comment       0x0000003c       0x3d c:/program files (x86)/microchip/xc32/v2.10/bin/bin/../../lib/gcc/pic32c/6.2.1/../../../../pic32c/lib/v7e-m/fpv5/hard\libc.a(lib_a-dtoa.o)
 .comment       0x0000003c       0x3d c:/program files (x86)/microchip/xc32/v2.10/bin/bin/../../lib/gcc/pic32c/6.2.1/../../../../pic32c/lib/v7e-m/fpv5/hard\libc.a(lib_a-fini.o)
 .comment       0x0000003c       0x3d c:/program files (x86)/microchip/xc32/v2.10/bin/bin/../../lib/gcc/pic32c/6.2.1/../../../../pic32c/lib/v7e-m/fpv5/hard\libc.a(lib_a-freer.o)
 .comment       0x0000003c       0x3d c:/program files (x86)/microchip/xc32/v2.10/bin/bin/../../lib/gcc/pic32c/6.2.1/../../../../pic32c/lib/v7e-m/fpv5/hard\libc.a(lib_a-localeconv.o)
 .comment       0x0000003c       0x3d c:/program files (x86)/microchip/xc32/v2.10/bin/bin/../../lib/gcc/pic32c/6.2.1/../../../../pic32c/lib/v7e-m/fpv5/hard\libc.a(lib_a-mprec.o)
 .comment       0x0000003c       0x3d c:/program files (x86)/microchip/xc32/v2.10/bin/bin/../../lib/gcc/pic32c/6.2.1/../../../../pic32c/lib/v7e-m/fpv5/hard\libc.a(lib_a-reent.o)
 .comment       0x0000003c       0x3d c:/program files (x86)/microchip/xc32/v2.10/bin/bin/../../lib/gcc/pic32c/6.2.1/../../../../pic32c/lib/v7e-m/fpv5/hard\libc.a(lib_a-s_frexp.o)
 .comment       0x0000003c       0x3d c:/program files (x86)/microchip/xc32/v2.10/bin/bin/../../lib/gcc/pic32c/6.2.1/../../../../pic32c/lib/v7e-m/fpv5/hard\libc.a(lib_a-svfiprintf.o)
 .comment       0x0000003c       0x3d c:/program files (x86)/microchip/xc32/v2.10/bin/bin/../../lib/gcc/pic32c/6.2.1/../../../../pic32c/lib/v7e-m/fpv5/hard\libc.a(lib_a-__atexit.o)
 .comment       0x0000003c       0x3d c:/program files (x86)/microchip/xc32/v2.10/bin/bin/../../lib/gcc/pic32c/6.2.1/../../../../pic32c/lib/v7e-m/fpv5/hard\libc.a(lib_a-callocr.o)
 .comment       0x0000003c       0x3d c:/program files (x86)/microchip/xc32/v2.10/bin/bin/../../lib/gcc/pic32c/6.2.1/../../../../pic32c/lib/v7e-m/fpv5/hard\libpic32c.a(sbrk.o)

.debug_info     0x00000000    0x5a615
 .debug_info    0x00000000      0xf7c build/sam_e70_xplained_ultra/production/_ext/1360937237/main.o
 .debug_info    0x00000f7c     0x1f3f build/sam_e70_xplained_ultra/production/_ext/1171490990/initialization.o
 .debug_info    0x00002ebb     0x19a4 build/sam_e70_xplained_ultra/production/_ext/1171490990/interrupts.o
 .debug_info    0x0000485f     0x101c build/sam_e70_xplained_ultra/production/_ext/1171490990/exceptions.o
 .debug_info    0x0000587b      0x8b0 build/sam_e70_xplained_ultra/production/_ext/60165520/plib_clk.o
 .debug_info    0x0000612b      0xe91 build/sam_e70_xplained_ultra/production/_ext/60177924/plib_pio.o
 .debug_info    0x00006fbc      0xf1f build/sam_e70_xplained_ultra/production/_ext/1865468468/plib_nvic.o
 .debug_info    0x00007edb     0x17bf build/sam_e70_xplained_ultra/production/_ext/1171490990/startup.o
 .debug_info    0x0000969a      0xc06 build/sam_e70_xplained_ultra/production/_ext/1881668453/sys_int.o
 .debug_info    0x0000a2a0     0x3e36 build/sam_e70_xplained_ultra/production/_ext/1360937237/app.o
 .debug_info    0x0000e0d6      0xf9b build/sam_e70_xplained_ultra/production/_ext/1171490990/tasks.o
 .debug_info    0x0000f071     0x4acf build/sam_e70_xplained_ultra/production/_ext/1645245335/crypto.o
 .debug_info    0x00013b40     0x2ae0 build/sam_e70_xplained_ultra/production/_ext/1645245335/des3.o
 .debug_info    0x00016620     0x2a15 build/sam_e70_xplained_ultra/production/_ext/1645245335/hmac.o
 .debug_info    0x00019035     0x1d25 build/sam_e70_xplained_ultra/production/_ext/1645245335/md5.o
 .debug_info    0x0001ad5a     0x3d85 build/sam_e70_xplained_ultra/production/_ext/1645245335/sha512.o
 .debug_info    0x0001eadf     0x2846 build/sam_e70_xplained_ultra/production/_ext/1645245335/aes_pic32c.o
 .debug_info    0x00021325     0x2283 build/sam_e70_xplained_ultra/production/_ext/1645245335/sha_pic32c.o
 .debug_info    0x000235a8     0x22d6 build/sam_e70_xplained_ultra/production/_ext/1645245335/sha256_pic32c.o
 .debug_info    0x0002587e     0x18b9 build/sam_e70_xplained_ultra/production/_ext/1832805299/sys_console.o
 .debug_info    0x00027137     0x1c96 build/sam_e70_xplained_ultra/production/_ext/1832805299/sys_console_uart.o
 .debug_info    0x00028dcd     0x14f8 build/sam_e70_xplained_ultra/production/_ext/1832805299/sys_debug.o
 .debug_info    0x0002a2c5     0x2e5f build/sam_e70_xplained_ultra/production/_ext/1832805299/sys_command.o
 .debug_info    0x0002d124     0x2b7b build/sam_e70_xplained_ultra/production/_ext/101884895/sys_time.o
 .debug_info    0x0002fc9f      0xefa build/sam_e70_xplained_ultra/production/_ext/829342655/plib_tc1.o
 .debug_info    0x00030b99      0xedb build/sam_e70_xplained_ultra/production/_ext/2001315827/plib_usart1.o
 .debug_info    0x00031a74      0x29f c:/program files (x86)/microchip/xc32/v2.10/bin/bin/../../lib/gcc/pic32c/6.2.1/../../../../pic32c/lib/v7e-m/fpv5/hard\libpic32c.a(data_init.o)
 .debug_info    0x00031d13      0x10f c:/program files (x86)/microchip/xc32/v2.10/bin/bin/../../lib/gcc/pic32c/6.2.1/v7e-m/fpv5/hard\libgcc.a(_aeabi_uldivmod.o)
 .debug_info    0x00031e22     0x2288 c:/program files (x86)/microchip/xc32/v2.10/bin/bin/../../lib/gcc/pic32c/6.2.1/v7e-m/fpv5/hard\libgcc.a(_udivmoddi4.o)
 .debug_info    0x000340aa      0x113 c:/program files (x86)/microchip/xc32/v2.10/bin/bin/../../lib/gcc/pic32c/6.2.1/v7e-m/fpv5/hard\libgcc.a(_dvmd_tls.o)
 .debug_info    0x000341bd      0xdde c:/program files (x86)/microchip/xc32/v2.10/bin/bin/../../lib/gcc/pic32c/6.2.1/../../../../pic32c/lib/v7e-m/fpv5/hard\libc.a(lib_a-impure.o)
 .debug_info    0x00034f9b      0x40a c:/program files (x86)/microchip/xc32/v2.10/bin/bin/../../lib/gcc/pic32c/6.2.1/../../../../pic32c/lib/v7e-m/fpv5/hard\libc.a(lib_a-init.o)
 .debug_info    0x000353a5     0x1884 c:/program files (x86)/microchip/xc32/v2.10/bin/bin/../../lib/gcc/pic32c/6.2.1/../../../../pic32c/lib/v7e-m/fpv5/hard\libc.a(lib_a-locale.o)
 .debug_info    0x00036c29      0xe81 c:/program files (x86)/microchip/xc32/v2.10/bin/bin/../../lib/gcc/pic32c/6.2.1/../../../../pic32c/lib/v7e-m/fpv5/hard\libc.a(lib_a-malloc.o)
 .debug_info    0x00037aaa     0x155d c:/program files (x86)/microchip/xc32/v2.10/bin/bin/../../lib/gcc/pic32c/6.2.1/../../../../pic32c/lib/v7e-m/fpv5/hard\libc.a(lib_a-mallocr.o)
 .debug_info    0x00039007     0x176c c:/program files (x86)/microchip/xc32/v2.10/bin/bin/../../lib/gcc/pic32c/6.2.1/../../../../pic32c/lib/v7e-m/fpv5/hard\libc.a(lib_a-mbtowc_r.o)
 .debug_info    0x0003a773      0xe5a c:/program files (x86)/microchip/xc32/v2.10/bin/bin/../../lib/gcc/pic32c/6.2.1/../../../../pic32c/lib/v7e-m/fpv5/hard\libc.a(lib_a-memcmp.o)
 .debug_info    0x0003b5cd      0x129 c:/program files (x86)/microchip/xc32/v2.10/bin/bin/../../lib/gcc/pic32c/6.2.1/../../../../pic32c/lib/v7e-m/fpv5/hard\libc.a(lib_a-memcpy.o)
 .debug_info    0x0003b6f6     0x160b c:/program files (x86)/microchip/xc32/v2.10/bin/bin/../../lib/gcc/pic32c/6.2.1/../../../../pic32c/lib/v7e-m/fpv5/hard\libc.a(lib_a-memmove.o)
 .debug_info    0x0003cd01     0x15e9 c:/program files (x86)/microchip/xc32/v2.10/bin/bin/../../lib/gcc/pic32c/6.2.1/../../../../pic32c/lib/v7e-m/fpv5/hard\libc.a(lib_a-memset.o)
 .debug_info    0x0003e2ea      0xe38 c:/program files (x86)/microchip/xc32/v2.10/bin/bin/../../lib/gcc/pic32c/6.2.1/../../../../pic32c/lib/v7e-m/fpv5/hard\libc.a(lib_a-mlock.o)
 .debug_info    0x0003f122     0x14db c:/program files (x86)/microchip/xc32/v2.10/bin/bin/../../lib/gcc/pic32c/6.2.1/../../../../pic32c/lib/v7e-m/fpv5/hard\libc.a(lib_a-reallocr.o)
 .debug_info    0x000405fd      0xece c:/program files (x86)/microchip/xc32/v2.10/bin/bin/../../lib/gcc/pic32c/6.2.1/../../../../pic32c/lib/v7e-m/fpv5/hard\libc.a(lib_a-sbrkr.o)
 .debug_info    0x000414cb     0x1246 c:/program files (x86)/microchip/xc32/v2.10/bin/bin/../../lib/gcc/pic32c/6.2.1/../../../../pic32c/lib/v7e-m/fpv5/hard\libc.a(lib_a-sprintf.o)
 .debug_info    0x00042711      0x128 c:/program files (x86)/microchip/xc32/v2.10/bin/bin/../../lib/gcc/pic32c/6.2.1/../../../../pic32c/lib/v7e-m/fpv5/hard\libc.a(lib_a-strcmp.o)
 .debug_info    0x00042839      0xdfa c:/program files (x86)/microchip/xc32/v2.10/bin/bin/../../lib/gcc/pic32c/6.2.1/../../../../pic32c/lib/v7e-m/fpv5/hard\libc.a(lib_a-strcpy.o)
 .debug_info    0x00043633      0x128 c:/program files (x86)/microchip/xc32/v2.10/bin/bin/../../lib/gcc/pic32c/6.2.1/../../../../pic32c/lib/v7e-m/fpv5/hard\libc.a(lib_a-strlen.o)
 .debug_info    0x0004375b      0xe7a c:/program files (x86)/microchip/xc32/v2.10/bin/bin/../../lib/gcc/pic32c/6.2.1/../../../../pic32c/lib/v7e-m/fpv5/hard\libc.a(lib_a-strncpy.o)
 .debug_info    0x000445d5     0x28a5 c:/program files (x86)/microchip/xc32/v2.10/bin/bin/../../lib/gcc/pic32c/6.2.1/../../../../pic32c/lib/v7e-m/fpv5/hard\libc.a(lib_a-svfprintf.o)
 .debug_info    0x00046e7a     0x12b6 c:/program files (x86)/microchip/xc32/v2.10/bin/bin/../../lib/gcc/pic32c/6.2.1/../../../../pic32c/lib/v7e-m/fpv5/hard\libc.a(lib_a-vsnprintf.o)
 .debug_info    0x00048130     0x1737 c:/program files (x86)/microchip/xc32/v2.10/bin/bin/../../lib/gcc/pic32c/6.2.1/../../../../pic32c/lib/v7e-m/fpv5/hard\libc.a(lib_a-wctomb_r.o)
 .debug_info    0x00049867      0xf5a c:/program files (x86)/microchip/xc32/v2.10/bin/bin/../../lib/gcc/pic32c/6.2.1/../../../../pic32c/lib/v7e-m/fpv5/hard\libc.a(lib_a-__call_atexit.o)
 .debug_info    0x0004a7c1      0xe6f c:/program files (x86)/microchip/xc32/v2.10/bin/bin/../../lib/gcc/pic32c/6.2.1/../../../../pic32c/lib/v7e-m/fpv5/hard\libc.a(lib_a-atexit.o)
 .debug_info    0x0004b630     0x1569 c:/program files (x86)/microchip/xc32/v2.10/bin/bin/../../lib/gcc/pic32c/6.2.1/../../../../pic32c/lib/v7e-m/fpv5/hard\libc.a(lib_a-ctype_.o)
 .debug_info    0x0004cb99     0x213a c:/program files (x86)/microchip/xc32/v2.10/bin/bin/../../lib/gcc/pic32c/6.2.1/../../../../pic32c/lib/v7e-m/fpv5/hard\libc.a(lib_a-dtoa.o)
 .debug_info    0x0004ecd3      0x3cf c:/program files (x86)/microchip/xc32/v2.10/bin/bin/../../lib/gcc/pic32c/6.2.1/../../../../pic32c/lib/v7e-m/fpv5/hard\libc.a(lib_a-fini.o)
 .debug_info    0x0004f0a2     0x13bc c:/program files (x86)/microchip/xc32/v2.10/bin/bin/../../lib/gcc/pic32c/6.2.1/../../../../pic32c/lib/v7e-m/fpv5/hard\libc.a(lib_a-freer.o)
 .debug_info    0x0005045e     0x169d c:/program files (x86)/microchip/xc32/v2.10/bin/bin/../../lib/gcc/pic32c/6.2.1/../../../../pic32c/lib/v7e-m/fpv5/hard\libc.a(lib_a-localeconv.o)
 .debug_info    0x00051afb      0x122 c:/program files (x86)/microchip/xc32/v2.10/bin/bin/../../lib/gcc/pic32c/6.2.1/../../../../pic32c/lib/v7e-m/fpv5/hard\libc.a(lib_a-memchr.o)
 .debug_info    0x00051c1d     0x2568 c:/program files (x86)/microchip/xc32/v2.10/bin/bin/../../lib/gcc/pic32c/6.2.1/../../../../pic32c/lib/v7e-m/fpv5/hard\libc.a(lib_a-mprec.o)
 .debug_info    0x00054185      0xf8a c:/program files (x86)/microchip/xc32/v2.10/bin/bin/../../lib/gcc/pic32c/6.2.1/../../../../pic32c/lib/v7e-m/fpv5/hard\libc.a(lib_a-reent.o)
 .debug_info    0x0005510f      0xfa6 c:/program files (x86)/microchip/xc32/v2.10/bin/bin/../../lib/gcc/pic32c/6.2.1/../../../../pic32c/lib/v7e-m/fpv5/hard\libc.a(lib_a-s_frexp.o)
 .debug_info    0x000560b5     0x21bb c:/program files (x86)/microchip/xc32/v2.10/bin/bin/../../lib/gcc/pic32c/6.2.1/../../../../pic32c/lib/v7e-m/fpv5/hard\libc.a(lib_a-svfiprintf.o)
 .debug_info    0x00058270      0xedb c:/program files (x86)/microchip/xc32/v2.10/bin/bin/../../lib/gcc/pic32c/6.2.1/../../../../pic32c/lib/v7e-m/fpv5/hard\libc.a(lib_a-__atexit.o)
 .debug_info    0x0005914b     0x1248 c:/program files (x86)/microchip/xc32/v2.10/bin/bin/../../lib/gcc/pic32c/6.2.1/../../../../pic32c/lib/v7e-m/fpv5/hard\libc.a(lib_a-callocr.o)
 .debug_info    0x0005a393      0x282 c:/program files (x86)/microchip/xc32/v2.10/bin/bin/../../lib/gcc/pic32c/6.2.1/../../../../pic32c/lib/v7e-m/fpv5/hard\libpic32c.a(sbrk.o)

.debug_abbrev   0x00000000     0x8c9b
 .debug_abbrev  0x00000000      0x1e8 build/sam_e70_xplained_ultra/production/_ext/1360937237/main.o
 .debug_abbrev  0x000001e8      0x280 build/sam_e70_xplained_ultra/production/_ext/1171490990/initialization.o
 .debug_abbrev  0x00000468      0x1bf build/sam_e70_xplained_ultra/production/_ext/1171490990/interrupts.o
 .debug_abbrev  0x00000627      0x1ae build/sam_e70_xplained_ultra/production/_ext/1171490990/exceptions.o
 .debug_abbrev  0x000007d5       0xfa build/sam_e70_xplained_ultra/production/_ext/60165520/plib_clk.o
 .debug_abbrev  0x000008cf      0x160 build/sam_e70_xplained_ultra/production/_ext/60177924/plib_pio.o
 .debug_abbrev  0x00000a2f      0x179 build/sam_e70_xplained_ultra/production/_ext/1865468468/plib_nvic.o
 .debug_abbrev  0x00000ba8      0x2b0 build/sam_e70_xplained_ultra/production/_ext/1171490990/startup.o
 .debug_abbrev  0x00000e58      0x1f1 build/sam_e70_xplained_ultra/production/_ext/1881668453/sys_int.o
 .debug_abbrev  0x00001049      0x422 build/sam_e70_xplained_ultra/production/_ext/1360937237/app.o
 .debug_abbrev  0x0000146b      0x1df build/sam_e70_xplained_ultra/production/_ext/1171490990/tasks.o
 .debug_abbrev  0x0000164a      0x36f build/sam_e70_xplained_ultra/production/_ext/1645245335/crypto.o
 .debug_abbrev  0x000019b9      0x3a4 build/sam_e70_xplained_ultra/production/_ext/1645245335/des3.o
 .debug_abbrev  0x00001d5d      0x395 build/sam_e70_xplained_ultra/production/_ext/1645245335/hmac.o
 .debug_abbrev  0x000020f2      0x344 build/sam_e70_xplained_ultra/production/_ext/1645245335/md5.o
 .debug_abbrev  0x00002436      0x3bf build/sam_e70_xplained_ultra/production/_ext/1645245335/sha512.o
 .debug_abbrev  0x000027f5      0x372 build/sam_e70_xplained_ultra/production/_ext/1645245335/aes_pic32c.o
 .debug_abbrev  0x00002b67      0x337 build/sam_e70_xplained_ultra/production/_ext/1645245335/sha_pic32c.o
 .debug_abbrev  0x00002e9e      0x36f build/sam_e70_xplained_ultra/production/_ext/1645245335/sha256_pic32c.o
 .debug_abbrev  0x0000320d      0x2f4 build/sam_e70_xplained_ultra/production/_ext/1832805299/sys_console.o
 .debug_abbrev  0x00003501      0x370 build/sam_e70_xplained_ultra/production/_ext/1832805299/sys_console_uart.o
 .debug_abbrev  0x00003871      0x36a build/sam_e70_xplained_ultra/production/_ext/1832805299/sys_debug.o
 .debug_abbrev  0x00003bdb      0x4d9 build/sam_e70_xplained_ultra/production/_ext/1832805299/sys_command.o
 .debug_abbrev  0x000040b4      0x50d build/sam_e70_xplained_ultra/production/_ext/101884895/sys_time.o
 .debug_abbrev  0x000045c1      0x228 build/sam_e70_xplained_ultra/production/_ext/829342655/plib_tc1.o
 .debug_abbrev  0x000047e9      0x298 build/sam_e70_xplained_ultra/production/_ext/2001315827/plib_usart1.o
 .debug_abbrev  0x00004a81       0x2a c:/program files (x86)/microchip/xc32/v2.10/bin/bin/../../lib/gcc/pic32c/6.2.1/../../../../pic32c/lib/v7e-m/fpv5/hard\libpic32c.a(data_init.o)
 .debug_abbrev  0x00004aab       0x14 c:/program files (x86)/microchip/xc32/v2.10/bin/bin/../../lib/gcc/pic32c/6.2.1/v7e-m/fpv5/hard\libgcc.a(_aeabi_uldivmod.o)
 .debug_abbrev  0x00004abf      0x201 c:/program files (x86)/microchip/xc32/v2.10/bin/bin/../../lib/gcc/pic32c/6.2.1/v7e-m/fpv5/hard\libgcc.a(_udivmoddi4.o)
 .debug_abbrev  0x00004cc0       0x14 c:/program files (x86)/microchip/xc32/v2.10/bin/bin/../../lib/gcc/pic32c/6.2.1/v7e-m/fpv5/hard\libgcc.a(_dvmd_tls.o)
 .debug_abbrev  0x00004cd4      0x176 c:/program files (x86)/microchip/xc32/v2.10/bin/bin/../../lib/gcc/pic32c/6.2.1/../../../../pic32c/lib/v7e-m/fpv5/hard\libc.a(lib_a-impure.o)
 .debug_abbrev  0x00004e4a       0xa3 c:/program files (x86)/microchip/xc32/v2.10/bin/bin/../../lib/gcc/pic32c/6.2.1/../../../../pic32c/lib/v7e-m/fpv5/hard\libc.a(lib_a-init.o)
 .debug_abbrev  0x00004eed      0x299 c:/program files (x86)/microchip/xc32/v2.10/bin/bin/../../lib/gcc/pic32c/6.2.1/../../../../pic32c/lib/v7e-m/fpv5/hard\libc.a(lib_a-locale.o)
 .debug_abbrev  0x00005186      0x1f8 c:/program files (x86)/microchip/xc32/v2.10/bin/bin/../../lib/gcc/pic32c/6.2.1/../../../../pic32c/lib/v7e-m/fpv5/hard\libc.a(lib_a-malloc.o)
 .debug_abbrev  0x0000537e      0x2ad c:/program files (x86)/microchip/xc32/v2.10/bin/bin/../../lib/gcc/pic32c/6.2.1/../../../../pic32c/lib/v7e-m/fpv5/hard\libc.a(lib_a-mallocr.o)
 .debug_abbrev  0x0000562b      0x203 c:/program files (x86)/microchip/xc32/v2.10/bin/bin/../../lib/gcc/pic32c/6.2.1/../../../../pic32c/lib/v7e-m/fpv5/hard\libc.a(lib_a-mbtowc_r.o)
 .debug_abbrev  0x0000582e      0x1a3 c:/program files (x86)/microchip/xc32/v2.10/bin/bin/../../lib/gcc/pic32c/6.2.1/../../../../pic32c/lib/v7e-m/fpv5/hard\libc.a(lib_a-memcmp.o)
 .debug_abbrev  0x000059d1       0x14 c:/program files (x86)/microchip/xc32/v2.10/bin/bin/../../lib/gcc/pic32c/6.2.1/../../../../pic32c/lib/v7e-m/fpv5/hard\libc.a(lib_a-memcpy.o)
 .debug_abbrev  0x000059e5      0x1bc c:/program files (x86)/microchip/xc32/v2.10/bin/bin/../../lib/gcc/pic32c/6.2.1/../../../../pic32c/lib/v7e-m/fpv5/hard\libc.a(lib_a-memmove.o)
 .debug_abbrev  0x00005ba1      0x1b7 c:/program files (x86)/microchip/xc32/v2.10/bin/bin/../../lib/gcc/pic32c/6.2.1/../../../../pic32c/lib/v7e-m/fpv5/hard\libc.a(lib_a-memset.o)
 .debug_abbrev  0x00005d58      0x1b9 c:/program files (x86)/microchip/xc32/v2.10/bin/bin/../../lib/gcc/pic32c/6.2.1/../../../../pic32c/lib/v7e-m/fpv5/hard\libc.a(lib_a-mlock.o)
 .debug_abbrev  0x00005f11      0x262 c:/program files (x86)/microchip/xc32/v2.10/bin/bin/../../lib/gcc/pic32c/6.2.1/../../../../pic32c/lib/v7e-m/fpv5/hard\libc.a(lib_a-reallocr.o)
 .debug_abbrev  0x00006173      0x1ed c:/program files (x86)/microchip/xc32/v2.10/bin/bin/../../lib/gcc/pic32c/6.2.1/../../../../pic32c/lib/v7e-m/fpv5/hard\libc.a(lib_a-sbrkr.o)
 .debug_abbrev  0x00006360      0x22f c:/program files (x86)/microchip/xc32/v2.10/bin/bin/../../lib/gcc/pic32c/6.2.1/../../../../pic32c/lib/v7e-m/fpv5/hard\libc.a(lib_a-sprintf.o)
 .debug_abbrev  0x0000658f       0x14 c:/program files (x86)/microchip/xc32/v2.10/bin/bin/../../lib/gcc/pic32c/6.2.1/../../../../pic32c/lib/v7e-m/fpv5/hard\libc.a(lib_a-strcmp.o)
 .debug_abbrev  0x000065a3      0x19c c:/program files (x86)/microchip/xc32/v2.10/bin/bin/../../lib/gcc/pic32c/6.2.1/../../../../pic32c/lib/v7e-m/fpv5/hard\libc.a(lib_a-strcpy.o)
 .debug_abbrev  0x0000673f       0x14 c:/program files (x86)/microchip/xc32/v2.10/bin/bin/../../lib/gcc/pic32c/6.2.1/../../../../pic32c/lib/v7e-m/fpv5/hard\libc.a(lib_a-strlen.o)
 .debug_abbrev  0x00006753      0x1ad c:/program files (x86)/microchip/xc32/v2.10/bin/bin/../../lib/gcc/pic32c/6.2.1/../../../../pic32c/lib/v7e-m/fpv5/hard\libc.a(lib_a-strncpy.o)
 .debug_abbrev  0x00006900      0x319 c:/program files (x86)/microchip/xc32/v2.10/bin/bin/../../lib/gcc/pic32c/6.2.1/../../../../pic32c/lib/v7e-m/fpv5/hard\libc.a(lib_a-svfprintf.o)
 .debug_abbrev  0x00006c19      0x22f c:/program files (x86)/microchip/xc32/v2.10/bin/bin/../../lib/gcc/pic32c/6.2.1/../../../../pic32c/lib/v7e-m/fpv5/hard\libc.a(lib_a-vsnprintf.o)
 .debug_abbrev  0x00006e48      0x21f c:/program files (x86)/microchip/xc32/v2.10/bin/bin/../../lib/gcc/pic32c/6.2.1/../../../../pic32c/lib/v7e-m/fpv5/hard\libc.a(lib_a-wctomb_r.o)
 .debug_abbrev  0x00007067      0x242 c:/program files (x86)/microchip/xc32/v2.10/bin/bin/../../lib/gcc/pic32c/6.2.1/../../../../pic32c/lib/v7e-m/fpv5/hard\libc.a(lib_a-__call_atexit.o)
 .debug_abbrev  0x000072a9      0x1e6 c:/program files (x86)/microchip/xc32/v2.10/bin/bin/../../lib/gcc/pic32c/6.2.1/../../../../pic32c/lib/v7e-m/fpv5/hard\libc.a(lib_a-atexit.o)
 .debug_abbrev  0x0000748f      0x176 c:/program files (x86)/microchip/xc32/v2.10/bin/bin/../../lib/gcc/pic32c/6.2.1/../../../../pic32c/lib/v7e-m/fpv5/hard\libc.a(lib_a-ctype_.o)
 .debug_abbrev  0x00007605      0x27a c:/program files (x86)/microchip/xc32/v2.10/bin/bin/../../lib/gcc/pic32c/6.2.1/../../../../pic32c/lib/v7e-m/fpv5/hard\libc.a(lib_a-dtoa.o)
 .debug_abbrev  0x0000787f       0xa6 c:/program files (x86)/microchip/xc32/v2.10/bin/bin/../../lib/gcc/pic32c/6.2.1/../../../../pic32c/lib/v7e-m/fpv5/hard\libc.a(lib_a-fini.o)
 .debug_abbrev  0x00007925      0x24f c:/program files (x86)/microchip/xc32/v2.10/bin/bin/../../lib/gcc/pic32c/6.2.1/../../../../pic32c/lib/v7e-m/fpv5/hard\libc.a(lib_a-freer.o)
 .debug_abbrev  0x00007b74      0x21b c:/program files (x86)/microchip/xc32/v2.10/bin/bin/../../lib/gcc/pic32c/6.2.1/../../../../pic32c/lib/v7e-m/fpv5/hard\libc.a(lib_a-localeconv.o)
 .debug_abbrev  0x00007d8f       0x14 c:/program files (x86)/microchip/xc32/v2.10/bin/bin/../../lib/gcc/pic32c/6.2.1/../../../../pic32c/lib/v7e-m/fpv5/hard\libc.a(lib_a-memchr.o)
 .debug_abbrev  0x00007da3      0x3cc c:/program files (x86)/microchip/xc32/v2.10/bin/bin/../../lib/gcc/pic32c/6.2.1/../../../../pic32c/lib/v7e-m/fpv5/hard\libc.a(lib_a-mprec.o)
 .debug_abbrev  0x0000816f      0x23f c:/program files (x86)/microchip/xc32/v2.10/bin/bin/../../lib/gcc/pic32c/6.2.1/../../../../pic32c/lib/v7e-m/fpv5/hard\libc.a(lib_a-reent.o)
 .debug_abbrev  0x000083ae      0x207 c:/program files (x86)/microchip/xc32/v2.10/bin/bin/../../lib/gcc/pic32c/6.2.1/../../../../pic32c/lib/v7e-m/fpv5/hard\libc.a(lib_a-s_frexp.o)
 .debug_abbrev  0x000085b5      0x2c7 c:/program files (x86)/microchip/xc32/v2.10/bin/bin/../../lib/gcc/pic32c/6.2.1/../../../../pic32c/lib/v7e-m/fpv5/hard\libc.a(lib_a-svfiprintf.o)
 .debug_abbrev  0x0000887c      0x1f2 c:/program files (x86)/microchip/xc32/v2.10/bin/bin/../../lib/gcc/pic32c/6.2.1/../../../../pic32c/lib/v7e-m/fpv5/hard\libc.a(lib_a-__atexit.o)
 .debug_abbrev  0x00008a6e      0x203 c:/program files (x86)/microchip/xc32/v2.10/bin/bin/../../lib/gcc/pic32c/6.2.1/../../../../pic32c/lib/v7e-m/fpv5/hard\libc.a(lib_a-callocr.o)
 .debug_abbrev  0x00008c71       0x2a c:/program files (x86)/microchip/xc32/v2.10/bin/bin/../../lib/gcc/pic32c/6.2.1/../../../../pic32c/lib/v7e-m/fpv5/hard\libpic32c.a(sbrk.o)

.debug_loc      0x00000000    0x2103f
 .debug_loc     0x00000000       0x20 build/sam_e70_xplained_ultra/production/_ext/1360937237/main.o
 .debug_loc     0x00000020       0x41 build/sam_e70_xplained_ultra/production/_ext/1171490990/initialization.o
 .debug_loc     0x00000061       0x84 build/sam_e70_xplained_ultra/production/_ext/60177924/plib_pio.o
 .debug_loc     0x000000e5       0xb5 build/sam_e70_xplained_ultra/production/_ext/1865468468/plib_nvic.o
 .debug_loc     0x0000019a       0x59 build/sam_e70_xplained_ultra/production/_ext/1171490990/startup.o
 .debug_loc     0x000001f3       0xaa build/sam_e70_xplained_ultra/production/_ext/1881668453/sys_int.o
 .debug_loc     0x0000029d      0x5af build/sam_e70_xplained_ultra/production/_ext/1360937237/app.o
 .debug_loc     0x0000084c       0x20 build/sam_e70_xplained_ultra/production/_ext/1171490990/tasks.o
 .debug_loc     0x0000086c     0x2a05 build/sam_e70_xplained_ultra/production/_ext/1645245335/crypto.o
 .debug_loc     0x00003271     0x8263 build/sam_e70_xplained_ultra/production/_ext/1645245335/des3.o
 .debug_loc     0x0000b4d4      0xf93 build/sam_e70_xplained_ultra/production/_ext/1645245335/hmac.o
 .debug_loc     0x0000c467      0x9f6 build/sam_e70_xplained_ultra/production/_ext/1645245335/md5.o
 .debug_loc     0x0000ce5d     0x10a4 build/sam_e70_xplained_ultra/production/_ext/1645245335/sha512.o
 .debug_loc     0x0000df01      0x9d0 build/sam_e70_xplained_ultra/production/_ext/1645245335/aes_pic32c.o
 .debug_loc     0x0000e8d1      0x537 build/sam_e70_xplained_ultra/production/_ext/1645245335/sha_pic32c.o
 .debug_loc     0x0000ee08      0x539 build/sam_e70_xplained_ultra/production/_ext/1645245335/sha256_pic32c.o
 .debug_loc     0x0000f341      0x5fd build/sam_e70_xplained_ultra/production/_ext/1832805299/sys_console.o
 .debug_loc     0x0000f93e      0x4ab build/sam_e70_xplained_ultra/production/_ext/1832805299/sys_console_uart.o
 .debug_loc     0x0000fde9      0x184 build/sam_e70_xplained_ultra/production/_ext/1832805299/sys_debug.o
 .debug_loc     0x0000ff6d     0x1257 build/sam_e70_xplained_ultra/production/_ext/1832805299/sys_command.o
 .debug_loc     0x000111c4     0x1115 build/sam_e70_xplained_ultra/production/_ext/101884895/sys_time.o
 .debug_loc     0x000122d9       0x8e build/sam_e70_xplained_ultra/production/_ext/829342655/plib_tc1.o
 .debug_loc     0x00012367      0x732 build/sam_e70_xplained_ultra/production/_ext/2001315827/plib_usart1.o
 .debug_loc     0x00012a99       0x14 c:/program files (x86)/microchip/xc32/v2.10/bin/bin/../../lib/gcc/pic32c/6.2.1/../../../../pic32c/lib/v7e-m/fpv5/hard\libpic32c.a(data_init.o)
 .debug_loc     0x00012aad      0xda6 c:/program files (x86)/microchip/xc32/v2.10/bin/bin/../../lib/gcc/pic32c/6.2.1/v7e-m/fpv5/hard\libgcc.a(_udivmoddi4.o)
 .debug_loc     0x00013853       0xce c:/program files (x86)/microchip/xc32/v2.10/bin/bin/../../lib/gcc/pic32c/6.2.1/../../../../pic32c/lib/v7e-m/fpv5/hard\libc.a(lib_a-init.o)
 .debug_loc     0x00013921      0x173 c:/program files (x86)/microchip/xc32/v2.10/bin/bin/../../lib/gcc/pic32c/6.2.1/../../../../pic32c/lib/v7e-m/fpv5/hard\libc.a(lib_a-locale.o)
 .debug_loc     0x00013a94       0x58 c:/program files (x86)/microchip/xc32/v2.10/bin/bin/../../lib/gcc/pic32c/6.2.1/../../../../pic32c/lib/v7e-m/fpv5/hard\libc.a(lib_a-malloc.o)
 .debug_loc     0x00013aec      0xc66 c:/program files (x86)/microchip/xc32/v2.10/bin/bin/../../lib/gcc/pic32c/6.2.1/../../../../pic32c/lib/v7e-m/fpv5/hard\libc.a(lib_a-mallocr.o)
 .debug_loc     0x00014752      0x259 c:/program files (x86)/microchip/xc32/v2.10/bin/bin/../../lib/gcc/pic32c/6.2.1/../../../../pic32c/lib/v7e-m/fpv5/hard\libc.a(lib_a-mbtowc_r.o)
 .debug_loc     0x000149ab      0x1da c:/program files (x86)/microchip/xc32/v2.10/bin/bin/../../lib/gcc/pic32c/6.2.1/../../../../pic32c/lib/v7e-m/fpv5/hard\libc.a(lib_a-memcmp.o)
 .debug_loc     0x00014b85      0x289 c:/program files (x86)/microchip/xc32/v2.10/bin/bin/../../lib/gcc/pic32c/6.2.1/../../../../pic32c/lib/v7e-m/fpv5/hard\libc.a(lib_a-memmove.o)
 .debug_loc     0x00014e0e      0x1f5 c:/program files (x86)/microchip/xc32/v2.10/bin/bin/../../lib/gcc/pic32c/6.2.1/../../../../pic32c/lib/v7e-m/fpv5/hard\libc.a(lib_a-memset.o)
 .debug_loc     0x00015003      0xf24 c:/program files (x86)/microchip/xc32/v2.10/bin/bin/../../lib/gcc/pic32c/6.2.1/../../../../pic32c/lib/v7e-m/fpv5/hard\libc.a(lib_a-reallocr.o)
 .debug_loc     0x00015f27       0x6d c:/program files (x86)/microchip/xc32/v2.10/bin/bin/../../lib/gcc/pic32c/6.2.1/../../../../pic32c/lib/v7e-m/fpv5/hard\libc.a(lib_a-sbrkr.o)
 .debug_loc     0x00015f94      0x134 c:/program files (x86)/microchip/xc32/v2.10/bin/bin/../../lib/gcc/pic32c/6.2.1/../../../../pic32c/lib/v7e-m/fpv5/hard\libc.a(lib_a-sprintf.o)
 .debug_loc     0x000160c8       0x21 c:/program files (x86)/microchip/xc32/v2.10/bin/bin/../../lib/gcc/pic32c/6.2.1/../../../../pic32c/lib/v7e-m/fpv5/hard\libc.a(lib_a-strcpy.o)
 .debug_loc     0x000160e9      0x175 c:/program files (x86)/microchip/xc32/v2.10/bin/bin/../../lib/gcc/pic32c/6.2.1/../../../../pic32c/lib/v7e-m/fpv5/hard\libc.a(lib_a-strncpy.o)
 .debug_loc     0x0001625e     0x36ff c:/program files (x86)/microchip/xc32/v2.10/bin/bin/../../lib/gcc/pic32c/6.2.1/../../../../pic32c/lib/v7e-m/fpv5/hard\libc.a(lib_a-svfprintf.o)
 .debug_loc     0x0001995d      0x2cf c:/program files (x86)/microchip/xc32/v2.10/bin/bin/../../lib/gcc/pic32c/6.2.1/../../../../pic32c/lib/v7e-m/fpv5/hard\libc.a(lib_a-vsnprintf.o)
 .debug_loc     0x00019c2c      0x124 c:/program files (x86)/microchip/xc32/v2.10/bin/bin/../../lib/gcc/pic32c/6.2.1/../../../../pic32c/lib/v7e-m/fpv5/hard\libc.a(lib_a-wctomb_r.o)
 .debug_loc     0x00019d50      0x1dd c:/program files (x86)/microchip/xc32/v2.10/bin/bin/../../lib/gcc/pic32c/6.2.1/../../../../pic32c/lib/v7e-m/fpv5/hard\libc.a(lib_a-__call_atexit.o)
 .debug_loc     0x00019f2d       0x2c c:/program files (x86)/microchip/xc32/v2.10/bin/bin/../../lib/gcc/pic32c/6.2.1/../../../../pic32c/lib/v7e-m/fpv5/hard\libc.a(lib_a-atexit.o)
 .debug_loc     0x00019f59     0x2aab c:/program files (x86)/microchip/xc32/v2.10/bin/bin/../../lib/gcc/pic32c/6.2.1/../../../../pic32c/lib/v7e-m/fpv5/hard\libc.a(lib_a-dtoa.o)
 .debug_loc     0x0001ca04       0x88 c:/program files (x86)/microchip/xc32/v2.10/bin/bin/../../lib/gcc/pic32c/6.2.1/../../../../pic32c/lib/v7e-m/fpv5/hard\libc.a(lib_a-fini.o)
 .debug_loc     0x0001ca8c      0x5dd c:/program files (x86)/microchip/xc32/v2.10/bin/bin/../../lib/gcc/pic32c/6.2.1/../../../../pic32c/lib/v7e-m/fpv5/hard\libc.a(lib_a-freer.o)
 .debug_loc     0x0001d069       0x63 c:/program files (x86)/microchip/xc32/v2.10/bin/bin/../../lib/gcc/pic32c/6.2.1/../../../../pic32c/lib/v7e-m/fpv5/hard\libc.a(lib_a-localeconv.o)
 .debug_loc     0x0001d0cc     0x2030 c:/program files (x86)/microchip/xc32/v2.10/bin/bin/../../lib/gcc/pic32c/6.2.1/../../../../pic32c/lib/v7e-m/fpv5/hard\libc.a(lib_a-mprec.o)
 .debug_loc     0x0001f0fc      0x175 c:/program files (x86)/microchip/xc32/v2.10/bin/bin/../../lib/gcc/pic32c/6.2.1/../../../../pic32c/lib/v7e-m/fpv5/hard\libc.a(lib_a-reent.o)
 .debug_loc     0x0001f271      0x119 c:/program files (x86)/microchip/xc32/v2.10/bin/bin/../../lib/gcc/pic32c/6.2.1/../../../../pic32c/lib/v7e-m/fpv5/hard\libc.a(lib_a-s_frexp.o)
 .debug_loc     0x0001f38a     0x184d c:/program files (x86)/microchip/xc32/v2.10/bin/bin/../../lib/gcc/pic32c/6.2.1/../../../../pic32c/lib/v7e-m/fpv5/hard\libc.a(lib_a-svfiprintf.o)
 .debug_loc     0x00020bd7      0x1b7 c:/program files (x86)/microchip/xc32/v2.10/bin/bin/../../lib/gcc/pic32c/6.2.1/../../../../pic32c/lib/v7e-m/fpv5/hard\libc.a(lib_a-__atexit.o)
 .debug_loc     0x00020d8e      0x2b1 c:/program files (x86)/microchip/xc32/v2.10/bin/bin/../../lib/gcc/pic32c/6.2.1/../../../../pic32c/lib/v7e-m/fpv5/hard\libc.a(lib_a-callocr.o)

.debug_aranges  0x00000000     0x10c0
 .debug_aranges
                0x00000000       0x20 build/sam_e70_xplained_ultra/production/_ext/1360937237/main.o
 .debug_aranges
                0x00000020       0x20 build/sam_e70_xplained_ultra/production/_ext/1171490990/initialization.o
 .debug_aranges
                0x00000040       0x20 build/sam_e70_xplained_ultra/production/_ext/1171490990/interrupts.o
 .debug_aranges
                0x00000060       0x48 build/sam_e70_xplained_ultra/production/_ext/1171490990/exceptions.o
 .debug_aranges
                0x000000a8       0x20 build/sam_e70_xplained_ultra/production/_ext/60165520/plib_clk.o
 .debug_aranges
                0x000000c8       0x60 build/sam_e70_xplained_ultra/production/_ext/60177924/plib_pio.o
 .debug_aranges
                0x00000128       0x20 build/sam_e70_xplained_ultra/production/_ext/1865468468/plib_nvic.o
 .debug_aranges
                0x00000148       0x20 build/sam_e70_xplained_ultra/production/_ext/1171490990/startup.o
 .debug_aranges
                0x00000168       0x38 build/sam_e70_xplained_ultra/production/_ext/1881668453/sys_int.o
 .debug_aranges
                0x000001a0       0xc0 build/sam_e70_xplained_ultra/production/_ext/1360937237/app.o
 .debug_aranges
                0x00000260       0x20 build/sam_e70_xplained_ultra/production/_ext/1171490990/tasks.o
 .debug_aranges
                0x00000280      0x1c8 build/sam_e70_xplained_ultra/production/_ext/1645245335/crypto.o
 .debug_aranges
                0x00000448       0x88 build/sam_e70_xplained_ultra/production/_ext/1645245335/des3.o
 .debug_aranges
                0x000004d0       0x58 build/sam_e70_xplained_ultra/production/_ext/1645245335/hmac.o
 .debug_aranges
                0x00000528       0x58 build/sam_e70_xplained_ultra/production/_ext/1645245335/md5.o
 .debug_aranges
                0x00000580       0x90 build/sam_e70_xplained_ultra/production/_ext/1645245335/sha512.o
 .debug_aranges
                0x00000610       0x68 build/sam_e70_xplained_ultra/production/_ext/1645245335/aes_pic32c.o
 .debug_aranges
                0x00000678       0x38 build/sam_e70_xplained_ultra/production/_ext/1645245335/sha_pic32c.o
 .debug_aranges
                0x000006b0       0x40 build/sam_e70_xplained_ultra/production/_ext/1645245335/sha256_pic32c.o
 .debug_aranges
                0x000006f0       0x60 build/sam_e70_xplained_ultra/production/_ext/1832805299/sys_console.o
 .debug_aranges
                0x00000750       0x68 build/sam_e70_xplained_ultra/production/_ext/1832805299/sys_console_uart.o
 .debug_aranges
                0x000007b8       0x60 build/sam_e70_xplained_ultra/production/_ext/1832805299/sys_debug.o
 .debug_aranges
                0x00000818       0xd0 build/sam_e70_xplained_ultra/production/_ext/1832805299/sys_command.o
 .debug_aranges
                0x000008e8      0x100 build/sam_e70_xplained_ultra/production/_ext/101884895/sys_time.o
 .debug_aranges
                0x000009e8       0x60 build/sam_e70_xplained_ultra/production/_ext/829342655/plib_tc1.o
 .debug_aranges
                0x00000a48       0x78 build/sam_e70_xplained_ultra/production/_ext/2001315827/plib_usart1.o
 .debug_aranges
                0x00000ac0       0x20 c:/program files (x86)/microchip/xc32/v2.10/bin/bin/../../lib/gcc/pic32c/6.2.1/../../../../pic32c/lib/v7e-m/fpv5/hard\libpic32c.a(data_init.o)
 .debug_aranges
                0x00000ae0       0x20 c:/program files (x86)/microchip/xc32/v2.10/bin/bin/../../lib/gcc/pic32c/6.2.1/v7e-m/fpv5/hard\libgcc.a(_aeabi_uldivmod.o)
 .debug_aranges
                0x00000b00       0x20 c:/program files (x86)/microchip/xc32/v2.10/bin/bin/../../lib/gcc/pic32c/6.2.1/v7e-m/fpv5/hard\libgcc.a(_udivmoddi4.o)
 .debug_aranges
                0x00000b20       0x20 c:/program files (x86)/microchip/xc32/v2.10/bin/bin/../../lib/gcc/pic32c/6.2.1/v7e-m/fpv5/hard\libgcc.a(_dvmd_tls.o)
 .debug_aranges
                0x00000b40       0x18 c:/program files (x86)/microchip/xc32/v2.10/bin/bin/../../lib/gcc/pic32c/6.2.1/../../../../pic32c/lib/v7e-m/fpv5/hard\libc.a(lib_a-impure.o)
 .debug_aranges
                0x00000b58       0x20 c:/program files (x86)/microchip/xc32/v2.10/bin/bin/../../lib/gcc/pic32c/6.2.1/../../../../pic32c/lib/v7e-m/fpv5/hard\libc.a(lib_a-init.o)
 .debug_aranges
                0x00000b78       0x40 c:/program files (x86)/microchip/xc32/v2.10/bin/bin/../../lib/gcc/pic32c/6.2.1/../../../../pic32c/lib/v7e-m/fpv5/hard\libc.a(lib_a-locale.o)
 .debug_aranges
                0x00000bb8       0x28 c:/program files (x86)/microchip/xc32/v2.10/bin/bin/../../lib/gcc/pic32c/6.2.1/../../../../pic32c/lib/v7e-m/fpv5/hard\libc.a(lib_a-malloc.o)
 .debug_aranges
                0x00000be0       0x20 c:/program files (x86)/microchip/xc32/v2.10/bin/bin/../../lib/gcc/pic32c/6.2.1/../../../../pic32c/lib/v7e-m/fpv5/hard\libc.a(lib_a-mallocr.o)
 .debug_aranges
                0x00000c00       0x28 c:/program files (x86)/microchip/xc32/v2.10/bin/bin/../../lib/gcc/pic32c/6.2.1/../../../../pic32c/lib/v7e-m/fpv5/hard\libc.a(lib_a-mbtowc_r.o)
 .debug_aranges
                0x00000c28       0x20 c:/program files (x86)/microchip/xc32/v2.10/bin/bin/../../lib/gcc/pic32c/6.2.1/../../../../pic32c/lib/v7e-m/fpv5/hard\libc.a(lib_a-memcmp.o)
 .debug_aranges
                0x00000c48       0x20 c:/program files (x86)/microchip/xc32/v2.10/bin/bin/../../lib/gcc/pic32c/6.2.1/../../../../pic32c/lib/v7e-m/fpv5/hard\libc.a(lib_a-memcpy.o)
 .debug_aranges
                0x00000c68       0x20 c:/program files (x86)/microchip/xc32/v2.10/bin/bin/../../lib/gcc/pic32c/6.2.1/../../../../pic32c/lib/v7e-m/fpv5/hard\libc.a(lib_a-memmove.o)
 .debug_aranges
                0x00000c88       0x20 c:/program files (x86)/microchip/xc32/v2.10/bin/bin/../../lib/gcc/pic32c/6.2.1/../../../../pic32c/lib/v7e-m/fpv5/hard\libc.a(lib_a-memset.o)
 .debug_aranges
                0x00000ca8       0x20 c:/program files (x86)/microchip/xc32/v2.10/bin/bin/../../lib/gcc/pic32c/6.2.1/../../../../pic32c/lib/v7e-m/fpv5/hard\libc.a(lib_a-mlock.o)
 .debug_aranges
                0x00000cc8       0x20 c:/program files (x86)/microchip/xc32/v2.10/bin/bin/../../lib/gcc/pic32c/6.2.1/../../../../pic32c/lib/v7e-m/fpv5/hard\libc.a(lib_a-reallocr.o)
 .debug_aranges
                0x00000ce8       0x20 c:/program files (x86)/microchip/xc32/v2.10/bin/bin/../../lib/gcc/pic32c/6.2.1/../../../../pic32c/lib/v7e-m/fpv5/hard\libc.a(lib_a-sbrkr.o)
 .debug_aranges
                0x00000d08       0x28 c:/program files (x86)/microchip/xc32/v2.10/bin/bin/../../lib/gcc/pic32c/6.2.1/../../../../pic32c/lib/v7e-m/fpv5/hard\libc.a(lib_a-sprintf.o)
 .debug_aranges
                0x00000d30       0x20 c:/program files (x86)/microchip/xc32/v2.10/bin/bin/../../lib/gcc/pic32c/6.2.1/../../../../pic32c/lib/v7e-m/fpv5/hard\libc.a(lib_a-strcmp.o)
 .debug_aranges
                0x00000d50       0x20 c:/program files (x86)/microchip/xc32/v2.10/bin/bin/../../lib/gcc/pic32c/6.2.1/../../../../pic32c/lib/v7e-m/fpv5/hard\libc.a(lib_a-strcpy.o)
 .debug_aranges
                0x00000d70       0x20 c:/program files (x86)/microchip/xc32/v2.10/bin/bin/../../lib/gcc/pic32c/6.2.1/../../../../pic32c/lib/v7e-m/fpv5/hard\libc.a(lib_a-strlen.o)
 .debug_aranges
                0x00000d90       0x20 c:/program files (x86)/microchip/xc32/v2.10/bin/bin/../../lib/gcc/pic32c/6.2.1/../../../../pic32c/lib/v7e-m/fpv5/hard\libc.a(lib_a-strncpy.o)
 .debug_aranges
                0x00000db0       0x20 c:/program files (x86)/microchip/xc32/v2.10/bin/bin/../../lib/gcc/pic32c/6.2.1/../../../../pic32c/lib/v7e-m/fpv5/hard\libc.a(lib_a-svfprintf.o)
 .debug_aranges
                0x00000dd0       0x28 c:/program files (x86)/microchip/xc32/v2.10/bin/bin/../../lib/gcc/pic32c/6.2.1/../../../../pic32c/lib/v7e-m/fpv5/hard\libc.a(lib_a-vsnprintf.o)
 .debug_aranges
                0x00000df8       0x28 c:/program files (x86)/microchip/xc32/v2.10/bin/bin/../../lib/gcc/pic32c/6.2.1/../../../../pic32c/lib/v7e-m/fpv5/hard\libc.a(lib_a-wctomb_r.o)
 .debug_aranges
                0x00000e20       0x28 c:/program files (x86)/microchip/xc32/v2.10/bin/bin/../../lib/gcc/pic32c/6.2.1/../../../../pic32c/lib/v7e-m/fpv5/hard\libc.a(lib_a-__call_atexit.o)
 .debug_aranges
                0x00000e48       0x20 c:/program files (x86)/microchip/xc32/v2.10/bin/bin/../../lib/gcc/pic32c/6.2.1/../../../../pic32c/lib/v7e-m/fpv5/hard\libc.a(lib_a-atexit.o)
 .debug_aranges
                0x00000e68       0x18 c:/program files (x86)/microchip/xc32/v2.10/bin/bin/../../lib/gcc/pic32c/6.2.1/../../../../pic32c/lib/v7e-m/fpv5/hard\libc.a(lib_a-ctype_.o)
 .debug_aranges
                0x00000e80       0x28 c:/program files (x86)/microchip/xc32/v2.10/bin/bin/../../lib/gcc/pic32c/6.2.1/../../../../pic32c/lib/v7e-m/fpv5/hard\libc.a(lib_a-dtoa.o)
 .debug_aranges
                0x00000ea8       0x20 c:/program files (x86)/microchip/xc32/v2.10/bin/bin/../../lib/gcc/pic32c/6.2.1/../../../../pic32c/lib/v7e-m/fpv5/hard\libc.a(lib_a-fini.o)
 .debug_aranges
                0x00000ec8       0x28 c:/program files (x86)/microchip/xc32/v2.10/bin/bin/../../lib/gcc/pic32c/6.2.1/../../../../pic32c/lib/v7e-m/fpv5/hard\libc.a(lib_a-freer.o)
 .debug_aranges
                0x00000ef0       0x30 c:/program files (x86)/microchip/xc32/v2.10/bin/bin/../../lib/gcc/pic32c/6.2.1/../../../../pic32c/lib/v7e-m/fpv5/hard\libc.a(lib_a-localeconv.o)
 .debug_aranges
                0x00000f20       0x20 c:/program files (x86)/microchip/xc32/v2.10/bin/bin/../../lib/gcc/pic32c/6.2.1/../../../../pic32c/lib/v7e-m/fpv5/hard\libc.a(lib_a-memchr.o)
 .debug_aranges
                0x00000f40       0xb0 c:/program files (x86)/microchip/xc32/v2.10/bin/bin/../../lib/gcc/pic32c/6.2.1/../../../../pic32c/lib/v7e-m/fpv5/hard\libc.a(lib_a-mprec.o)
 .debug_aranges
                0x00000ff0       0x28 c:/program files (x86)/microchip/xc32/v2.10/bin/bin/../../lib/gcc/pic32c/6.2.1/../../../../pic32c/lib/v7e-m/fpv5/hard\libc.a(lib_a-reent.o)
 .debug_aranges
                0x00001018       0x20 c:/program files (x86)/microchip/xc32/v2.10/bin/bin/../../lib/gcc/pic32c/6.2.1/../../../../pic32c/lib/v7e-m/fpv5/hard\libc.a(lib_a-s_frexp.o)
 .debug_aranges
                0x00001038       0x28 c:/program files (x86)/microchip/xc32/v2.10/bin/bin/../../lib/gcc/pic32c/6.2.1/../../../../pic32c/lib/v7e-m/fpv5/hard\libc.a(lib_a-svfiprintf.o)
 .debug_aranges
                0x00001060       0x20 c:/program files (x86)/microchip/xc32/v2.10/bin/bin/../../lib/gcc/pic32c/6.2.1/../../../../pic32c/lib/v7e-m/fpv5/hard\libc.a(lib_a-__atexit.o)
 .debug_aranges
                0x00001080       0x20 c:/program files (x86)/microchip/xc32/v2.10/bin/bin/../../lib/gcc/pic32c/6.2.1/../../../../pic32c/lib/v7e-m/fpv5/hard\libc.a(lib_a-callocr.o)
 .debug_aranges
                0x000010a0       0x20 c:/program files (x86)/microchip/xc32/v2.10/bin/bin/../../lib/gcc/pic32c/6.2.1/../../../../pic32c/lib/v7e-m/fpv5/hard\libpic32c.a(sbrk.o)

.debug_ranges   0x00000000     0x13f8
 .debug_ranges  0x00000000       0x10 build/sam_e70_xplained_ultra/production/_ext/1360937237/main.o
 .debug_ranges  0x00000010       0x10 build/sam_e70_xplained_ultra/production/_ext/1171490990/initialization.o
 .debug_ranges  0x00000020       0x10 build/sam_e70_xplained_ultra/production/_ext/1171490990/interrupts.o
 .debug_ranges  0x00000030       0x38 build/sam_e70_xplained_ultra/production/_ext/1171490990/exceptions.o
 .debug_ranges  0x00000068       0x10 build/sam_e70_xplained_ultra/production/_ext/60165520/plib_clk.o
 .debug_ranges  0x00000078       0x50 build/sam_e70_xplained_ultra/production/_ext/60177924/plib_pio.o
 .debug_ranges  0x000000c8       0x10 build/sam_e70_xplained_ultra/production/_ext/1865468468/plib_nvic.o
 .debug_ranges  0x000000d8       0x10 build/sam_e70_xplained_ultra/production/_ext/1171490990/startup.o
 .debug_ranges  0x000000e8       0x28 build/sam_e70_xplained_ultra/production/_ext/1881668453/sys_int.o
 .debug_ranges  0x00000110       0xb0 build/sam_e70_xplained_ultra/production/_ext/1360937237/app.o
 .debug_ranges  0x000001c0       0x10 build/sam_e70_xplained_ultra/production/_ext/1171490990/tasks.o
 .debug_ranges  0x000001d0      0x1b8 build/sam_e70_xplained_ultra/production/_ext/1645245335/crypto.o
 .debug_ranges  0x00000388       0xf0 build/sam_e70_xplained_ultra/production/_ext/1645245335/des3.o
 .debug_ranges  0x00000478       0x68 build/sam_e70_xplained_ultra/production/_ext/1645245335/hmac.o
 .debug_ranges  0x000004e0       0x60 build/sam_e70_xplained_ultra/production/_ext/1645245335/md5.o
 .debug_ranges  0x00000540      0x120 build/sam_e70_xplained_ultra/production/_ext/1645245335/sha512.o
 .debug_ranges  0x00000660       0x58 build/sam_e70_xplained_ultra/production/_ext/1645245335/aes_pic32c.o
 .debug_ranges  0x000006b8       0x28 build/sam_e70_xplained_ultra/production/_ext/1645245335/sha_pic32c.o
 .debug_ranges  0x000006e0       0x30 build/sam_e70_xplained_ultra/production/_ext/1645245335/sha256_pic32c.o
 .debug_ranges  0x00000710       0x50 build/sam_e70_xplained_ultra/production/_ext/1832805299/sys_console.o
 .debug_ranges  0x00000760       0x88 build/sam_e70_xplained_ultra/production/_ext/1832805299/sys_console_uart.o
 .debug_ranges  0x000007e8       0x50 build/sam_e70_xplained_ultra/production/_ext/1832805299/sys_debug.o
 .debug_ranges  0x00000838      0x1a8 build/sam_e70_xplained_ultra/production/_ext/1832805299/sys_command.o
 .debug_ranges  0x000009e0      0x120 build/sam_e70_xplained_ultra/production/_ext/101884895/sys_time.o
 .debug_ranges  0x00000b00       0x50 build/sam_e70_xplained_ultra/production/_ext/829342655/plib_tc1.o
 .debug_ranges  0x00000b50       0x80 build/sam_e70_xplained_ultra/production/_ext/2001315827/plib_usart1.o
 .debug_ranges  0x00000bd0       0x10 c:/program files (x86)/microchip/xc32/v2.10/bin/bin/../../lib/gcc/pic32c/6.2.1/../../../../pic32c/lib/v7e-m/fpv5/hard\libpic32c.a(data_init.o)
 .debug_ranges  0x00000be0       0xd0 c:/program files (x86)/microchip/xc32/v2.10/bin/bin/../../lib/gcc/pic32c/6.2.1/v7e-m/fpv5/hard\libgcc.a(_udivmoddi4.o)
 .debug_ranges  0x00000cb0       0x10 c:/program files (x86)/microchip/xc32/v2.10/bin/bin/../../lib/gcc/pic32c/6.2.1/../../../../pic32c/lib/v7e-m/fpv5/hard\libc.a(lib_a-init.o)
 .debug_ranges  0x00000cc0       0x50 c:/program files (x86)/microchip/xc32/v2.10/bin/bin/../../lib/gcc/pic32c/6.2.1/../../../../pic32c/lib/v7e-m/fpv5/hard\libc.a(lib_a-locale.o)
 .debug_ranges  0x00000d10       0x18 c:/program files (x86)/microchip/xc32/v2.10/bin/bin/../../lib/gcc/pic32c/6.2.1/../../../../pic32c/lib/v7e-m/fpv5/hard\libc.a(lib_a-malloc.o)
 .debug_ranges  0x00000d28       0x40 c:/program files (x86)/microchip/xc32/v2.10/bin/bin/../../lib/gcc/pic32c/6.2.1/../../../../pic32c/lib/v7e-m/fpv5/hard\libc.a(lib_a-mallocr.o)
 .debug_ranges  0x00000d68       0x18 c:/program files (x86)/microchip/xc32/v2.10/bin/bin/../../lib/gcc/pic32c/6.2.1/../../../../pic32c/lib/v7e-m/fpv5/hard\libc.a(lib_a-mbtowc_r.o)
 .debug_ranges  0x00000d80       0x10 c:/program files (x86)/microchip/xc32/v2.10/bin/bin/../../lib/gcc/pic32c/6.2.1/../../../../pic32c/lib/v7e-m/fpv5/hard\libc.a(lib_a-memcmp.o)
 .debug_ranges  0x00000d90       0x10 c:/program files (x86)/microchip/xc32/v2.10/bin/bin/../../lib/gcc/pic32c/6.2.1/../../../../pic32c/lib/v7e-m/fpv5/hard\libc.a(lib_a-memmove.o)
 .debug_ranges  0x00000da0       0x10 c:/program files (x86)/microchip/xc32/v2.10/bin/bin/../../lib/gcc/pic32c/6.2.1/../../../../pic32c/lib/v7e-m/fpv5/hard\libc.a(lib_a-memset.o)
 .debug_ranges  0x00000db0       0x10 c:/program files (x86)/microchip/xc32/v2.10/bin/bin/../../lib/gcc/pic32c/6.2.1/../../../../pic32c/lib/v7e-m/fpv5/hard\libc.a(lib_a-mlock.o)
 .debug_ranges  0x00000dc0      0x118 c:/program files (x86)/microchip/xc32/v2.10/bin/bin/../../lib/gcc/pic32c/6.2.1/../../../../pic32c/lib/v7e-m/fpv5/hard\libc.a(lib_a-reallocr.o)
 .debug_ranges  0x00000ed8       0x10 c:/program files (x86)/microchip/xc32/v2.10/bin/bin/../../lib/gcc/pic32c/6.2.1/../../../../pic32c/lib/v7e-m/fpv5/hard\libc.a(lib_a-sbrkr.o)
 .debug_ranges  0x00000ee8       0x18 c:/program files (x86)/microchip/xc32/v2.10/bin/bin/../../lib/gcc/pic32c/6.2.1/../../../../pic32c/lib/v7e-m/fpv5/hard\libc.a(lib_a-sprintf.o)
 .debug_ranges  0x00000f00       0x10 c:/program files (x86)/microchip/xc32/v2.10/bin/bin/../../lib/gcc/pic32c/6.2.1/../../../../pic32c/lib/v7e-m/fpv5/hard\libc.a(lib_a-strcpy.o)
 .debug_ranges  0x00000f10       0x10 c:/program files (x86)/microchip/xc32/v2.10/bin/bin/../../lib/gcc/pic32c/6.2.1/../../../../pic32c/lib/v7e-m/fpv5/hard\libc.a(lib_a-strncpy.o)
 .debug_ranges  0x00000f20      0x1b0 c:/program files (x86)/microchip/xc32/v2.10/bin/bin/../../lib/gcc/pic32c/6.2.1/../../../../pic32c/lib/v7e-m/fpv5/hard\libc.a(lib_a-svfprintf.o)
 .debug_ranges  0x000010d0       0x18 c:/program files (x86)/microchip/xc32/v2.10/bin/bin/../../lib/gcc/pic32c/6.2.1/../../../../pic32c/lib/v7e-m/fpv5/hard\libc.a(lib_a-vsnprintf.o)
 .debug_ranges  0x000010e8       0x18 c:/program files (x86)/microchip/xc32/v2.10/bin/bin/../../lib/gcc/pic32c/6.2.1/../../../../pic32c/lib/v7e-m/fpv5/hard\libc.a(lib_a-wctomb_r.o)
 .debug_ranges  0x00001100       0x38 c:/program files (x86)/microchip/xc32/v2.10/bin/bin/../../lib/gcc/pic32c/6.2.1/../../../../pic32c/lib/v7e-m/fpv5/hard\libc.a(lib_a-__call_atexit.o)
 .debug_ranges  0x00001138       0x10 c:/program files (x86)/microchip/xc32/v2.10/bin/bin/../../lib/gcc/pic32c/6.2.1/../../../../pic32c/lib/v7e-m/fpv5/hard\libc.a(lib_a-atexit.o)
 .debug_ranges  0x00001148       0x18 c:/program files (x86)/microchip/xc32/v2.10/bin/bin/../../lib/gcc/pic32c/6.2.1/../../../../pic32c/lib/v7e-m/fpv5/hard\libc.a(lib_a-dtoa.o)
 .debug_ranges  0x00001160       0x10 c:/program files (x86)/microchip/xc32/v2.10/bin/bin/../../lib/gcc/pic32c/6.2.1/../../../../pic32c/lib/v7e-m/fpv5/hard\libc.a(lib_a-fini.o)
 .debug_ranges  0x00001170       0x18 c:/program files (x86)/microchip/xc32/v2.10/bin/bin/../../lib/gcc/pic32c/6.2.1/../../../../pic32c/lib/v7e-m/fpv5/hard\libc.a(lib_a-freer.o)
 .debug_ranges  0x00001188       0x20 c:/program files (x86)/microchip/xc32/v2.10/bin/bin/../../lib/gcc/pic32c/6.2.1/../../../../pic32c/lib/v7e-m/fpv5/hard\libc.a(lib_a-localeconv.o)
 .debug_ranges  0x000011a8      0x130 c:/program files (x86)/microchip/xc32/v2.10/bin/bin/../../lib/gcc/pic32c/6.2.1/../../../../pic32c/lib/v7e-m/fpv5/hard\libc.a(lib_a-mprec.o)
 .debug_ranges  0x000012d8       0x18 c:/program files (x86)/microchip/xc32/v2.10/bin/bin/../../lib/gcc/pic32c/6.2.1/../../../../pic32c/lib/v7e-m/fpv5/hard\libc.a(lib_a-reent.o)
 .debug_ranges  0x000012f0       0x48 c:/program files (x86)/microchip/xc32/v2.10/bin/bin/../../lib/gcc/pic32c/6.2.1/../../../../pic32c/lib/v7e-m/fpv5/hard\libc.a(lib_a-s_frexp.o)
 .debug_ranges  0x00001338       0x50 c:/program files (x86)/microchip/xc32/v2.10/bin/bin/../../lib/gcc/pic32c/6.2.1/../../../../pic32c/lib/v7e-m/fpv5/hard\libc.a(lib_a-svfiprintf.o)
 .debug_ranges  0x00001388       0x10 c:/program files (x86)/microchip/xc32/v2.10/bin/bin/../../lib/gcc/pic32c/6.2.1/../../../../pic32c/lib/v7e-m/fpv5/hard\libc.a(lib_a-__atexit.o)
 .debug_ranges  0x00001398       0x50 c:/program files (x86)/microchip/xc32/v2.10/bin/bin/../../lib/gcc/pic32c/6.2.1/../../../../pic32c/lib/v7e-m/fpv5/hard\libc.a(lib_a-callocr.o)
 .debug_ranges  0x000013e8       0x10 c:/program files (x86)/microchip/xc32/v2.10/bin/bin/../../lib/gcc/pic32c/6.2.1/../../../../pic32c/lib/v7e-m/fpv5/hard\libpic32c.a(sbrk.o)

.debug_line     0x00000000     0xd4ce
 .debug_line    0x00000000      0x25e build/sam_e70_xplained_ultra/production/_ext/1360937237/main.o
 .debug_line    0x0000025e      0x502 build/sam_e70_xplained_ultra/production/_ext/1171490990/initialization.o
 .debug_line    0x00000760      0x28c build/sam_e70_xplained_ultra/production/_ext/1171490990/interrupts.o
 .debug_line    0x000009ec      0x2ab build/sam_e70_xplained_ultra/production/_ext/1171490990/exceptions.o
 .debug_line    0x00000c97      0x180 build/sam_e70_xplained_ultra/production/_ext/60165520/plib_clk.o
 .debug_line    0x00000e17      0x21f build/sam_e70_xplained_ultra/production/_ext/60177924/plib_pio.o
 .debug_line    0x00001036      0x19c build/sam_e70_xplained_ultra/production/_ext/1865468468/plib_nvic.o
 .debug_line    0x000011d2      0x31c build/sam_e70_xplained_ultra/production/_ext/1171490990/startup.o
 .debug_line    0x000014ee      0x225 build/sam_e70_xplained_ultra/production/_ext/1881668453/sys_int.o
 .debug_line    0x00001713      0x63b build/sam_e70_xplained_ultra/production/_ext/1360937237/app.o
 .debug_line    0x00001d4e      0x28e build/sam_e70_xplained_ultra/production/_ext/1171490990/tasks.o
 .debug_line    0x00001fdc      0x821 build/sam_e70_xplained_ultra/production/_ext/1645245335/crypto.o
 .debug_line    0x000027fd      0x532 build/sam_e70_xplained_ultra/production/_ext/1645245335/des3.o
 .debug_line    0x00002d2f      0x4b2 build/sam_e70_xplained_ultra/production/_ext/1645245335/hmac.o
 .debug_line    0x000031e1      0x2e1 build/sam_e70_xplained_ultra/production/_ext/1645245335/md5.o
 .debug_line    0x000034c2      0xa63 build/sam_e70_xplained_ultra/production/_ext/1645245335/sha512.o
 .debug_line    0x00003f25      0x380 build/sam_e70_xplained_ultra/production/_ext/1645245335/aes_pic32c.o
 .debug_line    0x000042a5      0x3d8 build/sam_e70_xplained_ultra/production/_ext/1645245335/sha_pic32c.o
 .debug_line    0x0000467d      0x3f9 build/sam_e70_xplained_ultra/production/_ext/1645245335/sha256_pic32c.o
 .debug_line    0x00004a76      0x346 build/sam_e70_xplained_ultra/production/_ext/1832805299/sys_console.o
 .debug_line    0x00004dbc      0x453 build/sam_e70_xplained_ultra/production/_ext/1832805299/sys_console_uart.o
 .debug_line    0x0000520f      0x321 build/sam_e70_xplained_ultra/production/_ext/1832805299/sys_debug.o
 .debug_line    0x00005530      0x62e build/sam_e70_xplained_ultra/production/_ext/1832805299/sys_command.o
 .debug_line    0x00005b5e      0x600 build/sam_e70_xplained_ultra/production/_ext/101884895/sys_time.o
 .debug_line    0x0000615e      0x265 build/sam_e70_xplained_ultra/production/_ext/829342655/plib_tc1.o
 .debug_line    0x000063c3      0x36b build/sam_e70_xplained_ultra/production/_ext/2001315827/plib_usart1.o
 .debug_line    0x0000672e       0xe5 c:/program files (x86)/microchip/xc32/v2.10/bin/bin/../../lib/gcc/pic32c/6.2.1/../../../../pic32c/lib/v7e-m/fpv5/hard\libpic32c.a(data_init.o)
 .debug_line    0x00006813       0xa3 c:/program files (x86)/microchip/xc32/v2.10/bin/bin/../../lib/gcc/pic32c/6.2.1/v7e-m/fpv5/hard\libgcc.a(_aeabi_uldivmod.o)
 .debug_line    0x000068b6      0x4cd c:/program files (x86)/microchip/xc32/v2.10/bin/bin/../../lib/gcc/pic32c/6.2.1/v7e-m/fpv5/hard\libgcc.a(_udivmoddi4.o)
 .debug_line    0x00006d83       0xa3 c:/program files (x86)/microchip/xc32/v2.10/bin/bin/../../lib/gcc/pic32c/6.2.1/v7e-m/fpv5/hard\libgcc.a(_dvmd_tls.o)
 .debug_line    0x00006e26      0x196 c:/program files (x86)/microchip/xc32/v2.10/bin/bin/../../lib/gcc/pic32c/6.2.1/../../../../pic32c/lib/v7e-m/fpv5/hard\libc.a(lib_a-impure.o)
 .debug_line    0x00006fbc      0x120 c:/program files (x86)/microchip/xc32/v2.10/bin/bin/../../lib/gcc/pic32c/6.2.1/../../../../pic32c/lib/v7e-m/fpv5/hard\libc.a(lib_a-init.o)
 .debug_line    0x000070dc      0x354 c:/program files (x86)/microchip/xc32/v2.10/bin/bin/../../lib/gcc/pic32c/6.2.1/../../../../pic32c/lib/v7e-m/fpv5/hard\libc.a(lib_a-locale.o)
 .debug_line    0x00007430      0x23d c:/program files (x86)/microchip/xc32/v2.10/bin/bin/../../lib/gcc/pic32c/6.2.1/../../../../pic32c/lib/v7e-m/fpv5/hard\libc.a(lib_a-malloc.o)
 .debug_line    0x0000766d      0x3de c:/program files (x86)/microchip/xc32/v2.10/bin/bin/../../lib/gcc/pic32c/6.2.1/../../../../pic32c/lib/v7e-m/fpv5/hard\libc.a(lib_a-mallocr.o)
 .debug_line    0x00007a4b      0x301 c:/program files (x86)/microchip/xc32/v2.10/bin/bin/../../lib/gcc/pic32c/6.2.1/../../../../pic32c/lib/v7e-m/fpv5/hard\libc.a(lib_a-mbtowc_r.o)
 .debug_line    0x00007d4c      0x23c c:/program files (x86)/microchip/xc32/v2.10/bin/bin/../../lib/gcc/pic32c/6.2.1/../../../../pic32c/lib/v7e-m/fpv5/hard\libc.a(lib_a-memcmp.o)
 .debug_line    0x00007f88       0xfb c:/program files (x86)/microchip/xc32/v2.10/bin/bin/../../lib/gcc/pic32c/6.2.1/../../../../pic32c/lib/v7e-m/fpv5/hard\libc.a(lib_a-memcpy.o)
 .debug_line    0x00008083      0x2fe c:/program files (x86)/microchip/xc32/v2.10/bin/bin/../../lib/gcc/pic32c/6.2.1/../../../../pic32c/lib/v7e-m/fpv5/hard\libc.a(lib_a-memmove.o)
 .debug_line    0x00008381      0x300 c:/program files (x86)/microchip/xc32/v2.10/bin/bin/../../lib/gcc/pic32c/6.2.1/../../../../pic32c/lib/v7e-m/fpv5/hard\libc.a(lib_a-memset.o)
 .debug_line    0x00008681      0x1a5 c:/program files (x86)/microchip/xc32/v2.10/bin/bin/../../lib/gcc/pic32c/6.2.1/../../../../pic32c/lib/v7e-m/fpv5/hard\libc.a(lib_a-mlock.o)
 .debug_line    0x00008826      0x2ab c:/program files (x86)/microchip/xc32/v2.10/bin/bin/../../lib/gcc/pic32c/6.2.1/../../../../pic32c/lib/v7e-m/fpv5/hard\libc.a(lib_a-reallocr.o)
 .debug_line    0x00008ad1      0x230 c:/program files (x86)/microchip/xc32/v2.10/bin/bin/../../lib/gcc/pic32c/6.2.1/../../../../pic32c/lib/v7e-m/fpv5/hard\libc.a(lib_a-sbrkr.o)
 .debug_line    0x00008d01      0x29d c:/program files (x86)/microchip/xc32/v2.10/bin/bin/../../lib/gcc/pic32c/6.2.1/../../../../pic32c/lib/v7e-m/fpv5/hard\libc.a(lib_a-sprintf.o)
 .debug_line    0x00008f9e      0x174 c:/program files (x86)/microchip/xc32/v2.10/bin/bin/../../lib/gcc/pic32c/6.2.1/../../../../pic32c/lib/v7e-m/fpv5/hard\libc.a(lib_a-strcmp.o)
 .debug_line    0x00009112      0x224 c:/program files (x86)/microchip/xc32/v2.10/bin/bin/../../lib/gcc/pic32c/6.2.1/../../../../pic32c/lib/v7e-m/fpv5/hard\libc.a(lib_a-strcpy.o)
 .debug_line    0x00009336       0xec c:/program files (x86)/microchip/xc32/v2.10/bin/bin/../../lib/gcc/pic32c/6.2.1/../../../../pic32c/lib/v7e-m/fpv5/hard\libc.a(lib_a-strlen.o)
 .debug_line    0x00009422      0x23d c:/program files (x86)/microchip/xc32/v2.10/bin/bin/../../lib/gcc/pic32c/6.2.1/../../../../pic32c/lib/v7e-m/fpv5/hard\libc.a(lib_a-strncpy.o)
 .debug_line    0x0000965f      0xa0e c:/program files (x86)/microchip/xc32/v2.10/bin/bin/../../lib/gcc/pic32c/6.2.1/../../../../pic32c/lib/v7e-m/fpv5/hard\libc.a(lib_a-svfprintf.o)
 .debug_line    0x0000a06d      0x29e c:/program files (x86)/microchip/xc32/v2.10/bin/bin/../../lib/gcc/pic32c/6.2.1/../../../../pic32c/lib/v7e-m/fpv5/hard\libc.a(lib_a-vsnprintf.o)
 .debug_line    0x0000a30b      0x2fc c:/program files (x86)/microchip/xc32/v2.10/bin/bin/../../lib/gcc/pic32c/6.2.1/../../../../pic32c/lib/v7e-m/fpv5/hard\libc.a(lib_a-wctomb_r.o)
 .debug_line    0x0000a607      0x280 c:/program files (x86)/microchip/xc32/v2.10/bin/bin/../../lib/gcc/pic32c/6.2.1/../../../../pic32c/lib/v7e-m/fpv5/hard\libc.a(lib_a-__call_atexit.o)
 .debug_line    0x0000a887      0x22b c:/program files (x86)/microchip/xc32/v2.10/bin/bin/../../lib/gcc/pic32c/6.2.1/../../../../pic32c/lib/v7e-m/fpv5/hard\libc.a(lib_a-atexit.o)
 .debug_line    0x0000aab2      0x23d c:/program files (x86)/microchip/xc32/v2.10/bin/bin/../../lib/gcc/pic32c/6.2.1/../../../../pic32c/lib/v7e-m/fpv5/hard\libc.a(lib_a-ctype_.o)
 .debug_line    0x0000acef      0x72b c:/program files (x86)/microchip/xc32/v2.10/bin/bin/../../lib/gcc/pic32c/6.2.1/../../../../pic32c/lib/v7e-m/fpv5/hard\libc.a(lib_a-dtoa.o)
 .debug_line    0x0000b41a      0x117 c:/program files (x86)/microchip/xc32/v2.10/bin/bin/../../lib/gcc/pic32c/6.2.1/../../../../pic32c/lib/v7e-m/fpv5/hard\libc.a(lib_a-fini.o)
 .debug_line    0x0000b531      0x2ff c:/program files (x86)/microchip/xc32/v2.10/bin/bin/../../lib/gcc/pic32c/6.2.1/../../../../pic32c/lib/v7e-m/fpv5/hard\libc.a(lib_a-freer.o)
 .debug_line    0x0000b830      0x280 c:/program files (x86)/microchip/xc32/v2.10/bin/bin/../../lib/gcc/pic32c/6.2.1/../../../../pic32c/lib/v7e-m/fpv5/hard\libc.a(lib_a-localeconv.o)
 .debug_line    0x0000bab0       0xe1 c:/program files (x86)/microchip/xc32/v2.10/bin/bin/../../lib/gcc/pic32c/6.2.1/../../../../pic32c/lib/v7e-m/fpv5/hard\libc.a(lib_a-memchr.o)
 .debug_line    0x0000bb91      0x75a c:/program files (x86)/microchip/xc32/v2.10/bin/bin/../../lib/gcc/pic32c/6.2.1/../../../../pic32c/lib/v7e-m/fpv5/hard\libc.a(lib_a-mprec.o)
 .debug_line    0x0000c2eb      0x259 c:/program files (x86)/microchip/xc32/v2.10/bin/bin/../../lib/gcc/pic32c/6.2.1/../../../../pic32c/lib/v7e-m/fpv5/hard\libc.a(lib_a-reent.o)
 .debug_line    0x0000c544      0x33d c:/program files (x86)/microchip/xc32/v2.10/bin/bin/../../lib/gcc/pic32c/6.2.1/../../../../pic32c/lib/v7e-m/fpv5/hard\libc.a(lib_a-s_frexp.o)
 .debug_line    0x0000c881      0x772 c:/program files (x86)/microchip/xc32/v2.10/bin/bin/../../lib/gcc/pic32c/6.2.1/../../../../pic32c/lib/v7e-m/fpv5/hard\libc.a(lib_a-svfiprintf.o)
 .debug_line    0x0000cff3      0x25e c:/program files (x86)/microchip/xc32/v2.10/bin/bin/../../lib/gcc/pic32c/6.2.1/../../../../pic32c/lib/v7e-m/fpv5/hard\libc.a(lib_a-__atexit.o)
 .debug_line    0x0000d251      0x1d3 c:/program files (x86)/microchip/xc32/v2.10/bin/bin/../../lib/gcc/pic32c/6.2.1/../../../../pic32c/lib/v7e-m/fpv5/hard\libc.a(lib_a-callocr.o)
 .debug_line    0x0000d424       0xaa c:/program files (x86)/microchip/xc32/v2.10/bin/bin/../../lib/gcc/pic32c/6.2.1/../../../../pic32c/lib/v7e-m/fpv5/hard\libpic32c.a(sbrk.o)

.debug_str      0x00000000     0x1d54
 .debug_str     0x00000000       0x27 build/sam_e70_xplained_ultra/production/_ext/1360937237/main.o
 .debug_str     0x00000027       0xd3 build/sam_e70_xplained_ultra/production/_ext/1171490990/initialization.o
 .debug_str     0x000000fa        0xe build/sam_e70_xplained_ultra/production/_ext/1171490990/interrupts.o
 .debug_str     0x00000108        0xe build/sam_e70_xplained_ultra/production/_ext/1171490990/exceptions.o
 .debug_str     0x00000116        0xa build/sam_e70_xplained_ultra/production/_ext/60165520/plib_clk.o
 .debug_str     0x00000120       0x46 build/sam_e70_xplained_ultra/production/_ext/60177924/plib_pio.o
 .debug_str     0x00000166       0x28 build/sam_e70_xplained_ultra/production/_ext/1865468468/plib_nvic.o
 .debug_str     0x0000018e       0x79 build/sam_e70_xplained_ultra/production/_ext/1171490990/startup.o
 .debug_str     0x00000207       0x10 build/sam_e70_xplained_ultra/production/_ext/1881668453/sys_int.o
 .debug_str     0x00000217      0x393 build/sam_e70_xplained_ultra/production/_ext/1360937237/app.o
 .debug_str     0x000005aa       0x38 build/sam_e70_xplained_ultra/production/_ext/1171490990/tasks.o
 .debug_str     0x000005e2      0x477 build/sam_e70_xplained_ultra/production/_ext/1645245335/crypto.o
 .debug_str     0x00000a59       0x15 build/sam_e70_xplained_ultra/production/_ext/1645245335/des3.o
 .debug_str     0x00000a6e      0x10e build/sam_e70_xplained_ultra/production/_ext/1645245335/hmac.o
 .debug_str     0x00000b7c        0xe build/sam_e70_xplained_ultra/production/_ext/1645245335/md5.o
 .debug_str     0x00000b8a       0x1c build/sam_e70_xplained_ultra/production/_ext/1645245335/sha512.o
 .debug_str     0x00000ba6       0x26 build/sam_e70_xplained_ultra/production/_ext/1645245335/aes_pic32c.o
 .debug_str     0x00000bcc       0x3a build/sam_e70_xplained_ultra/production/_ext/1645245335/sha_pic32c.o
 .debug_str     0x00000c06       0x41 build/sam_e70_xplained_ultra/production/_ext/1645245335/sha256_pic32c.o
 .debug_str     0x00000c47       0x1b build/sam_e70_xplained_ultra/production/_ext/1832805299/sys_console.o
 .debug_str     0x00000c62       0x8f build/sam_e70_xplained_ultra/production/_ext/1832805299/sys_console_uart.o
 .debug_str     0x00000cf1       0x3c build/sam_e70_xplained_ultra/production/_ext/1832805299/sys_debug.o
 .debug_str     0x00000d2d       0xc3 build/sam_e70_xplained_ultra/production/_ext/1832805299/sys_command.o
 .debug_str     0x00000df0       0xc3 build/sam_e70_xplained_ultra/production/_ext/101884895/sys_time.o
 .debug_str     0x00000eb3        0xa build/sam_e70_xplained_ultra/production/_ext/829342655/plib_tc1.o
 .debug_str     0x00000ebd       0x10 build/sam_e70_xplained_ultra/production/_ext/2001315827/plib_usart1.o
 .debug_str     0x00000ecd        0x0 c:/program files (x86)/microchip/xc32/v2.10/bin/bin/../../lib/gcc/pic32c/6.2.1/../../../../pic32c/lib/v7e-m/fpv5/hard\libpic32c.a(data_init.o)
 .debug_str     0x00000ecd        0xe c:/program files (x86)/microchip/xc32/v2.10/bin/bin/../../lib/gcc/pic32c/6.2.1/v7e-m/fpv5/hard\libgcc.a(_udivmoddi4.o)
 .debug_str     0x00000edb        0xe c:/program files (x86)/microchip/xc32/v2.10/bin/bin/../../lib/gcc/pic32c/6.2.1/../../../../pic32c/lib/v7e-m/fpv5/hard\libc.a(lib_a-impure.o)
 .debug_str     0x00000ee9        0x0 c:/program files (x86)/microchip/xc32/v2.10/bin/bin/../../lib/gcc/pic32c/6.2.1/../../../../pic32c/lib/v7e-m/fpv5/hard\libc.a(lib_a-init.o)
 .debug_str     0x00000ee9      0x139 c:/program files (x86)/microchip/xc32/v2.10/bin/bin/../../lib/gcc/pic32c/6.2.1/../../../../pic32c/lib/v7e-m/fpv5/hard\libc.a(lib_a-locale.o)
 .debug_str     0x00001022       0x18 c:/program files (x86)/microchip/xc32/v2.10/bin/bin/../../lib/gcc/pic32c/6.2.1/../../../../pic32c/lib/v7e-m/fpv5/hard\libc.a(lib_a-malloc.o)
 .debug_str     0x0000103a       0x36 c:/program files (x86)/microchip/xc32/v2.10/bin/bin/../../lib/gcc/pic32c/6.2.1/../../../../pic32c/lib/v7e-m/fpv5/hard\libc.a(lib_a-mallocr.o)
 .debug_str     0x00001070      0x119 c:/program files (x86)/microchip/xc32/v2.10/bin/bin/../../lib/gcc/pic32c/6.2.1/../../../../pic32c/lib/v7e-m/fpv5/hard\libc.a(lib_a-mbtowc_r.o)
 .debug_str     0x00001189        0xe c:/program files (x86)/microchip/xc32/v2.10/bin/bin/../../lib/gcc/pic32c/6.2.1/../../../../pic32c/lib/v7e-m/fpv5/hard\libc.a(lib_a-memcmp.o)
 .debug_str     0x00001197      0x119 c:/program files (x86)/microchip/xc32/v2.10/bin/bin/../../lib/gcc/pic32c/6.2.1/../../../../pic32c/lib/v7e-m/fpv5/hard\libc.a(lib_a-memmove.o)